Archive member included because of file (symbol)

/usr/lib/gcc/avr/4.3.4/../../../avr/lib/avr5/libprintf_flt.a(vfprintf_flt.o)
                              (vfprintf)
/usr/lib/gcc/avr/4.3.4/avr5/libgcc.a(_prologue.o)
                              /usr/lib/gcc/avr/4.3.4/../../../avr/lib/avr5/libprintf_flt.a(vfprintf_flt.o) (__prologue_saves__)
/usr/lib/gcc/avr/4.3.4/avr5/libgcc.a(_epilogue.o)
                              /usr/lib/gcc/avr/4.3.4/../../../avr/lib/avr5/libprintf_flt.a(vfprintf_flt.o) (__epilogue_restores__)
/usr/lib/gcc/avr/4.3.4/avr5/libgcc.a(_exit.o)
                              /usr/lib/gcc/avr/4.3.4/../../../avr/lib/avr5/crtm644p.o (exit)
/usr/lib/gcc/avr/4.3.4/avr5/libgcc.a(_copy_data.o)
                              /usr/lib/gcc/avr/4.3.4/../../../avr/lib/avr5/libprintf_flt.a(vfprintf_flt.o) (__do_copy_data)
/usr/lib/gcc/avr/4.3.4/avr5/libgcc.a(_clear_bss.o)
                              /usr/lib/gcc/avr/4.3.4/../../../avr/lib/avr5/libprintf_flt.a(vfprintf_flt.o) (__do_clear_bss)
/usr/lib/gcc/avr/4.3.4/avr5/libgcc.a(_addsub_sf.o)
                              main.o (__subsf3)
/usr/lib/gcc/avr/4.3.4/avr5/libgcc.a(_mul_sf.o)
                              main.o (__mulsf3)
/usr/lib/gcc/avr/4.3.4/avr5/libgcc.a(_gt_sf.o)
                              main.o (__gtsf2)
/usr/lib/gcc/avr/4.3.4/avr5/libgcc.a(_lt_sf.o)
                              main.o (__ltsf2)
/usr/lib/gcc/avr/4.3.4/avr5/libgcc.a(_si_to_sf.o)
                              main.o (__floatsisf)
/usr/lib/gcc/avr/4.3.4/avr5/libgcc.a(_sf_to_si.o)
                              main.o (__fixsfsi)
/usr/lib/gcc/avr/4.3.4/avr5/libgcc.a(_thenan_sf.o)
                              /usr/lib/gcc/avr/4.3.4/avr5/libgcc.a(_addsub_sf.o) (__thenan_sf)
/usr/lib/gcc/avr/4.3.4/avr5/libgcc.a(_usi_to_sf.o)
                              main.o (__floatunsisf)
/usr/lib/gcc/avr/4.3.4/avr5/libgcc.a(_clzsi2.o)
                              /usr/lib/gcc/avr/4.3.4/avr5/libgcc.a(_si_to_sf.o) (__clzsi2)
/usr/lib/gcc/avr/4.3.4/avr5/libgcc.a(_pack_sf.o)
                              /usr/lib/gcc/avr/4.3.4/avr5/libgcc.a(_addsub_sf.o) (__pack_f)
/usr/lib/gcc/avr/4.3.4/avr5/libgcc.a(_unpack_sf.o)
                              /usr/lib/gcc/avr/4.3.4/avr5/libgcc.a(_addsub_sf.o) (__unpack_f)
/usr/lib/gcc/avr/4.3.4/avr5/libgcc.a(_fpcmp_parts_sf.o)
                              /usr/lib/gcc/avr/4.3.4/avr5/libgcc.a(_gt_sf.o) (__fpcmp_parts_f)
/usr/lib/gcc/avr/4.3.4/avr5/libgcc.a(_clz.o)
                              /usr/lib/gcc/avr/4.3.4/avr5/libgcc.a(_clzsi2.o) (__clz_tab)
/usr/lib/gcc/avr/4.3.4/../../../avr/lib/avr5/libc.a(ftoa_engine.o)
                              /usr/lib/gcc/avr/4.3.4/../../../avr/lib/avr5/libprintf_flt.a(vfprintf_flt.o) (__ftoa_engine)
/usr/lib/gcc/avr/4.3.4/../../../avr/lib/avr5/libc.a(strnlen_P.o)
                              /usr/lib/gcc/avr/4.3.4/../../../avr/lib/avr5/libprintf_flt.a(vfprintf_flt.o) (strnlen_P)
/usr/lib/gcc/avr/4.3.4/../../../avr/lib/avr5/libc.a(strnlen.o)
                              /usr/lib/gcc/avr/4.3.4/../../../avr/lib/avr5/libprintf_flt.a(vfprintf_flt.o) (strnlen)
/usr/lib/gcc/avr/4.3.4/../../../avr/lib/avr5/libc.a(itoa.o)
                              main.o (itoa)
/usr/lib/gcc/avr/4.3.4/../../../avr/lib/avr5/libc.a(fputc.o)
                              /usr/lib/gcc/avr/4.3.4/../../../avr/lib/avr5/libprintf_flt.a(vfprintf_flt.o) (fputc)
/usr/lib/gcc/avr/4.3.4/../../../avr/lib/avr5/libc.a(ultoa_invert.o)
                              /usr/lib/gcc/avr/4.3.4/../../../avr/lib/avr5/libprintf_flt.a(vfprintf_flt.o) (__ultoa_invert)
/usr/lib/gcc/avr/4.3.4/../../../avr/lib/avr5/libc.a(strrev.o)
                              /usr/lib/gcc/avr/4.3.4/../../../avr/lib/avr5/libc.a(itoa.o) (strrev)
/usr/lib/gcc/avr/4.3.4/avr5/libgcc.a(_udivmodhi4.o)
                              /usr/lib/gcc/avr/4.3.4/../../../avr/lib/avr5/libc.a(itoa.o) (__udivmodhi4)

Memory Configuration

Name             Origin             Length             Attributes
text             0x00000000         0x00020000         xr
data             0x00800060         0x0000ffa0         rw !x
eeprom           0x00810000         0x00010000         rw !x
fuse             0x00820000         0x00000400         rw !x
lock             0x00830000         0x00000400         rw !x
signature        0x00840000         0x00000400         rw !x
*default*        0x00000000         0xffffffff

Linker script and memory map

Address of section .data set to 0x800100
LOAD /usr/lib/gcc/avr/4.3.4/../../../avr/lib/avr5/crtm644p.o
LOAD /usr/lib/gcc/avr/4.3.4/../../../avr/lib/avr5/libprintf_flt.a
LOAD /usr/lib/gcc/avr/4.3.4/../../../avr/lib/avr5/libm.a
LOAD /usr/lib/gcc/avr/4.3.4/../../../avr/lib/avr5/libm.a
LOAD main.o
LOAD isr.o
LOAD /usr/lib/gcc/avr/4.3.4/avr5/libgcc.a
LOAD /usr/lib/gcc/avr/4.3.4/../../../avr/lib/avr5/libc.a
LOAD /usr/lib/gcc/avr/4.3.4/avr5/libgcc.a

.hash
 *(.hash)

.dynsym
 *(.dynsym)

.dynstr
 *(.dynstr)

.gnu.version
 *(.gnu.version)

.gnu.version_d
 *(.gnu.version_d)

.gnu.version_r
 *(.gnu.version_r)

.rel.init
 *(.rel.init)

.rela.init
 *(.rela.init)

.rel.text
 *(.rel.text)
 *(.rel.text.*)
 *(.rel.gnu.linkonce.t*)

.rela.text
 *(.rela.text)
 *(.rela.text.*)
 *(.rela.gnu.linkonce.t*)

.rel.fini
 *(.rel.fini)

.rela.fini
 *(.rela.fini)

.rel.rodata
 *(.rel.rodata)
 *(.rel.rodata.*)
 *(.rel.gnu.linkonce.r*)

.rela.rodata
 *(.rela.rodata)
 *(.rela.rodata.*)
 *(.rela.gnu.linkonce.r*)

.rel.data
 *(.rel.data)
 *(.rel.data.*)
 *(.rel.gnu.linkonce.d*)

.rela.data
 *(.rela.data)
 *(.rela.data.*)
 *(.rela.gnu.linkonce.d*)

.rel.ctors
 *(.rel.ctors)

.rela.ctors
 *(.rela.ctors)

.rel.dtors
 *(.rel.dtors)

.rela.dtors
 *(.rela.dtors)

.rel.got
 *(.rel.got)

.rela.got
 *(.rela.got)

.rel.bss
 *(.rel.bss)

.rela.bss
 *(.rela.bss)

.rel.plt
 *(.rel.plt)

.rela.plt
 *(.rela.plt)

.text           0x00000000     0x202c
 *(.vectors)
 .vectors       0x00000000       0x7c /usr/lib/gcc/avr/4.3.4/../../../avr/lib/avr5/crtm644p.o
                0x00000000                __vectors
                0x00000000                __vector_default
 *(.vectors)
 *(.progmem.gcc*)
 *(.progmem*)
 .progmem.data  0x0000007c        0x8 /usr/lib/gcc/avr/4.3.4/../../../avr/lib/avr5/libprintf_flt.a(vfprintf_flt.o)
 .progmem.data  0x00000084       0xfa /usr/lib/gcc/avr/4.3.4/../../../avr/lib/avr5/libc.a(ftoa_engine.o)
                0x0000017e                . = ALIGN (0x2)
                0x0000017e                __trampolines_start = .
 *(.trampolines)
 .trampolines   0x0000017e        0x0 linker stubs
 *(.trampolines*)
                0x0000017e                __trampolines_end = .
 *(.jumptables)
 *(.jumptables*)
 *(.lowtext)
 *(.lowtext*)
                0x0000017e                __ctors_start = .
 *(.ctors)
                0x0000017e                __ctors_end = .
                0x0000017e                __dtors_start = .
 *(.dtors)
                0x0000017e                __dtors_end = .
 SORT(*)(.ctors)
 SORT(*)(.dtors)
 *(.init0)
 .init0         0x0000017e        0x0 /usr/lib/gcc/avr/4.3.4/../../../avr/lib/avr5/crtm644p.o
                0x0000017e                __init
 *(.init0)
 *(.init1)
 *(.init1)
 *(.init2)
 .init2         0x0000017e        0xc /usr/lib/gcc/avr/4.3.4/../../../avr/lib/avr5/crtm644p.o
 *(.init2)
 *(.init3)
 *(.init3)
 *(.init4)
 .init4         0x0000018a       0x16 /usr/lib/gcc/avr/4.3.4/avr5/libgcc.a(_copy_data.o)
                0x0000018a                __do_copy_data
 .init4         0x000001a0       0x10 /usr/lib/gcc/avr/4.3.4/avr5/libgcc.a(_clear_bss.o)
                0x000001a0                __do_clear_bss
 *(.init4)
 *(.init5)
 *(.init5)
 *(.init6)
 *(.init6)
 *(.init7)
 *(.init7)
 *(.init8)
 *(.init8)
 *(.init9)
 .init9         0x000001b0        0x8 /usr/lib/gcc/avr/4.3.4/../../../avr/lib/avr5/crtm644p.o
 *(.init9)
 *(.text)
 .text          0x000001b8        0x4 /usr/lib/gcc/avr/4.3.4/../../../avr/lib/avr5/crtm644p.o
                0x000001b8                __vector_22
                0x000001b8                __vector_28
                0x000001b8                __vector_1
                0x000001b8                __vector_24
                0x000001b8                __vector_12
                0x000001b8                __bad_interrupt
                0x000001b8                __vector_6
                0x000001b8                __vector_3
                0x000001b8                __vector_23
                0x000001b8                __vector_30
                0x000001b8                __vector_25
                0x000001b8                __vector_11
                0x000001b8                __vector_13
                0x000001b8                __vector_17
                0x000001b8                __vector_19
                0x000001b8                __vector_7
                0x000001b8                __vector_27
                0x000001b8                __vector_5
                0x000001b8                __vector_4
                0x000001b8                __vector_9
                0x000001b8                __vector_2
                0x000001b8                __vector_21
                0x000001b8                __vector_15
                0x000001b8                __vector_29
                0x000001b8                __vector_8
                0x000001b8                __vector_26
                0x000001b8                __vector_14
                0x000001b8                __vector_10
                0x000001b8                __vector_16
                0x000001b8                __vector_18
 .text          0x000001bc        0x0 /usr/lib/gcc/avr/4.3.4/../../../avr/lib/avr5/libprintf_flt.a(vfprintf_flt.o)
 .text          0x000001bc      0x468 main.o
                0x000001bc                uartinit
                0x000001dc                PWM_duty_cycle_A_set
                0x000001e0                PWM_duty_cycle_B_set
                0x000001e4                PWM_duty_cycle_A16_set
                0x000001ee                pwm8Init
                0x00000222                pwm16Init
                0x00000278                sendtekst
                0x00000296                convertanalog
                0x000002cc                main
 .text          0x00000624      0x2c2 isr.o
                0x00000624                __vector_20
 .text          0x000008e6        0x0 /usr/lib/gcc/avr/4.3.4/avr5/libgcc.a(_prologue.o)
 .text          0x000008e6        0x0 /usr/lib/gcc/avr/4.3.4/avr5/libgcc.a(_epilogue.o)
 .text          0x000008e6        0x0 /usr/lib/gcc/avr/4.3.4/avr5/libgcc.a(_exit.o)
 .text          0x000008e6        0x0 /usr/lib/gcc/avr/4.3.4/avr5/libgcc.a(_copy_data.o)
 .text          0x000008e6        0x0 /usr/lib/gcc/avr/4.3.4/avr5/libgcc.a(_clear_bss.o)
 .text          0x000008e6      0x354 /usr/lib/gcc/avr/4.3.4/avr5/libgcc.a(_addsub_sf.o)
                0x00000b7e                __subsf3
                0x00000be0                __addsf3
 .text          0x00000c3a      0x1f4 /usr/lib/gcc/avr/4.3.4/avr5/libgcc.a(_mul_sf.o)
                0x00000c3a                __mulsf3
 .text          0x00000e2e       0x60 /usr/lib/gcc/avr/4.3.4/avr5/libgcc.a(_gt_sf.o)
                0x00000e2e                __gtsf2
 .text          0x00000e8e       0x60 /usr/lib/gcc/avr/4.3.4/avr5/libgcc.a(_lt_sf.o)
                0x00000e8e                __ltsf2
 .text          0x00000eee       0xbc /usr/lib/gcc/avr/4.3.4/avr5/libgcc.a(_si_to_sf.o)
                0x00000eee                __floatsisf
 .text          0x00000faa       0xa8 /usr/lib/gcc/avr/4.3.4/avr5/libgcc.a(_sf_to_si.o)
                0x00000faa                __fixsfsi
 .text          0x00001052        0x0 /usr/lib/gcc/avr/4.3.4/avr5/libgcc.a(_thenan_sf.o)
 .text          0x00001052       0xf2 /usr/lib/gcc/avr/4.3.4/avr5/libgcc.a(_usi_to_sf.o)
                0x00001052                __floatunsisf
 .text          0x00001144       0x9e /usr/lib/gcc/avr/4.3.4/avr5/libgcc.a(_clzsi2.o)
                0x00001144                __clzsi2
 .text          0x000011e2      0x1aa /usr/lib/gcc/avr/4.3.4/avr5/libgcc.a(_pack_sf.o)
                0x000011e2                __pack_f
 .text          0x0000138c       0xf0 /usr/lib/gcc/avr/4.3.4/avr5/libgcc.a(_unpack_sf.o)
                0x0000138c                __unpack_f
 .text          0x0000147c       0xb2 /usr/lib/gcc/avr/4.3.4/avr5/libgcc.a(_fpcmp_parts_sf.o)
                0x0000147c                __fpcmp_parts_f
 .text          0x0000152e        0x0 /usr/lib/gcc/avr/4.3.4/avr5/libgcc.a(_clz.o)
 .text          0x0000152e        0x0 /usr/lib/gcc/avr/4.3.4/../../../avr/lib/avr5/libc.a(ftoa_engine.o)
 .text          0x0000152e        0x0 /usr/lib/gcc/avr/4.3.4/../../../avr/lib/avr5/libc.a(strnlen_P.o)
 .text          0x0000152e        0x0 /usr/lib/gcc/avr/4.3.4/../../../avr/lib/avr5/libc.a(strnlen.o)
 .text          0x0000152e        0x0 /usr/lib/gcc/avr/4.3.4/../../../avr/lib/avr5/libc.a(itoa.o)
 .text          0x0000152e        0x0 /usr/lib/gcc/avr/4.3.4/../../../avr/lib/avr5/libc.a(fputc.o)
 .text          0x0000152e        0x0 /usr/lib/gcc/avr/4.3.4/../../../avr/lib/avr5/libc.a(ultoa_invert.o)
 .text          0x0000152e        0x0 /usr/lib/gcc/avr/4.3.4/../../../avr/lib/avr5/libc.a(strrev.o)
 .text          0x0000152e        0x0 /usr/lib/gcc/avr/4.3.4/avr5/libgcc.a(_udivmodhi4.o)
                0x0000152e                . = ALIGN (0x2)
 *(.text.*)
 .text.avr-libc
                0x0000152e      0x712 /usr/lib/gcc/avr/4.3.4/../../../avr/lib/avr5/libprintf_flt.a(vfprintf_flt.o)
                0x0000152e                vfprintf
 .text.libgcc   0x00001c40       0x38 /usr/lib/gcc/avr/4.3.4/avr5/libgcc.a(_prologue.o)
                0x00001c40                __prologue_saves__
 .text.libgcc   0x00001c78       0x36 /usr/lib/gcc/avr/4.3.4/avr5/libgcc.a(_epilogue.o)
                0x00001c78                __epilogue_restores__
 .text.libgcc   0x00001cae        0x0 /usr/lib/gcc/avr/4.3.4/avr5/libgcc.a(_exit.o)
 .text.libgcc   0x00001cae        0x0 /usr/lib/gcc/avr/4.3.4/avr5/libgcc.a(_copy_data.o)
 .text.libgcc   0x00001cae        0x0 /usr/lib/gcc/avr/4.3.4/avr5/libgcc.a(_clear_bss.o)
 .text.avr-libc
                0x00001cae      0x1b0 /usr/lib/gcc/avr/4.3.4/../../../avr/lib/avr5/libc.a(ftoa_engine.o)
                0x00001cae                __ftoa_engine
 .text.avr-libc
                0x00001e5e       0x16 /usr/lib/gcc/avr/4.3.4/../../../avr/lib/avr5/libc.a(strnlen_P.o)
                0x00001e5e                strnlen_P
 .text.avr-libc
                0x00001e74       0x16 /usr/lib/gcc/avr/4.3.4/../../../avr/lib/avr5/libc.a(strnlen.o)
                0x00001e74                strnlen
 .text.avr-libc
                0x00001e8a       0x42 /usr/lib/gcc/avr/4.3.4/../../../avr/lib/avr5/libc.a(itoa.o)
                0x00001e8a                itoa
 .text.avr-libc
                0x00001ecc       0x58 /usr/lib/gcc/avr/4.3.4/../../../avr/lib/avr5/libc.a(fputc.o)
                0x00001ecc                fputc
 .text.avr-libc
                0x00001f24       0xbc /usr/lib/gcc/avr/4.3.4/../../../avr/lib/avr5/libc.a(ultoa_invert.o)
                0x00001f24                __ultoa_invert
 .text.avr-libc
                0x00001fe0       0x20 /usr/lib/gcc/avr/4.3.4/../../../avr/lib/avr5/libc.a(strrev.o)
                0x00001fe0                strrev
 .text.libgcc   0x00002000       0x28 /usr/lib/gcc/avr/4.3.4/avr5/libgcc.a(_udivmodhi4.o)
                0x00002000                __udivmodhi4
                0x00002028                . = ALIGN (0x2)
 *(.fini9)
 .fini9         0x00002028        0x0 /usr/lib/gcc/avr/4.3.4/avr5/libgcc.a(_exit.o)
                0x00002028                exit
                0x00002028                _exit
 *(.fini9)
 *(.fini8)
 *(.fini8)
 *(.fini7)
 *(.fini7)
 *(.fini6)
 *(.fini6)
 *(.fini5)
 *(.fini5)
 *(.fini4)
 *(.fini4)
 *(.fini3)
 *(.fini3)
 *(.fini2)
 *(.fini2)
 *(.fini1)
 *(.fini1)
 *(.fini0)
 .fini0         0x00002028        0x4 /usr/lib/gcc/avr/4.3.4/avr5/libgcc.a(_exit.o)
 *(.fini0)
                0x0000202c                _etext = .

.data           0x00800100      0x114 load address 0x0000202c
                0x00800100                PROVIDE (__data_start, .)
 *(.data)
 .data          0x00800100        0x0 /usr/lib/gcc/avr/4.3.4/../../../avr/lib/avr5/crtm644p.o
 .data          0x00800100        0x0 /usr/lib/gcc/avr/4.3.4/../../../avr/lib/avr5/libprintf_flt.a(vfprintf_flt.o)
 .data          0x00800100        0x7 main.o
                0x00800105                ref
 .data          0x00800107        0x5 isr.o
 .data          0x0080010c        0x0 /usr/lib/gcc/avr/4.3.4/avr5/libgcc.a(_prologue.o)
 .data          0x0080010c        0x0 /usr/lib/gcc/avr/4.3.4/avr5/libgcc.a(_epilogue.o)
 .data          0x0080010c        0x0 /usr/lib/gcc/avr/4.3.4/avr5/libgcc.a(_exit.o)
 .data          0x0080010c        0x0 /usr/lib/gcc/avr/4.3.4/avr5/libgcc.a(_copy_data.o)
 .data          0x0080010c        0x0 /usr/lib/gcc/avr/4.3.4/avr5/libgcc.a(_clear_bss.o)
 .data          0x0080010c        0x0 /usr/lib/gcc/avr/4.3.4/avr5/libgcc.a(_addsub_sf.o)
 .data          0x0080010c        0x0 /usr/lib/gcc/avr/4.3.4/avr5/libgcc.a(_mul_sf.o)
 .data          0x0080010c        0x0 /usr/lib/gcc/avr/4.3.4/avr5/libgcc.a(_gt_sf.o)
 .data          0x0080010c        0x0 /usr/lib/gcc/avr/4.3.4/avr5/libgcc.a(_lt_sf.o)
 .data          0x0080010c        0x0 /usr/lib/gcc/avr/4.3.4/avr5/libgcc.a(_si_to_sf.o)
 .data          0x0080010c        0x0 /usr/lib/gcc/avr/4.3.4/avr5/libgcc.a(_sf_to_si.o)
 .data          0x0080010c        0x8 /usr/lib/gcc/avr/4.3.4/avr5/libgcc.a(_thenan_sf.o)
                0x0080010c                __thenan_sf
 .data          0x00800114        0x0 /usr/lib/gcc/avr/4.3.4/avr5/libgcc.a(_usi_to_sf.o)
 .data          0x00800114        0x0 /usr/lib/gcc/avr/4.3.4/avr5/libgcc.a(_clzsi2.o)
 .data          0x00800114        0x0 /usr/lib/gcc/avr/4.3.4/avr5/libgcc.a(_pack_sf.o)
 .data          0x00800114        0x0 /usr/lib/gcc/avr/4.3.4/avr5/libgcc.a(_unpack_sf.o)
 .data          0x00800114        0x0 /usr/lib/gcc/avr/4.3.4/avr5/libgcc.a(_fpcmp_parts_sf.o)
 .data          0x00800114      0x100 /usr/lib/gcc/avr/4.3.4/avr5/libgcc.a(_clz.o)
                0x00800114                __clz_tab
 .data          0x00800214        0x0 /usr/lib/gcc/avr/4.3.4/../../../avr/lib/avr5/libc.a(ftoa_engine.o)
 .data          0x00800214        0x0 /usr/lib/gcc/avr/4.3.4/../../../avr/lib/avr5/libc.a(strnlen_P.o)
 .data          0x00800214        0x0 /usr/lib/gcc/avr/4.3.4/../../../avr/lib/avr5/libc.a(strnlen.o)
 .data          0x00800214        0x0 /usr/lib/gcc/avr/4.3.4/../../../avr/lib/avr5/libc.a(itoa.o)
 .data          0x00800214        0x0 /usr/lib/gcc/avr/4.3.4/../../../avr/lib/avr5/libc.a(fputc.o)
 .data          0x00800214        0x0 /usr/lib/gcc/avr/4.3.4/../../../avr/lib/avr5/libc.a(ultoa_invert.o)
 .data          0x00800214        0x0 /usr/lib/gcc/avr/4.3.4/../../../avr/lib/avr5/libc.a(strrev.o)
 .data          0x00800214        0x0 /usr/lib/gcc/avr/4.3.4/avr5/libgcc.a(_udivmodhi4.o)
 *(.data*)
 *(.rodata)
 *(.rodata*)
 *(.gnu.linkonce.d*)
                0x00800214                . = ALIGN (0x2)
                0x00800214                _edata = .
                0x00800214                PROVIDE (__data_end, .)

.bss            0x00800214        0xa
                0x00800214                PROVIDE (__bss_start, .)
 *(.bss)
 .bss           0x00800214        0x0 /usr/lib/gcc/avr/4.3.4/../../../avr/lib/avr5/crtm644p.o
 .bss           0x00800214        0x0 /usr/lib/gcc/avr/4.3.4/../../../avr/lib/avr5/libprintf_flt.a(vfprintf_flt.o)
 .bss           0x00800214        0x6 main.o
                0x00800214                p
                0x00800216                i
 .bss           0x0080021a        0x4 isr.o
                0x0080021a                count
                0x0080021b                retning
                0x0080021c                speed
 .bss           0x0080021e        0x0 /usr/lib/gcc/avr/4.3.4/avr5/libgcc.a(_prologue.o)
 .bss           0x0080021e        0x0 /usr/lib/gcc/avr/4.3.4/avr5/libgcc.a(_epilogue.o)
 .bss           0x0080021e        0x0 /usr/lib/gcc/avr/4.3.4/avr5/libgcc.a(_exit.o)
 .bss           0x0080021e        0x0 /usr/lib/gcc/avr/4.3.4/avr5/libgcc.a(_copy_data.o)
 .bss           0x0080021e        0x0 /usr/lib/gcc/avr/4.3.4/avr5/libgcc.a(_clear_bss.o)
 .bss           0x0080021e        0x0 /usr/lib/gcc/avr/4.3.4/avr5/libgcc.a(_addsub_sf.o)
 .bss           0x0080021e        0x0 /usr/lib/gcc/avr/4.3.4/avr5/libgcc.a(_mul_sf.o)
 .bss           0x0080021e        0x0 /usr/lib/gcc/avr/4.3.4/avr5/libgcc.a(_gt_sf.o)
 .bss           0x0080021e        0x0 /usr/lib/gcc/avr/4.3.4/avr5/libgcc.a(_lt_sf.o)
 .bss           0x0080021e        0x0 /usr/lib/gcc/avr/4.3.4/avr5/libgcc.a(_si_to_sf.o)
 .bss           0x0080021e        0x0 /usr/lib/gcc/avr/4.3.4/avr5/libgcc.a(_sf_to_si.o)
 .bss           0x0080021e        0x0 /usr/lib/gcc/avr/4.3.4/avr5/libgcc.a(_thenan_sf.o)
 .bss           0x0080021e        0x0 /usr/lib/gcc/avr/4.3.4/avr5/libgcc.a(_usi_to_sf.o)
 .bss           0x0080021e        0x0 /usr/lib/gcc/avr/4.3.4/avr5/libgcc.a(_clzsi2.o)
 .bss           0x0080021e        0x0 /usr/lib/gcc/avr/4.3.4/avr5/libgcc.a(_pack_sf.o)
 .bss           0x0080021e        0x0 /usr/lib/gcc/avr/4.3.4/avr5/libgcc.a(_unpack_sf.o)
 .bss           0x0080021e        0x0 /usr/lib/gcc/avr/4.3.4/avr5/libgcc.a(_fpcmp_parts_sf.o)
 .bss           0x0080021e        0x0 /usr/lib/gcc/avr/4.3.4/avr5/libgcc.a(_clz.o)
 .bss           0x0080021e        0x0 /usr/lib/gcc/avr/4.3.4/../../../avr/lib/avr5/libc.a(ftoa_engine.o)
 .bss           0x0080021e        0x0 /usr/lib/gcc/avr/4.3.4/../../../avr/lib/avr5/libc.a(strnlen_P.o)
 .bss           0x0080021e        0x0 /usr/lib/gcc/avr/4.3.4/../../../avr/lib/avr5/libc.a(strnlen.o)
 .bss           0x0080021e        0x0 /usr/lib/gcc/avr/4.3.4/../../../avr/lib/avr5/libc.a(itoa.o)
 .bss           0x0080021e        0x0 /usr/lib/gcc/avr/4.3.4/../../../avr/lib/avr5/libc.a(fputc.o)
 .bss           0x0080021e        0x0 /usr/lib/gcc/avr/4.3.4/../../../avr/lib/avr5/libc.a(ultoa_invert.o)
 .bss           0x0080021e        0x0 /usr/lib/gcc/avr/4.3.4/../../../avr/lib/avr5/libc.a(strrev.o)
 .bss           0x0080021e        0x0 /usr/lib/gcc/avr/4.3.4/avr5/libgcc.a(_udivmodhi4.o)
 *(.bss*)
 *(COMMON)
                0x0080021e                PROVIDE (__bss_end, .)
                0x0000202c                __data_load_start = LOADADDR (.data)
                0x00002140                __data_load_end = (__data_load_start + SIZEOF (.data))

.noinit         0x0080021e        0x0
                0x0080021e                PROVIDE (__noinit_start, .)
 *(.noinit*)
                0x0080021e                PROVIDE (__noinit_end, .)
                0x0080021e                _end = .
                0x0080021e                PROVIDE (__heap_start, .)

.eeprom         0x00810000        0x0
 *(.eeprom*)
                0x00810000                __eeprom_end = .

.fuse
 *(.fuse)
 *(.lfuse)
 *(.hfuse)
 *(.efuse)

.lock
 *(.lock*)

.signature
 *(.signature*)

.stab           0x00000000     0x3b64
 *(.stab)
 .stab          0x00000000      0x6b4 /usr/lib/gcc/avr/4.3.4/../../../avr/lib/avr5/crtm644p.o
 .stab          0x000006b4     0x1038 /usr/lib/gcc/avr/4.3.4/../../../avr/lib/avr5/libprintf_flt.a(vfprintf_flt.o)
                               0x1044 (size before relaxing)
 .stab          0x000016ec      0xb7c main.o
                                0xb88 (size before relaxing)
 .stab          0x00002268      0x4b0 isr.o
                                0x6c0 (size before relaxing)
 .stab          0x00002718      0xa38 /usr/lib/gcc/avr/4.3.4/../../../avr/lib/avr5/libc.a(ftoa_engine.o)
                                0xa44 (size before relaxing)
 .stab          0x00003150       0x9c /usr/lib/gcc/avr/4.3.4/../../../avr/lib/avr5/libc.a(strnlen_P.o)
                                 0xa8 (size before relaxing)
 .stab          0x000031ec       0x9c /usr/lib/gcc/avr/4.3.4/../../../avr/lib/avr5/libc.a(strnlen.o)
                                 0xa8 (size before relaxing)
 .stab          0x00003288      0x1b0 /usr/lib/gcc/avr/4.3.4/../../../avr/lib/avr5/libc.a(itoa.o)
                                0x1bc (size before relaxing)
 .stab          0x00003438      0x1d4 /usr/lib/gcc/avr/4.3.4/../../../avr/lib/avr5/libc.a(fputc.o)
                                0x3b4 (size before relaxing)
 .stab          0x0000360c      0x480 /usr/lib/gcc/avr/4.3.4/../../../avr/lib/avr5/libc.a(ultoa_invert.o)
                                0x48c (size before relaxing)
 .stab          0x00003a8c       0xd8 /usr/lib/gcc/avr/4.3.4/../../../avr/lib/avr5/libc.a(strrev.o)
                                 0xe4 (size before relaxing)

.stabstr        0x00000000     0x1505
 *(.stabstr)
 .stabstr       0x00000000     0x1505 /usr/lib/gcc/avr/4.3.4/../../../avr/lib/avr5/crtm644p.o

.stab.excl
 *(.stab.excl)

.stab.exclstr
 *(.stab.exclstr)

.stab.index
 *(.stab.index)

.stab.indexstr
 *(.stab.indexstr)

.comment
 *(.comment)

.debug
 *(.debug)

.line
 *(.line)

.debug_srcinfo
 *(.debug_srcinfo)

.debug_sfnames
 *(.debug_sfnames)

.debug_aranges
 *(.debug_aranges)

.debug_pubnames
 *(.debug_pubnames)

.debug_info
 *(.debug_info)
 *(.gnu.linkonce.wi.*)

.debug_abbrev
 *(.debug_abbrev)

.debug_line
 *(.debug_line)

.debug_frame
 *(.debug_frame)

.debug_str
 *(.debug_str)

.debug_loc
 *(.debug_loc)

.debug_macinfo
 *(.debug_macinfo)
OUTPUT(hydrtest.out elf32-avr)
LOAD linker stubs
