Archive member included because of file (symbol)

/usr/lib/gcc/avr/4.3.5/avr51/libgcc.a(_mulsi3.o)
                              sdcard_fs_driver/ff.o (__mulsi3)
/usr/lib/gcc/avr/4.3.5/avr51/libgcc.a(_udivmodqi4.o)
                              sdcard_fs_driver/rtc.o (__udivmodqi4)
/usr/lib/gcc/avr/4.3.5/avr51/libgcc.a(_udivmodhi4.o)
                              sdcard_fs_driver/rtc.o (__udivmodhi4)
/usr/lib/gcc/avr/4.3.5/avr51/libgcc.a(_divmodhi4.o)
                              isr.o (__divmodhi4)
/usr/lib/gcc/avr/4.3.5/avr51/libgcc.a(_udivmodsi4.o)
                              sdcard_fs_driver/ff.o (__udivmodsi4)
/usr/lib/gcc/avr/4.3.5/avr51/libgcc.a(_prologue.o)
                              main.o (__prologue_saves__)
/usr/lib/gcc/avr/4.3.5/avr51/libgcc.a(_epilogue.o)
                              main.o (__epilogue_restores__)
/usr/lib/gcc/avr/4.3.5/avr51/libgcc.a(_exit.o)
                              /usr/lib/gcc/avr/4.3.5/../../../avr/lib/avr51/crtcan128.o (exit)
/usr/lib/gcc/avr/4.3.5/avr51/libgcc.a(_tablejump.o)
                              sdcard_fs_driver/mmc.o (__tablejump2__)
/usr/lib/gcc/avr/4.3.5/avr51/libgcc.a(_clear_bss.o)
                              main.o (__do_clear_bss)
/usr/lib/gcc/avr/4.3.5/avr51/libgcc.a(_addsub_sf.o)
                              uart.o (__subsf3)
/usr/lib/gcc/avr/4.3.5/avr51/libgcc.a(_mul_sf.o)
                              uart.o (__mulsf3)
/usr/lib/gcc/avr/4.3.5/avr51/libgcc.a(_div_sf.o)
                              uart.o (__divsf3)
/usr/lib/gcc/avr/4.3.5/avr51/libgcc.a(_sf_to_si.o)
                              uart.o (__fixsfsi)
/usr/lib/gcc/avr/4.3.5/avr51/libgcc.a(_thenan_sf.o)
                              /usr/lib/gcc/avr/4.3.5/avr51/libgcc.a(_addsub_sf.o) (__thenan_sf)
/usr/lib/gcc/avr/4.3.5/avr51/libgcc.a(_pack_sf.o)
                              /usr/lib/gcc/avr/4.3.5/avr51/libgcc.a(_addsub_sf.o) (__pack_f)
/usr/lib/gcc/avr/4.3.5/avr51/libgcc.a(_unpack_sf.o)
                              /usr/lib/gcc/avr/4.3.5/avr51/libgcc.a(_addsub_sf.o) (__unpack_f)
/usr/lib/gcc/avr/4.3.5/../../../avr/lib/avr51/libc.a(atoi.o)
                              log.o (atoi)
/usr/lib/gcc/avr/4.3.5/../../../avr/lib/avr51/libc.a(itoa.o)
                              main.o (itoa)
/usr/lib/gcc/avr/4.3.5/../../../avr/lib/avr51/libc.a(mul10.o)
                              /usr/lib/gcc/avr/4.3.5/../../../avr/lib/avr51/libc.a(atoi.o) (__mulhi_const_10)
/usr/lib/gcc/avr/4.3.5/../../../avr/lib/avr51/libc.a(strrev.o)
                              /usr/lib/gcc/avr/4.3.5/../../../avr/lib/avr51/libc.a(itoa.o) (strrev)

Allocating common symbols
Common symbol       size              file

Fatfs               0x232             main.o
tx_remote_buffer    0x8               can_func.o
Finfo               0x16              main.o
response_buffer     0x10              can_func.o
acc_dirs            0x2               main.o
acc_files           0x2               main.o
my_q                0x44              main.o
Timer               0x2               main.o
Buff                0x400             main.o
tx_remote_msg       0xd               can_func.o
acc_size            0x4               main.o
databuffer          0x10              can_func.o
response_msg        0x1a              can_func.o

Memory Configuration

Name             Origin             Length             Attributes
text             0x00000000         0x00020000         xr
data             0x00800060         0x0000ffa0         rw !x
eeprom           0x00810000         0x00010000         rw !x
fuse             0x00820000         0x00000400         rw !x
lock             0x00830000         0x00000400         rw !x
signature        0x00840000         0x00000400         rw !x
*default*        0x00000000         0xffffffff

Linker script and memory map

Address of section .data set to 0x800100
LOAD /usr/lib/gcc/avr/4.3.5/../../../avr/lib/avr51/crtcan128.o
LOAD main.o
LOAD uart.o
LOAD sdcard_fs_driver/ff.o
LOAD sdcard_fs_driver/mmc.o
LOAD sdcard_fs_driver/rtc.o
LOAD can_std/can_drv.o
LOAD can_std/can_lib.o
LOAD can_func.o
LOAD isr.o
LOAD error.o
LOAD comm.o
LOAD twi/twi.o
LOAD log.o
LOAD ecu.o
LOAD xitoa.o
LOAD /usr/lib/gcc/avr/4.3.5/avr51/libgcc.a
LOAD /usr/lib/gcc/avr/4.3.5/../../../avr/lib/avr51/libc.a
LOAD /usr/lib/gcc/avr/4.3.5/avr51/libgcc.a

.hash
 *(.hash)

.dynsym
 *(.dynsym)

.dynstr
 *(.dynstr)

.gnu.version
 *(.gnu.version)

.gnu.version_d
 *(.gnu.version_d)

.gnu.version_r
 *(.gnu.version_r)

.rel.init
 *(.rel.init)

.rela.init
 *(.rela.init)

.rel.text
 *(.rel.text)
 *(.rel.text.*)
 *(.rel.gnu.linkonce.t*)

.rela.text
 *(.rela.text)
 *(.rela.text.*)
 *(.rela.gnu.linkonce.t*)

.rel.fini
 *(.rel.fini)

.rela.fini
 *(.rela.fini)

.rel.rodata
 *(.rel.rodata)
 *(.rel.rodata.*)
 *(.rel.gnu.linkonce.r*)

.rela.rodata
 *(.rela.rodata)
 *(.rela.rodata.*)
 *(.rela.gnu.linkonce.r*)

.rel.data
 *(.rel.data)
 *(.rel.data.*)
 *(.rel.gnu.linkonce.d*)

.rela.data
 *(.rela.data)
 *(.rela.data.*)
 *(.rela.gnu.linkonce.d*)

.rel.ctors
 *(.rel.ctors)

.rela.ctors
 *(.rela.ctors)

.rel.dtors
 *(.rel.dtors)

.rela.dtors
 *(.rela.dtors)

.rel.got
 *(.rel.got)

.rela.got
 *(.rela.got)

.rel.bss
 *(.rel.bss)

.rela.bss
 *(.rela.bss)

.rel.plt
 *(.rel.plt)

.rela.plt
 *(.rela.plt)

.text           0x00000000     0x5e78
 *(.vectors)
 .vectors       0x00000000       0x94 /usr/lib/gcc/avr/4.3.5/../../../avr/lib/avr51/crtcan128.o
                0x00000000                __vectors
                0x00000000                __vector_default
 *(.vectors)
 *(.progmem.gcc*)
 .progmem.gcc_sw_table
                0x00000094       0x1e sdcard_fs_driver/mmc.o
 .progmem.gcc_sw_table
                0x000000b2       0x16 can_std/can_lib.o
 *(.progmem*)
 .progmem.data  0x000000c8       0xe5 main.o
                0x000001ae                . = ALIGN (0x2)
 *fill*         0x000001ad        0x1 00
                0x000001ae                __trampolines_start = .
 *(.trampolines)
 .trampolines   0x000001ae        0x0 linker stubs
 *(.trampolines*)
                0x000001ae                __trampolines_end = .
 *(.jumptables)
 *(.jumptables*)
 *(.lowtext)
 *(.lowtext*)
                0x000001ae                __ctors_start = .
 *(.ctors)
                0x000001ae                __ctors_end = .
                0x000001ae                __dtors_start = .
 *(.dtors)
                0x000001ae                __dtors_end = .
 SORT(*)(.ctors)
 SORT(*)(.dtors)
 *(.init0)
 .init0         0x000001ae        0x0 /usr/lib/gcc/avr/4.3.5/../../../avr/lib/avr51/crtcan128.o
                0x000001ae                __init
 *(.init0)
 *(.init1)
 *(.init1)
 *(.init2)
 .init2         0x000001ae        0xc /usr/lib/gcc/avr/4.3.5/../../../avr/lib/avr51/crtcan128.o
 *(.init2)
 *(.init3)
 *(.init3)
 *(.init4)
 .init4         0x000001ba       0x1a /usr/lib/gcc/avr/4.3.5/../../../avr/lib/avr51/crtcan128.o
                0x000001ba                __do_copy_data
 .init4         0x000001d4       0x10 /usr/lib/gcc/avr/4.3.5/avr51/libgcc.a(_clear_bss.o)
                0x000001d4                __do_clear_bss
 *(.init4)
 *(.init5)
 *(.init5)
 *(.init6)
 *(.init6)
 *(.init7)
 *(.init7)
 *(.init8)
 *(.init8)
 *(.init9)
 .init9         0x000001e4        0x8 /usr/lib/gcc/avr/4.3.5/../../../avr/lib/avr51/crtcan128.o
 *(.init9)
 *(.text)
 .text          0x000001ec        0x4 /usr/lib/gcc/avr/4.3.5/../../../avr/lib/avr51/crtcan128.o
                0x000001ec                __vector_22
                0x000001ec                __vector_28
                0x000001ec                __vector_1
                0x000001ec                __vector_32
                0x000001ec                __vector_34
                0x000001ec                __vector_24
                0x000001ec                __vector_12
                0x000001ec                __bad_interrupt
                0x000001ec                __vector_6
                0x000001ec                __vector_31
                0x000001ec                __vector_35
                0x000001ec                __vector_3
                0x000001ec                __vector_23
                0x000001ec                __vector_30
                0x000001ec                __vector_25
                0x000001ec                __vector_11
                0x000001ec                __vector_13
                0x000001ec                __vector_17
                0x000001ec                __vector_19
                0x000001ec                __vector_7
                0x000001ec                __vector_27
                0x000001ec                __vector_5
                0x000001ec                __vector_4
                0x000001ec                __vector_2
                0x000001ec                __vector_15
                0x000001ec                __vector_36
                0x000001ec                __vector_29
                0x000001ec                __vector_8
                0x000001ec                __vector_26
                0x000001ec                __vector_14
                0x000001ec                __vector_10
                0x000001ec                __vector_18
                0x000001ec                __vector_20
 .text          0x000001f0      0x55e main.o
                0x000001f0                can
                0x0000030c                get_fattime
                0x000003c8                main
                0x000006ec                __vector_9
 .text          0x0000074e      0x1c0 uart.o
                0x0000074e                USART0_Transmit
                0x0000075e                USART1_Transmit
                0x0000076e                USART_set_baud_rate
                0x0000085c                uart_init
                0x00000888                uart_get
                0x00000896                uart_put_test
                0x000008ba                uart_put
                0x000008ca                uart_puts
                0x000008e4                uart1_put
                0x000008f4                uart1_puts
 .text          0x0000090e     0x25d2 sdcard_fs_driver/ff.o
                0x0000090e                clust2sect
                0x00000984                f_mount
                0x000009b4                f_chdrive
                0x00000ad2                put_fat
                0x00000c66                get_fat
                0x00001156                f_lseek
                0x000017f2                f_readdir
                0x00001c84                f_write
                0x000020d6                f_read
                0x000024a8                f_sync
                0x0000261e                f_close
                0x0000263a                chk_mounted
                0x000029ae                f_opendir
                0x00002a62                f_chdir
                0x00002b0e                f_open
 .text          0x00002ee0      0x8ca sdcard_fs_driver/mmc.o
                0x00003116                disk_initialize
                0x0000329c                disk_status
                0x000032aa                disk_read
                0x00003366                disk_write
                0x00003454                disk_ioctl
                0x0000378c                disk_timerproc
 .text          0x000037aa      0x366 sdcard_fs_driver/rtc.o
                0x000037aa                RTC_read
                0x00003860                rtc_gettime
                0x00003960                RTC_write
                0x000039d8                rtc_settime
                0x00003ade                rtc_clearHaltBit
                0x00003b06                rtc_init
 .text          0x00003b10      0x39a can_std/can_drv.o
                0x00003b10                can_clear_all_mob
                0x00003b30                can_get_mob_free
                0x00003b5e                can_get_mob_status
                0x00003b84                can_get_data
                0x00003bac                can_auto_baudrate
                0x00003e90                can_fixed_baudrate
 .text          0x00003eaa      0xb46 can_std/can_lib.o
                0x00003eaa                can_get_status
                0x00003fd0                can_cmd
                0x000049d6                can_init
 .text          0x000049f0       0xfe can_func.o
                0x000049f0                init_can_data_mobs
                0x00004a34                can_update_rx_msg
                0x00004a5c                can_data_mob_setup
                0x00004aae                can_send
 .text          0x00004aee      0x210 isr.o
                0x00004aee                __vector_21
                0x00004b44                __vector_33
                0x00004c2c                __vector_16
 .text          0x00004cfe        0x0 error.o
 .text          0x00004cfe      0x18e comm.o
                0x00004cfe                xbee_send_trigger
                0x00004d3c                send_status
 .text          0x00004e8c       0x82 twi/twi.o
                0x00004e8c                TWI_init
                0x00004e9e                TWI_start
                0x00004ed6                TWI_send
                0x00004eea                TWI_rcvr
                0x00004f06                TWI_stop
 .text          0x00004f0e       0x50 log.o
                0x00004f0e                get_free_log_number
 .text          0x00004f5e      0x110 ecu.o
                0x00004f5e                val_to_xbee
                0x00004ff0                ecu_data_handler
 .text          0x0000506e      0x214 xitoa.o
                0x0000506e                xputc
                0x0000508c                xputs
                0x0000509a                xitoa
                0x00005110                xprintf
                0x000051cc                xatoi
 .text          0x00005282        0x0 /usr/lib/gcc/avr/4.3.5/avr51/libgcc.a(_mulsi3.o)
 .text          0x00005282        0x0 /usr/lib/gcc/avr/4.3.5/avr51/libgcc.a(_udivmodqi4.o)
 .text          0x00005282        0x0 /usr/lib/gcc/avr/4.3.5/avr51/libgcc.a(_udivmodhi4.o)
 .text          0x00005282        0x0 /usr/lib/gcc/avr/4.3.5/avr51/libgcc.a(_divmodhi4.o)
 .text          0x00005282        0x0 /usr/lib/gcc/avr/4.3.5/avr51/libgcc.a(_udivmodsi4.o)
 .text          0x00005282        0x0 /usr/lib/gcc/avr/4.3.5/avr51/libgcc.a(_prologue.o)
 .text          0x00005282        0x0 /usr/lib/gcc/avr/4.3.5/avr51/libgcc.a(_epilogue.o)
 .text          0x00005282        0x0 /usr/lib/gcc/avr/4.3.5/avr51/libgcc.a(_exit.o)
 .text          0x00005282        0x0 /usr/lib/gcc/avr/4.3.5/avr51/libgcc.a(_tablejump.o)
 .text          0x00005282        0x0 /usr/lib/gcc/avr/4.3.5/avr51/libgcc.a(_clear_bss.o)
 .text          0x00005282      0x354 /usr/lib/gcc/avr/4.3.5/avr51/libgcc.a(_addsub_sf.o)
                0x0000551a                __subsf3
                0x0000557c                __addsf3
 .text          0x000055d6      0x1f4 /usr/lib/gcc/avr/4.3.5/avr51/libgcc.a(_mul_sf.o)
                0x000055d6                __mulsf3
 .text          0x000057ca      0x158 /usr/lib/gcc/avr/4.3.5/avr51/libgcc.a(_div_sf.o)
                0x000057ca                __divsf3
 .text          0x00005922       0xa8 /usr/lib/gcc/avr/4.3.5/avr51/libgcc.a(_sf_to_si.o)
                0x00005922                __fixsfsi
 .text          0x000059ca        0x0 /usr/lib/gcc/avr/4.3.5/avr51/libgcc.a(_thenan_sf.o)
 .text          0x000059ca      0x1aa /usr/lib/gcc/avr/4.3.5/avr51/libgcc.a(_pack_sf.o)
                0x000059ca                __pack_f
 .text          0x00005b74       0xf0 /usr/lib/gcc/avr/4.3.5/avr51/libgcc.a(_unpack_sf.o)
                0x00005b74                __unpack_f
 .text          0x00005c64        0x0 /usr/lib/gcc/avr/4.3.5/../../../avr/lib/avr51/libc.a(atoi.o)
 .text          0x00005c64        0x0 /usr/lib/gcc/avr/4.3.5/../../../avr/lib/avr51/libc.a(itoa.o)
 .text          0x00005c64        0x0 /usr/lib/gcc/avr/4.3.5/../../../avr/lib/avr51/libc.a(mul10.o)
 .text          0x00005c64        0x0 /usr/lib/gcc/avr/4.3.5/../../../avr/lib/avr51/libc.a(strrev.o)
                0x00005c64                . = ALIGN (0x2)
 *(.text.*)
 .text.libgcc   0x00005c64       0x3e /usr/lib/gcc/avr/4.3.5/avr51/libgcc.a(_mulsi3.o)
                0x00005c64                __mulsi3
 .text.libgcc   0x00005ca2       0x18 /usr/lib/gcc/avr/4.3.5/avr51/libgcc.a(_udivmodqi4.o)
                0x00005ca2                __udivmodqi4
 .text.libgcc   0x00005cba       0x28 /usr/lib/gcc/avr/4.3.5/avr51/libgcc.a(_udivmodhi4.o)
                0x00005cba                __udivmodhi4
 .text.libgcc   0x00005ce2       0x26 /usr/lib/gcc/avr/4.3.5/avr51/libgcc.a(_divmodhi4.o)
                0x00005ce2                __divmodhi4
                0x00005ce2                _div
 .text.libgcc   0x00005d08       0x44 /usr/lib/gcc/avr/4.3.5/avr51/libgcc.a(_udivmodsi4.o)
                0x00005d08                __udivmodsi4
 .text.libgcc   0x00005d4c       0x38 /usr/lib/gcc/avr/4.3.5/avr51/libgcc.a(_prologue.o)
                0x00005d4c                __prologue_saves__
 .text.libgcc   0x00005d84       0x36 /usr/lib/gcc/avr/4.3.5/avr51/libgcc.a(_epilogue.o)
                0x00005d84                __epilogue_restores__
 .text.libgcc   0x00005dba        0x0 /usr/lib/gcc/avr/4.3.5/avr51/libgcc.a(_exit.o)
 .text.libgcc   0x00005dba        0xc /usr/lib/gcc/avr/4.3.5/avr51/libgcc.a(_tablejump.o)
                0x00005dba                __tablejump2__
                0x00005dbe                __tablejump__
 .text.libgcc   0x00005dc6        0x0 /usr/lib/gcc/avr/4.3.5/avr51/libgcc.a(_clear_bss.o)
 .text.avr-libc
                0x00005dc6       0x3c /usr/lib/gcc/avr/4.3.5/../../../avr/lib/avr51/libc.a(atoi.o)
                0x00005dc6                atoi
 .text.avr-libc
                0x00005e02       0x42 /usr/lib/gcc/avr/4.3.5/../../../avr/lib/avr51/libc.a(itoa.o)
                0x00005e02                itoa
 .text.avr-libc
                0x00005e44       0x10 /usr/lib/gcc/avr/4.3.5/../../../avr/lib/avr51/libc.a(mul10.o)
                0x00005e44                __mulhi_const_10
 .text.avr-libc
                0x00005e54       0x20 /usr/lib/gcc/avr/4.3.5/../../../avr/lib/avr51/libc.a(strrev.o)
                0x00005e54                strrev
                0x00005e74                . = ALIGN (0x2)
 *(.fini9)
 .fini9         0x00005e74        0x0 /usr/lib/gcc/avr/4.3.5/avr51/libgcc.a(_exit.o)
                0x00005e74                exit
                0x00005e74                _exit
 *(.fini9)
 *(.fini8)
 *(.fini8)
 *(.fini7)
 *(.fini7)
 *(.fini6)
 *(.fini6)
 *(.fini5)
 *(.fini5)
 *(.fini4)
 *(.fini4)
 *(.fini3)
 *(.fini3)
 *(.fini2)
 *(.fini2)
 *(.fini1)
 *(.fini1)
 *(.fini0)
 .fini0         0x00005e74        0x4 /usr/lib/gcc/avr/4.3.5/avr51/libgcc.a(_exit.o)
 *(.fini0)
                0x00005e78                _etext = .

.data           0x00800100      0x22a load address 0x00005e78
                0x00800100                PROVIDE (__data_start, .)
 *(.data)
 .data          0x00800100        0x0 /usr/lib/gcc/avr/4.3.5/../../../avr/lib/avr51/crtcan128.o
 .data          0x00800100        0x3 main.o
 .data          0x00800103        0x0 uart.o
 .data          0x00800103        0xb sdcard_fs_driver/ff.o
 .data          0x0080010e        0x1 sdcard_fs_driver/mmc.o
 .data          0x0080010f        0x0 sdcard_fs_driver/rtc.o
 .data          0x0080010f        0x0 can_std/can_drv.o
 .data          0x0080010f        0x0 can_std/can_lib.o
 .data          0x0080010f        0x0 can_func.o
 .data          0x0080010f       0x59 isr.o
 .data          0x00800168        0x0 error.o
 .data          0x00800168        0x3 comm.o
 .data          0x0080016b        0x0 twi/twi.o
 .data          0x0080016b        0x0 log.o
 .data          0x0080016b      0x1b7 ecu.o
                0x0080016b                EcuData
 .data          0x00800322        0x0 xitoa.o
 .data          0x00800322        0x0 /usr/lib/gcc/avr/4.3.5/avr51/libgcc.a(_mulsi3.o)
 .data          0x00800322        0x0 /usr/lib/gcc/avr/4.3.5/avr51/libgcc.a(_udivmodqi4.o)
 .data          0x00800322        0x0 /usr/lib/gcc/avr/4.3.5/avr51/libgcc.a(_udivmodhi4.o)
 .data          0x00800322        0x0 /usr/lib/gcc/avr/4.3.5/avr51/libgcc.a(_divmodhi4.o)
 .data          0x00800322        0x0 /usr/lib/gcc/avr/4.3.5/avr51/libgcc.a(_udivmodsi4.o)
 .data          0x00800322        0x0 /usr/lib/gcc/avr/4.3.5/avr51/libgcc.a(_prologue.o)
 .data          0x00800322        0x0 /usr/lib/gcc/avr/4.3.5/avr51/libgcc.a(_epilogue.o)
 .data          0x00800322        0x0 /usr/lib/gcc/avr/4.3.5/avr51/libgcc.a(_exit.o)
 .data          0x00800322        0x0 /usr/lib/gcc/avr/4.3.5/avr51/libgcc.a(_tablejump.o)
 .data          0x00800322        0x0 /usr/lib/gcc/avr/4.3.5/avr51/libgcc.a(_clear_bss.o)
 .data          0x00800322        0x0 /usr/lib/gcc/avr/4.3.5/avr51/libgcc.a(_addsub_sf.o)
 .data          0x00800322        0x0 /usr/lib/gcc/avr/4.3.5/avr51/libgcc.a(_mul_sf.o)
 .data          0x00800322        0x0 /usr/lib/gcc/avr/4.3.5/avr51/libgcc.a(_div_sf.o)
 .data          0x00800322        0x0 /usr/lib/gcc/avr/4.3.5/avr51/libgcc.a(_sf_to_si.o)
 .data          0x00800322        0x8 /usr/lib/gcc/avr/4.3.5/avr51/libgcc.a(_thenan_sf.o)
                0x00800322                __thenan_sf
 .data          0x0080032a        0x0 /usr/lib/gcc/avr/4.3.5/avr51/libgcc.a(_pack_sf.o)
 .data          0x0080032a        0x0 /usr/lib/gcc/avr/4.3.5/avr51/libgcc.a(_unpack_sf.o)
 .data          0x0080032a        0x0 /usr/lib/gcc/avr/4.3.5/../../../avr/lib/avr51/libc.a(atoi.o)
 .data          0x0080032a        0x0 /usr/lib/gcc/avr/4.3.5/../../../avr/lib/avr51/libc.a(itoa.o)
 .data          0x0080032a        0x0 /usr/lib/gcc/avr/4.3.5/../../../avr/lib/avr51/libc.a(mul10.o)
 .data          0x0080032a        0x0 /usr/lib/gcc/avr/4.3.5/../../../avr/lib/avr51/libc.a(strrev.o)
 *(.data*)
 *(.rodata)
 *(.rodata*)
 *(.gnu.linkonce.d*)
                0x0080032a                . = ALIGN (0x2)
                0x0080032a                _edata = .
                0x0080032a                PROVIDE (__data_end, .)

.bss            0x0080032a      0x6f9
                0x0080032a                PROVIDE (__bss_start, .)
 *(.bss)
 .bss           0x0080032a        0x0 /usr/lib/gcc/avr/4.3.5/../../../avr/lib/avr51/crtcan128.o
 .bss           0x0080032a        0x0 main.o
 .bss           0x0080032a        0x0 uart.o
 .bss           0x0080032a        0x5 sdcard_fs_driver/ff.o
 .bss           0x0080032f        0x3 sdcard_fs_driver/mmc.o
 .bss           0x00800332        0x0 sdcard_fs_driver/rtc.o
 .bss           0x00800332        0x0 can_std/can_drv.o
 .bss           0x00800332        0x0 can_std/can_lib.o
 .bss           0x00800332        0x1 can_func.o
                0x00800332                bufferindex
 .bss           0x00800333        0x6 isr.o
                0x00800333                RecIndex
                0x00800335                testvar
                0x00800337                xbee_sending
                0x00800338                nextId
 .bss           0x00800339        0x2 error.o
                0x00800339                EcuCommError
                0x0080033a                EcuErrorTmp
 .bss           0x0080033b        0x1 comm.o
                0x0080033b                xbee_seq_index
 .bss           0x0080033c        0x0 twi/twi.o
 .bss           0x0080033c        0x0 log.o
 .bss           0x0080033c        0x0 ecu.o
 .bss           0x0080033c        0x2 xitoa.o
                0x0080033c                xfunc_out
 .bss           0x0080033e        0x0 /usr/lib/gcc/avr/4.3.5/avr51/libgcc.a(_mulsi3.o)
 .bss           0x0080033e        0x0 /usr/lib/gcc/avr/4.3.5/avr51/libgcc.a(_udivmodqi4.o)
 .bss           0x0080033e        0x0 /usr/lib/gcc/avr/4.3.5/avr51/libgcc.a(_udivmodhi4.o)
 .bss           0x0080033e        0x0 /usr/lib/gcc/avr/4.3.5/avr51/libgcc.a(_divmodhi4.o)
 .bss           0x0080033e        0x0 /usr/lib/gcc/avr/4.3.5/avr51/libgcc.a(_udivmodsi4.o)
 .bss           0x0080033e        0x0 /usr/lib/gcc/avr/4.3.5/avr51/libgcc.a(_prologue.o)
 .bss           0x0080033e        0x0 /usr/lib/gcc/avr/4.3.5/avr51/libgcc.a(_epilogue.o)
 .bss           0x0080033e        0x0 /usr/lib/gcc/avr/4.3.5/avr51/libgcc.a(_exit.o)
 .bss           0x0080033e        0x0 /usr/lib/gcc/avr/4.3.5/avr51/libgcc.a(_tablejump.o)
 .bss           0x0080033e        0x0 /usr/lib/gcc/avr/4.3.5/avr51/libgcc.a(_clear_bss.o)
 .bss           0x0080033e        0x0 /usr/lib/gcc/avr/4.3.5/avr51/libgcc.a(_addsub_sf.o)
 .bss           0x0080033e        0x0 /usr/lib/gcc/avr/4.3.5/avr51/libgcc.a(_mul_sf.o)
 .bss           0x0080033e        0x0 /usr/lib/gcc/avr/4.3.5/avr51/libgcc.a(_div_sf.o)
 .bss           0x0080033e        0x0 /usr/lib/gcc/avr/4.3.5/avr51/libgcc.a(_sf_to_si.o)
 .bss           0x0080033e        0x0 /usr/lib/gcc/avr/4.3.5/avr51/libgcc.a(_thenan_sf.o)
 .bss           0x0080033e        0x0 /usr/lib/gcc/avr/4.3.5/avr51/libgcc.a(_pack_sf.o)
 .bss           0x0080033e        0x0 /usr/lib/gcc/avr/4.3.5/avr51/libgcc.a(_unpack_sf.o)
 .bss           0x0080033e        0x0 /usr/lib/gcc/avr/4.3.5/../../../avr/lib/avr51/libc.a(atoi.o)
 .bss           0x0080033e        0x0 /usr/lib/gcc/avr/4.3.5/../../../avr/lib/avr51/libc.a(itoa.o)
 .bss           0x0080033e        0x0 /usr/lib/gcc/avr/4.3.5/../../../avr/lib/avr51/libc.a(mul10.o)
 .bss           0x0080033e        0x0 /usr/lib/gcc/avr/4.3.5/../../../avr/lib/avr51/libc.a(strrev.o)
 *(.bss*)
 *(COMMON)
 COMMON         0x0080033e      0x696 main.o
                0x0080033e                Fatfs
                0x00800570                Finfo
                0x00800586                acc_dirs
                0x00800588                acc_files
                0x0080058a                my_q
                0x008005ce                Timer
                0x008005d0                Buff
                0x008009d0                acc_size
 COMMON         0x008009d4       0x4f can_func.o
                0x008009d4                tx_remote_buffer
                0x008009dc                response_buffer
                0x008009ec                tx_remote_msg
                0x008009f9                databuffer
                0x00800a09                response_msg
                0x00800a23                PROVIDE (__bss_end, .)
                0x00005e78                __data_load_start = LOADADDR (.data)
                0x000060a2                __data_load_end = (__data_load_start + SIZEOF (.data))

.noinit         0x00800a23        0x0
                0x00800a23                PROVIDE (__noinit_start, .)
 *(.noinit*)
                0x00800a23                PROVIDE (__noinit_end, .)
                0x00800a23                _end = .
                0x00800a23                PROVIDE (__heap_start, .)

.eeprom         0x00810000        0x0
 *(.eeprom*)
                0x00810000                __eeprom_end = .

.fuse
 *(.fuse)
 *(.lfuse)
 *(.hfuse)
 *(.efuse)

.lock
 *(.lock*)

.signature
 *(.signature*)

.stab           0x00000000     0x18c0
 *(.stab)
 .stab          0x00000000      0x750 /usr/lib/gcc/avr/4.3.5/../../../avr/lib/avr51/crtcan128.o
 .stab          0x00000750      0xcfc xitoa.o
                                0xd08 (size before relaxing)
 .stab          0x0000144c      0x174 /usr/lib/gcc/avr/4.3.5/../../../avr/lib/avr51/libc.a(atoi.o)
                                0x180 (size before relaxing)
 .stab          0x000015c0      0x1b0 /usr/lib/gcc/avr/4.3.5/../../../avr/lib/avr51/libc.a(itoa.o)
                                0x1bc (size before relaxing)
 .stab          0x00001770       0x78 /usr/lib/gcc/avr/4.3.5/../../../avr/lib/avr51/libc.a(mul10.o)
                                 0x84 (size before relaxing)
 .stab          0x000017e8       0xd8 /usr/lib/gcc/avr/4.3.5/../../../avr/lib/avr51/libc.a(strrev.o)
                                 0xe4 (size before relaxing)

.stabstr        0x00000000      0x152
 *(.stabstr)
 .stabstr       0x00000000      0x152 /usr/lib/gcc/avr/4.3.5/../../../avr/lib/avr51/crtcan128.o

.stab.excl
 *(.stab.excl)

.stab.exclstr
 *(.stab.exclstr)

.stab.index
 *(.stab.index)

.stab.indexstr
 *(.stab.indexstr)

.comment
 *(.comment)

.debug
 *(.debug)

.line
 *(.line)

.debug_srcinfo
 *(.debug_srcinfo)

.debug_sfnames
 *(.debug_sfnames)

.debug_aranges  0x00000000      0x1a0
 *(.debug_aranges)
 .debug_aranges
                0x00000000       0x20 main.o
 .debug_aranges
                0x00000020       0x20 uart.o
 .debug_aranges
                0x00000040       0x20 sdcard_fs_driver/ff.o
 .debug_aranges
                0x00000060       0x20 sdcard_fs_driver/mmc.o
 .debug_aranges
                0x00000080       0x20 sdcard_fs_driver/rtc.o
 .debug_aranges
                0x000000a0       0x20 can_std/can_drv.o
 .debug_aranges
                0x000000c0       0x20 can_std/can_lib.o
 .debug_aranges
                0x000000e0       0x20 can_func.o
 .debug_aranges
                0x00000100       0x20 isr.o
 .debug_aranges
                0x00000120       0x20 comm.o
 .debug_aranges
                0x00000140       0x20 twi/twi.o
 .debug_aranges
                0x00000160       0x20 log.o
 .debug_aranges
                0x00000180       0x20 ecu.o

.debug_pubnames
                0x00000000      0x67e
 *(.debug_pubnames)
 .debug_pubnames
                0x00000000       0x9a main.o
 .debug_pubnames
                0x0000009a       0xb7 uart.o
 .debug_pubnames
                0x00000151       0xd0 sdcard_fs_driver/ff.o
 .debug_pubnames
                0x00000221       0x75 sdcard_fs_driver/mmc.o
 .debug_pubnames
                0x00000296       0x6f sdcard_fs_driver/rtc.o
 .debug_pubnames
                0x00000305       0x92 can_std/can_drv.o
 .debug_pubnames
                0x00000397       0x3e can_std/can_lib.o
 .debug_pubnames
                0x000003d5       0xce can_func.o
 .debug_pubnames
                0x000004a3       0x80 isr.o
 .debug_pubnames
                0x00000523       0x33 error.o
 .debug_pubnames
                0x00000556       0x54 comm.o
 .debug_pubnames
                0x000005aa       0x54 twi/twi.o
 .debug_pubnames
                0x000005fe       0x34 log.o
 .debug_pubnames
                0x00000632       0x4c ecu.o

.debug_info     0x00000000     0x4d89
 *(.debug_info)
 .debug_info    0x00000000      0xea2 main.o
 .debug_info    0x00000ea2      0x2dd uart.o
 .debug_info    0x0000117f     0x174a sdcard_fs_driver/ff.o
 .debug_info    0x000028c9      0x715 sdcard_fs_driver/mmc.o
 .debug_info    0x00002fde      0x30e sdcard_fs_driver/rtc.o
 .debug_info    0x000032ec      0x325 can_std/can_drv.o
 .debug_info    0x00003611      0x2e1 can_std/can_lib.o
 .debug_info    0x000038f2      0x384 can_func.o
 .debug_info    0x00003c76      0x3f2 isr.o
 .debug_info    0x00004068       0x9d error.o
 .debug_info    0x00004105      0x36d comm.o
 .debug_info    0x00004472      0x12e twi/twi.o
 .debug_info    0x000045a0      0x3dc log.o
 .debug_info    0x0000497c      0x40d ecu.o
 *(.gnu.linkonce.wi.*)

.debug_abbrev   0x00000000     0x13e4
 *(.debug_abbrev)
 .debug_abbrev  0x00000000      0x2d5 main.o
 .debug_abbrev  0x000002d5      0x161 uart.o
 .debug_abbrev  0x00000436      0x2f5 sdcard_fs_driver/ff.o
 .debug_abbrev  0x0000072b      0x217 sdcard_fs_driver/mmc.o
 .debug_abbrev  0x00000942      0x136 sdcard_fs_driver/rtc.o
 .debug_abbrev  0x00000a78      0x101 can_std/can_drv.o
 .debug_abbrev  0x00000b79      0x13f can_std/can_lib.o
 .debug_abbrev  0x00000cb8      0x13e can_func.o
 .debug_abbrev  0x00000df6      0x13f isr.o
 .debug_abbrev  0x00000f35       0x51 error.o
 .debug_abbrev  0x00000f86      0x10c comm.o
 .debug_abbrev  0x00001092       0xd0 twi/twi.o
 .debug_abbrev  0x00001162      0x125 log.o
 .debug_abbrev  0x00001287      0x15d ecu.o

.debug_line     0x00000000     0x361c
 *(.debug_line)
 .debug_line    0x00000000      0x3de main.o
 .debug_line    0x000003de      0x23b uart.o
 .debug_line    0x00000619     0x14cf sdcard_fs_driver/ff.o
 .debug_line    0x00001ae8      0x834 sdcard_fs_driver/mmc.o
 .debug_line    0x0000231c      0x2ab sdcard_fs_driver/rtc.o
 .debug_line    0x000025c7      0x325 can_std/can_drv.o
 .debug_line    0x000028ec      0x3c8 can_std/can_lib.o
 .debug_line    0x00002cb4      0x181 can_func.o
 .debug_line    0x00002e35      0x1c8 isr.o
 .debug_line    0x00002ffd       0x57 error.o
 .debug_line    0x00003054      0x20f comm.o
 .debug_line    0x00003263      0x162 twi/twi.o
 .debug_line    0x000033c5       0xbc log.o
 .debug_line    0x00003481      0x19b ecu.o

.debug_frame    0x00000000      0x5c0
 *(.debug_frame)
 .debug_frame   0x00000000       0x50 main.o
 .debug_frame   0x00000050       0xb0 uart.o
 .debug_frame   0x00000100      0x170 sdcard_fs_driver/ff.o
 .debug_frame   0x00000270       0xc0 sdcard_fs_driver/mmc.o
 .debug_frame   0x00000330       0x70 sdcard_fs_driver/rtc.o
 .debug_frame   0x000003a0       0x70 can_std/can_drv.o
 .debug_frame   0x00000410       0x40 can_std/can_lib.o
 .debug_frame   0x00000450       0x50 can_func.o
 .debug_frame   0x000004a0       0x40 isr.o
 .debug_frame   0x000004e0       0x30 comm.o
 .debug_frame   0x00000510       0x60 twi/twi.o
 .debug_frame   0x00000570       0x20 log.o
 .debug_frame   0x00000590       0x30 ecu.o

.debug_str      0x00000000      0xe65
 *(.debug_str)
 .debug_str     0x00000000      0x604 main.o
                                0x69e (size before relaxing)
 .debug_str     0x00000604       0xb8 uart.o
                                0x19a (size before relaxing)
 .debug_str     0x000006bc      0x2d6 sdcard_fs_driver/ff.o
                                0x4f4 (size before relaxing)
 .debug_str     0x00000992       0xf2 sdcard_fs_driver/mmc.o
                                0x242 (size before relaxing)
 .debug_str     0x00000a84       0x5c sdcard_fs_driver/rtc.o
                                0x187 (size before relaxing)
 .debug_str     0x00000ae0      0x18b can_std/can_drv.o
                                0x269 (size before relaxing)
 .debug_str     0x00000c6b       0x57 can_std/can_lib.o
                                0x21c (size before relaxing)
 .debug_str     0x00000cc2       0x7a can_func.o
                                0x269 (size before relaxing)
 .debug_str     0x00000d3c       0x7f isr.o
                                0x37f (size before relaxing)
 .debug_str     0x00000dbb        0x8 error.o
                                 0xef (size before relaxing)
 .debug_str     0x00000dc3       0x25 comm.o
                                0x356 (size before relaxing)
 .debug_str     0x00000de8       0x38 twi/twi.o
                                0x123 (size before relaxing)
 .debug_str     0x00000e20       0x22 log.o
                                0x2ac (size before relaxing)
 .debug_str     0x00000e42       0x23 ecu.o
                                0x36e (size before relaxing)

.debug_loc      0x00000000     0x3bcb
 *(.debug_loc)
 .debug_loc     0x00000000       0xf0 main.o
 .debug_loc     0x000000f0      0x16c uart.o
 .debug_loc     0x0000025c     0x2902 sdcard_fs_driver/ff.o
 .debug_loc     0x00002b5e      0x5a7 sdcard_fs_driver/mmc.o
 .debug_loc     0x00003105      0x1ed sdcard_fs_driver/rtc.o
 .debug_loc     0x000032f2      0x3f7 can_std/can_drv.o
 .debug_loc     0x000036e9      0x315 can_std/can_lib.o
 .debug_loc     0x000039fe       0xb8 can_func.o
 .debug_loc     0x00003ab6       0x3e isr.o
 .debug_loc     0x00003af4       0x3b twi/twi.o
 .debug_loc     0x00003b2f       0x40 log.o
 .debug_loc     0x00003b6f       0x5c ecu.o

.debug_macinfo
 *(.debug_macinfo)
OUTPUT(node1.elf elf32-avr)
LOAD linker stubs

.debug_ranges   0x00000000      0x1e0
 .debug_ranges  0x00000000       0x48 main.o
 .debug_ranges  0x00000048       0x30 uart.o
 .debug_ranges  0x00000078       0xf0 sdcard_fs_driver/ff.o
 .debug_ranges  0x00000168       0x30 sdcard_fs_driver/mmc.o
 .debug_ranges  0x00000198       0x48 ecu.o
