Archive member included because of file (symbol)

/usr/lib/gcc/avr/4.5.3/avr51/libgcc.a(_mulsi3.o)
                              sdcard_fs_driver/ff.o (__mulsi3)
/usr/lib/gcc/avr/4.5.3/avr51/libgcc.a(_udivmodqi4.o)
                              sdcard_fs_driver/rtc.o (__udivmodqi4)
/usr/lib/gcc/avr/4.5.3/avr51/libgcc.a(_udivmodhi4.o)
                              sdcard_fs_driver/rtc.o (__udivmodhi4)
/usr/lib/gcc/avr/4.5.3/avr51/libgcc.a(_divmodhi4.o)
                              isr.o (__divmodhi4)
/usr/lib/gcc/avr/4.5.3/avr51/libgcc.a(_udivmodsi4.o)
                              sdcard_fs_driver/ff.o (__udivmodsi4)
/usr/lib/gcc/avr/4.5.3/avr51/libgcc.a(_prologue.o)
                              main.o (__prologue_saves__)
/usr/lib/gcc/avr/4.5.3/avr51/libgcc.a(_epilogue.o)
                              main.o (__epilogue_restores__)
/usr/lib/gcc/avr/4.5.3/avr51/libgcc.a(_exit.o)
                              /usr/lib/gcc/avr/4.5.3/../../../avr/lib/avr51/crtcan128.o (exit)
/usr/lib/gcc/avr/4.5.3/avr51/libgcc.a(_tablejump.o)
                              sdcard_fs_driver/mmc.o (__tablejump2__)
/usr/lib/gcc/avr/4.5.3/avr51/libgcc.a(_copy_data.o)
                              main.o (__do_copy_data)
/usr/lib/gcc/avr/4.5.3/avr51/libgcc.a(_clear_bss.o)
                              main.o (__do_clear_bss)
/usr/lib/gcc/avr/4.5.3/avr51/libgcc.a(_addsub_sf.o)
                              uart.o (__addsf3)
/usr/lib/gcc/avr/4.5.3/avr51/libgcc.a(_mul_sf.o)
                              uart.o (__mulsf3)
/usr/lib/gcc/avr/4.5.3/avr51/libgcc.a(_div_sf.o)
                              uart.o (__divsf3)
/usr/lib/gcc/avr/4.5.3/avr51/libgcc.a(_sf_to_si.o)
                              uart.o (__fixsfsi)
/usr/lib/gcc/avr/4.5.3/avr51/libgcc.a(_thenan_sf.o)
                              /usr/lib/gcc/avr/4.5.3/avr51/libgcc.a(_addsub_sf.o) (__thenan_sf)
/usr/lib/gcc/avr/4.5.3/avr51/libgcc.a(_pack_sf.o)
                              /usr/lib/gcc/avr/4.5.3/avr51/libgcc.a(_addsub_sf.o) (__pack_f)
/usr/lib/gcc/avr/4.5.3/avr51/libgcc.a(_unpack_sf.o)
                              /usr/lib/gcc/avr/4.5.3/avr51/libgcc.a(_addsub_sf.o) (__unpack_f)
/usr/lib/gcc/avr/4.5.3/../../../avr/lib/avr51/libc.a(atoi.o)
                              log.o (atoi)
/usr/lib/gcc/avr/4.5.3/../../../avr/lib/avr51/libc.a(itoa.o)
                              main.o (itoa)
/usr/lib/gcc/avr/4.5.3/../../../avr/lib/avr51/libc.a(mul10.o)
                              /usr/lib/gcc/avr/4.5.3/../../../avr/lib/avr51/libc.a(atoi.o) (__mulhi_const_10)
/usr/lib/gcc/avr/4.5.3/../../../avr/lib/avr51/libc.a(strrev.o)
                              /usr/lib/gcc/avr/4.5.3/../../../avr/lib/avr51/libc.a(itoa.o) (strrev)

Allocating common symbols
Common symbol       size              file

Fatfs               0x232             main.o
CanSendData         0x8               isr.o
Finfo               0x16              main.o
acc_dirs            0x2               main.o
acc_files           0x2               main.o
Timer               0x2               main.o
sd_data_buf1        0x64              log.o
Buff                0x400             main.o
tx_remote_msg       0xe               can.o
sd_data_buf2        0x64              log.o
acc_size            0x4               main.o
xbee_q              0x80              main.o

Memory Configuration

Name             Origin             Length             Attributes
text             0x00000000         0x00020000         xr
data             0x00800100         0x0000ff00         rw !x
eeprom           0x00810000         0x00010000         rw !x
fuse             0x00820000         0x00000400         rw !x
lock             0x00830000         0x00000400         rw !x
signature        0x00840000         0x00000400         rw !x
*default*        0x00000000         0xffffffff

Linker script and memory map

Address of section .data set to 0x800100
LOAD /usr/lib/gcc/avr/4.5.3/../../../avr/lib/avr51/crtcan128.o
LOAD main.o
LOAD uart.o
LOAD sdcard_fs_driver/ff.o
LOAD sdcard_fs_driver/mmc.o
LOAD sdcard_fs_driver/rtc.o
LOAD can_std/can_drv.o
LOAD can_std/can_lib.o
LOAD isr.o
LOAD error.o
LOAD comm.o
LOAD twi/twi.o
LOAD log.o
LOAD ecu.o
LOAD can.o
LOAD xitoa.o
LOAD /usr/lib/gcc/avr/4.5.3/avr51/libgcc.a
LOAD /usr/lib/gcc/avr/4.5.3/../../../avr/lib/avr51/libc.a
LOAD /usr/lib/gcc/avr/4.5.3/avr51/libgcc.a

.hash
 *(.hash)

.dynsym
 *(.dynsym)

.dynstr
 *(.dynstr)

.gnu.version
 *(.gnu.version)

.gnu.version_d
 *(.gnu.version_d)

.gnu.version_r
 *(.gnu.version_r)

.rel.init
 *(.rel.init)

.rela.init
 *(.rela.init)

.rel.text
 *(.rel.text)
 *(.rel.text.*)
 *(.rel.gnu.linkonce.t*)

.rela.text
 *(.rela.text)
 *(.rela.text.*)
 *(.rela.gnu.linkonce.t*)

.rel.fini
 *(.rel.fini)

.rela.fini
 *(.rela.fini)

.rel.rodata
 *(.rel.rodata)
 *(.rel.rodata.*)
 *(.rel.gnu.linkonce.r*)

.rela.rodata
 *(.rela.rodata)
 *(.rela.rodata.*)
 *(.rela.gnu.linkonce.r*)

.rel.data
 *(.rel.data)
 *(.rel.data.*)
 *(.rel.gnu.linkonce.d*)

.rela.data
 *(.rela.data)
 *(.rela.data.*)
 *(.rela.gnu.linkonce.d*)

.rel.ctors
 *(.rel.ctors)

.rela.ctors
 *(.rela.ctors)

.rel.dtors
 *(.rel.dtors)

.rela.dtors
 *(.rela.dtors)

.rel.got
 *(.rel.got)

.rela.got
 *(.rela.got)

.rel.bss
 *(.rel.bss)

.rela.bss
 *(.rela.bss)

.rel.plt
 *(.rel.plt)

.rela.plt
 *(.rela.plt)

.text           0x00000000     0x5ce4
 *(.vectors)
 .vectors       0x00000000       0x94 /usr/lib/gcc/avr/4.5.3/../../../avr/lib/avr51/crtcan128.o
                0x00000000                __vectors
                0x00000000                __vector_default
 *(.vectors)
 *(.progmem.gcc*)
 .progmem.gcc_sw_table
                0x00000094       0x1e sdcard_fs_driver/mmc.o
 .progmem.gcc_sw_table
                0x000000b2       0x16 can_std/can_lib.o
 *(.progmem*)
 .progmem.data  0x000000c8       0xbf main.o
                0x00000188                . = ALIGN (0x2)
 *fill*         0x00000187        0x1 00
                0x00000188                __trampolines_start = .
 *(.trampolines)
 .trampolines   0x00000188        0x0 linker stubs
 *(.trampolines*)
                0x00000188                __trampolines_end = .
 *(.jumptables)
 *(.jumptables*)
 *(.lowtext)
 *(.lowtext*)
                0x00000188                __ctors_start = .
 *(.ctors)
                0x00000188                __ctors_end = .
                0x00000188                __dtors_start = .
 *(.dtors)
                0x00000188                __dtors_end = .
 SORT(*)(.ctors)
 SORT(*)(.dtors)
 *(.init0)
 .init0         0x00000188        0x0 /usr/lib/gcc/avr/4.5.3/../../../avr/lib/avr51/crtcan128.o
                0x00000188                __init
 *(.init0)
 *(.init1)
 *(.init1)
 *(.init2)
 .init2         0x00000188        0xc /usr/lib/gcc/avr/4.5.3/../../../avr/lib/avr51/crtcan128.o
 *(.init2)
 *(.init3)
 *(.init3)
 *(.init4)
 .init4         0x00000194       0x1a /usr/lib/gcc/avr/4.5.3/avr51/libgcc.a(_copy_data.o)
                0x00000194                __do_copy_data
 .init4         0x000001ae       0x10 /usr/lib/gcc/avr/4.5.3/avr51/libgcc.a(_clear_bss.o)
                0x000001ae                __do_clear_bss
 *(.init4)
 *(.init5)
 *(.init5)
 *(.init6)
 *(.init6)
 *(.init7)
 *(.init7)
 *(.init8)
 *(.init8)
 *(.init9)
 .init9         0x000001be        0x8 /usr/lib/gcc/avr/4.5.3/../../../avr/lib/avr51/crtcan128.o
 *(.init9)
 *(.text)
 .text          0x000001c6        0x4 /usr/lib/gcc/avr/4.5.3/../../../avr/lib/avr51/crtcan128.o
                0x000001c6                __vector_22
                0x000001c6                __vector_28
                0x000001c6                __vector_1
                0x000001c6                __vector_32
                0x000001c6                __vector_34
                0x000001c6                __vector_24
                0x000001c6                __vector_12
                0x000001c6                __bad_interrupt
                0x000001c6                __vector_6
                0x000001c6                __vector_31
                0x000001c6                __vector_35
                0x000001c6                __vector_3
                0x000001c6                __vector_23
                0x000001c6                __vector_30
                0x000001c6                __vector_25
                0x000001c6                __vector_11
                0x000001c6                __vector_13
                0x000001c6                __vector_17
                0x000001c6                __vector_19
                0x000001c6                __vector_7
                0x000001c6                __vector_27
                0x000001c6                __vector_5
                0x000001c6                __vector_4
                0x000001c6                __vector_2
                0x000001c6                __vector_15
                0x000001c6                __vector_36
                0x000001c6                __vector_29
                0x000001c6                __vector_8
                0x000001c6                __vector_26
                0x000001c6                __vector_14
                0x000001c6                __vector_10
                0x000001c6                __vector_20
 .text          0x000001ca      0x47a main.o
                0x000001ca                __vector_9
                0x0000022c                get_fattime
                0x000002e8                main
 .text          0x00000644      0x1b6 uart.o
                0x00000644                USART0_Transmit
                0x00000652                USART1_Transmit
                0x00000660                USART_set_baud_rate
                0x0000074c                uart_init
                0x00000778                uart_get
                0x00000786                uart_put_test
                0x0000079e                uart_put
                0x000007a4                uart_puts
                0x000007cc                uart1_put
                0x000007d2                uart1_puts
 .text          0x000007fa     0x21ac sdcard_fs_driver/ff.o
                0x000009ae                get_fat
                0x00000b18                put_fat
                0x00000e48                clust2sect
                0x00001484                chk_mounted
                0x0000185e                f_mount
                0x00001890                f_open
                0x00001c42                f_read
                0x00001e9e                f_write
                0x000021bc                f_sync
                0x00002326                f_close
                0x00002342                f_chdrive
                0x00002358                f_chdir
                0x00002404                f_lseek
                0x00002766                f_opendir
                0x00002816                f_readdir
 .text          0x000029a6      0x80a sdcard_fs_driver/mmc.o
                0x00002bce                disk_initialize
                0x00002d20                disk_status
                0x00002d2e                disk_read
                0x00002dda                disk_write
                0x00002ec6                disk_ioctl
                0x00003192                disk_timerproc
 .text          0x000031b0      0x2de sdcard_fs_driver/rtc.o
                0x000031b0                RTC_write
                0x0000322c                rtc_clearHaltBit
                0x00003254                RTC_read
                0x0000330c                rtc_gettime
                0x000033ec                rtc_settime
                0x00003484                rtc_init
 .text          0x0000348e      0x368 can_std/can_drv.o
                0x0000348e                can_clear_all_mob
                0x000034ae                can_get_mob_free
                0x000034da                can_get_mob_status
                0x00003500                can_get_data
                0x00003528                can_auto_baudrate
                0x000037dc                can_fixed_baudrate
 .text          0x000037f6      0xc18 can_std/can_lib.o
                0x000037f6                can_init
                0x00003814                can_cmd
                0x000042ec                can_get_status
 .text          0x0000440e      0x430 isr.o
                0x0000440e                __vector_16
                0x000044f2                __vector_21
                0x00004760                __vector_33
 .text          0x0000483e        0x0 error.o
 .text          0x0000483e       0x3e comm.o
                0x0000483e                xbee_send_trigger
 .text          0x0000487c       0x7e twi/twi.o
                0x0000487c                TWI_init
                0x0000488e                TWI_start
                0x000048c2                TWI_send
                0x000048d6                TWI_rcvr
                0x000048f2                TWI_stop
 .text          0x000048fa      0x142 log.o
                0x000048fa                get_free_log_number
                0x00004944                sd_log_write
                0x000049d6                sd_log_check
 .text          0x00004a3c      0x1b6 ecu.o
                0x00004a3c                ecu_val_to_xbee
                0x00004af4                ecu_data_handler
 .text          0x00004bf2      0x318 can.o
                0x00004bf2                __vector_18
                0x00004e54                can_send_non_blocking
                0x00004e96                can_update_rx_msg
                0x00004ebe                can_config_rx_mailbox
 .text          0x00004f0a      0x214 xitoa.o
                0x00004f0a                xputc
                0x00004f28                xputs
                0x00004f36                xitoa
                0x00004fac                xprintf
                0x00005068                xatoi
 .text          0x0000511e        0x0 /usr/lib/gcc/avr/4.5.3/avr51/libgcc.a(_mulsi3.o)
 .text          0x0000511e        0x0 /usr/lib/gcc/avr/4.5.3/avr51/libgcc.a(_udivmodqi4.o)
 .text          0x0000511e        0x0 /usr/lib/gcc/avr/4.5.3/avr51/libgcc.a(_udivmodhi4.o)
 .text          0x0000511e        0x0 /usr/lib/gcc/avr/4.5.3/avr51/libgcc.a(_divmodhi4.o)
 .text          0x0000511e        0x0 /usr/lib/gcc/avr/4.5.3/avr51/libgcc.a(_udivmodsi4.o)
 .text          0x0000511e        0x0 /usr/lib/gcc/avr/4.5.3/avr51/libgcc.a(_prologue.o)
 .text          0x0000511e        0x0 /usr/lib/gcc/avr/4.5.3/avr51/libgcc.a(_epilogue.o)
 .text          0x0000511e        0x0 /usr/lib/gcc/avr/4.5.3/avr51/libgcc.a(_exit.o)
 .text          0x0000511e        0x0 /usr/lib/gcc/avr/4.5.3/avr51/libgcc.a(_tablejump.o)
 .text          0x0000511e        0x0 /usr/lib/gcc/avr/4.5.3/avr51/libgcc.a(_copy_data.o)
 .text          0x0000511e        0x0 /usr/lib/gcc/avr/4.5.3/avr51/libgcc.a(_clear_bss.o)
 .text          0x0000511e      0x350 /usr/lib/gcc/avr/4.5.3/avr51/libgcc.a(_addsub_sf.o)
                0x000053b2                __addsf3
                0x0000540c                __subsf3
 .text          0x0000546e      0x1f4 /usr/lib/gcc/avr/4.5.3/avr51/libgcc.a(_mul_sf.o)
                0x0000546e                __mulsf3
 .text          0x00005662      0x15c /usr/lib/gcc/avr/4.5.3/avr51/libgcc.a(_div_sf.o)
                0x00005662                __divsf3
 .text          0x000057be       0xa4 /usr/lib/gcc/avr/4.5.3/avr51/libgcc.a(_sf_to_si.o)
                0x000057be                __fixsfsi
 .text          0x00005862        0x0 /usr/lib/gcc/avr/4.5.3/avr51/libgcc.a(_thenan_sf.o)
 .text          0x00005862      0x19c /usr/lib/gcc/avr/4.5.3/avr51/libgcc.a(_pack_sf.o)
                0x00005862                __pack_f
 .text          0x000059fe       0xd2 /usr/lib/gcc/avr/4.5.3/avr51/libgcc.a(_unpack_sf.o)
                0x000059fe                __unpack_f
 .text          0x00005ad0        0x0 /usr/lib/gcc/avr/4.5.3/../../../avr/lib/avr51/libc.a(atoi.o)
 .text          0x00005ad0        0x0 /usr/lib/gcc/avr/4.5.3/../../../avr/lib/avr51/libc.a(itoa.o)
 .text          0x00005ad0        0x0 /usr/lib/gcc/avr/4.5.3/../../../avr/lib/avr51/libc.a(mul10.o)
 .text          0x00005ad0        0x0 /usr/lib/gcc/avr/4.5.3/../../../avr/lib/avr51/libc.a(strrev.o)
                0x00005ad0                . = ALIGN (0x2)
 *(.text.*)
 .text.libgcc   0x00005ad0       0x3e /usr/lib/gcc/avr/4.5.3/avr51/libgcc.a(_mulsi3.o)
                0x00005ad0                __mulsi3
 .text.libgcc   0x00005b0e       0x18 /usr/lib/gcc/avr/4.5.3/avr51/libgcc.a(_udivmodqi4.o)
                0x00005b0e                __udivmodqi4
 .text.libgcc   0x00005b26       0x28 /usr/lib/gcc/avr/4.5.3/avr51/libgcc.a(_udivmodhi4.o)
                0x00005b26                __udivmodhi4
 .text.libgcc   0x00005b4e       0x26 /usr/lib/gcc/avr/4.5.3/avr51/libgcc.a(_divmodhi4.o)
                0x00005b4e                __divmodhi4
                0x00005b4e                _div
 .text.libgcc   0x00005b74       0x44 /usr/lib/gcc/avr/4.5.3/avr51/libgcc.a(_udivmodsi4.o)
                0x00005b74                __udivmodsi4
 .text.libgcc   0x00005bb8       0x38 /usr/lib/gcc/avr/4.5.3/avr51/libgcc.a(_prologue.o)
                0x00005bb8                __prologue_saves__
 .text.libgcc   0x00005bf0       0x36 /usr/lib/gcc/avr/4.5.3/avr51/libgcc.a(_epilogue.o)
                0x00005bf0                __epilogue_restores__
 .text.libgcc   0x00005c26        0x0 /usr/lib/gcc/avr/4.5.3/avr51/libgcc.a(_exit.o)
 .text.libgcc   0x00005c26        0xc /usr/lib/gcc/avr/4.5.3/avr51/libgcc.a(_tablejump.o)
                0x00005c26                __tablejump2__
                0x00005c2a                __tablejump__
 .text.libgcc   0x00005c32        0x0 /usr/lib/gcc/avr/4.5.3/avr51/libgcc.a(_copy_data.o)
 .text.libgcc   0x00005c32        0x0 /usr/lib/gcc/avr/4.5.3/avr51/libgcc.a(_clear_bss.o)
 .text.avr-libc
                0x00005c32       0x3c /usr/lib/gcc/avr/4.5.3/../../../avr/lib/avr51/libc.a(atoi.o)
                0x00005c32                atoi
 .text.avr-libc
                0x00005c6e       0x42 /usr/lib/gcc/avr/4.5.3/../../../avr/lib/avr51/libc.a(itoa.o)
                0x00005c6e                itoa
 .text.avr-libc
                0x00005cb0       0x10 /usr/lib/gcc/avr/4.5.3/../../../avr/lib/avr51/libc.a(mul10.o)
                0x00005cb0                __mulhi_const_10
 .text.avr-libc
                0x00005cc0       0x20 /usr/lib/gcc/avr/4.5.3/../../../avr/lib/avr51/libc.a(strrev.o)
                0x00005cc0                strrev
                0x00005ce0                . = ALIGN (0x2)
 *(.fini9)
 .fini9         0x00005ce0        0x0 /usr/lib/gcc/avr/4.5.3/avr51/libgcc.a(_exit.o)
                0x00005ce0                exit
                0x00005ce0                _exit
 *(.fini9)
 *(.fini8)
 *(.fini8)
 *(.fini7)
 *(.fini7)
 *(.fini6)
 *(.fini6)
 *(.fini5)
 *(.fini5)
 *(.fini4)
 *(.fini4)
 *(.fini3)
 *(.fini3)
 *(.fini2)
 *(.fini2)
 *(.fini1)
 *(.fini1)
 *(.fini0)
 .fini0         0x00005ce0        0x4 /usr/lib/gcc/avr/4.5.3/avr51/libgcc.a(_exit.o)
 *(.fini0)
                0x00005ce4                _etext = .

.data           0x00800100      0x2b2 load address 0x00005ce4
                0x00800100                PROVIDE (__data_start, .)
 *(.data)
 .data          0x00800100        0x0 /usr/lib/gcc/avr/4.5.3/../../../avr/lib/avr51/crtcan128.o
 .data          0x00800100        0x3 main.o
 .data          0x00800103        0x0 uart.o
 .data          0x00800103        0xb sdcard_fs_driver/ff.o
 .data          0x0080010e        0x1 sdcard_fs_driver/mmc.o
 .data          0x0080010f        0x0 sdcard_fs_driver/rtc.o
 .data          0x0080010f        0x0 can_std/can_drv.o
 .data          0x0080010f        0x0 can_std/can_lib.o
 .data          0x0080010f       0xed isr.o
                0x0080010f                RecCount
 .data          0x008001fc        0x0 error.o
 .data          0x008001fc        0x3 comm.o
 .data          0x008001ff        0x0 twi/twi.o
 .data          0x008001ff        0x1 log.o
                0x008001ff                sd_buf_in_use
 .data          0x00800200      0x152 ecu.o
                0x00800200                EcuData
 .data          0x00800352       0x58 can.o
 .data          0x008003aa        0x0 xitoa.o
 .data          0x008003aa        0x0 /usr/lib/gcc/avr/4.5.3/avr51/libgcc.a(_mulsi3.o)
 .data          0x008003aa        0x0 /usr/lib/gcc/avr/4.5.3/avr51/libgcc.a(_udivmodqi4.o)
 .data          0x008003aa        0x0 /usr/lib/gcc/avr/4.5.3/avr51/libgcc.a(_udivmodhi4.o)
 .data          0x008003aa        0x0 /usr/lib/gcc/avr/4.5.3/avr51/libgcc.a(_divmodhi4.o)
 .data          0x008003aa        0x0 /usr/lib/gcc/avr/4.5.3/avr51/libgcc.a(_udivmodsi4.o)
 .data          0x008003aa        0x0 /usr/lib/gcc/avr/4.5.3/avr51/libgcc.a(_prologue.o)
 .data          0x008003aa        0x0 /usr/lib/gcc/avr/4.5.3/avr51/libgcc.a(_epilogue.o)
 .data          0x008003aa        0x0 /usr/lib/gcc/avr/4.5.3/avr51/libgcc.a(_exit.o)
 .data          0x008003aa        0x0 /usr/lib/gcc/avr/4.5.3/avr51/libgcc.a(_tablejump.o)
 .data          0x008003aa        0x0 /usr/lib/gcc/avr/4.5.3/avr51/libgcc.a(_copy_data.o)
 .data          0x008003aa        0x0 /usr/lib/gcc/avr/4.5.3/avr51/libgcc.a(_clear_bss.o)
 .data          0x008003aa        0x0 /usr/lib/gcc/avr/4.5.3/avr51/libgcc.a(_addsub_sf.o)
 .data          0x008003aa        0x0 /usr/lib/gcc/avr/4.5.3/avr51/libgcc.a(_mul_sf.o)
 .data          0x008003aa        0x0 /usr/lib/gcc/avr/4.5.3/avr51/libgcc.a(_div_sf.o)
 .data          0x008003aa        0x0 /usr/lib/gcc/avr/4.5.3/avr51/libgcc.a(_sf_to_si.o)
 .data          0x008003aa        0x8 /usr/lib/gcc/avr/4.5.3/avr51/libgcc.a(_thenan_sf.o)
                0x008003aa                __thenan_sf
 .data          0x008003b2        0x0 /usr/lib/gcc/avr/4.5.3/avr51/libgcc.a(_pack_sf.o)
 .data          0x008003b2        0x0 /usr/lib/gcc/avr/4.5.3/avr51/libgcc.a(_unpack_sf.o)
 .data          0x008003b2        0x0 /usr/lib/gcc/avr/4.5.3/../../../avr/lib/avr51/libc.a(atoi.o)
 .data          0x008003b2        0x0 /usr/lib/gcc/avr/4.5.3/../../../avr/lib/avr51/libc.a(itoa.o)
 .data          0x008003b2        0x0 /usr/lib/gcc/avr/4.5.3/../../../avr/lib/avr51/libc.a(mul10.o)
 .data          0x008003b2        0x0 /usr/lib/gcc/avr/4.5.3/../../../avr/lib/avr51/libc.a(strrev.o)
 *(.data*)
 *(.rodata)
 *(.rodata*)
 *(.gnu.linkonce.d*)
                0x008003b2                . = ALIGN (0x2)
                0x008003b2                _edata = .
                0x008003b2                PROVIDE (__data_end, .)

.bss            0x008003b2      0x7cc
                0x008003b2                PROVIDE (__bss_start, .)
 *(.bss)
 .bss           0x008003b2        0x0 /usr/lib/gcc/avr/4.5.3/../../../avr/lib/avr51/crtcan128.o
 .bss           0x008003b2        0x0 main.o
 .bss           0x008003b2        0x0 uart.o
 .bss           0x008003b2        0x5 sdcard_fs_driver/ff.o
 .bss           0x008003b7        0x3 sdcard_fs_driver/mmc.o
 .bss           0x008003ba        0x0 sdcard_fs_driver/rtc.o
 .bss           0x008003ba        0x0 can_std/can_drv.o
 .bss           0x008003ba        0x0 can_std/can_lib.o
 .bss           0x008003ba        0xc isr.o
                0x008003ba                RecIndex
                0x008003bc                RecJ
                0x008003bd                RecXbeeSend
                0x008003be                RecCanSend
                0x008003bf                RecToSd
                0x008003c0                SdIdNum
                0x008003c1                CanDataIndex
                0x008003c2                testvar
                0x008003c4                xbee_sending
                0x008003c5                nextId
 .bss           0x008003c6        0x2 error.o
                0x008003c6                EcuCommError
                0x008003c7                EcuErrorTmp
 .bss           0x008003c8        0x1 comm.o
                0x008003c8                xbee_seq_index
 .bss           0x008003c9        0x0 twi/twi.o
 .bss           0x008003c9        0x3 log.o
                0x008003c9                sd_buf1_head
                0x008003ca                sd_buf2_head
                0x008003cb                sd_buf_write
 .bss           0x008003cc        0x0 ecu.o
 .bss           0x008003cc        0x0 can.o
 .bss           0x008003cc        0x2 xitoa.o
                0x008003cc                xfunc_out
 .bss           0x008003ce        0x0 /usr/lib/gcc/avr/4.5.3/avr51/libgcc.a(_mulsi3.o)
 .bss           0x008003ce        0x0 /usr/lib/gcc/avr/4.5.3/avr51/libgcc.a(_udivmodqi4.o)
 .bss           0x008003ce        0x0 /usr/lib/gcc/avr/4.5.3/avr51/libgcc.a(_udivmodhi4.o)
 .bss           0x008003ce        0x0 /usr/lib/gcc/avr/4.5.3/avr51/libgcc.a(_divmodhi4.o)
 .bss           0x008003ce        0x0 /usr/lib/gcc/avr/4.5.3/avr51/libgcc.a(_udivmodsi4.o)
 .bss           0x008003ce        0x0 /usr/lib/gcc/avr/4.5.3/avr51/libgcc.a(_prologue.o)
 .bss           0x008003ce        0x0 /usr/lib/gcc/avr/4.5.3/avr51/libgcc.a(_epilogue.o)
 .bss           0x008003ce        0x0 /usr/lib/gcc/avr/4.5.3/avr51/libgcc.a(_exit.o)
 .bss           0x008003ce        0x0 /usr/lib/gcc/avr/4.5.3/avr51/libgcc.a(_tablejump.o)
 .bss           0x008003ce        0x0 /usr/lib/gcc/avr/4.5.3/avr51/libgcc.a(_copy_data.o)
 .bss           0x008003ce        0x0 /usr/lib/gcc/avr/4.5.3/avr51/libgcc.a(_clear_bss.o)
 .bss           0x008003ce        0x0 /usr/lib/gcc/avr/4.5.3/avr51/libgcc.a(_addsub_sf.o)
 .bss           0x008003ce        0x0 /usr/lib/gcc/avr/4.5.3/avr51/libgcc.a(_mul_sf.o)
 .bss           0x008003ce        0x0 /usr/lib/gcc/avr/4.5.3/avr51/libgcc.a(_div_sf.o)
 .bss           0x008003ce        0x0 /usr/lib/gcc/avr/4.5.3/avr51/libgcc.a(_sf_to_si.o)
 .bss           0x008003ce        0x0 /usr/lib/gcc/avr/4.5.3/avr51/libgcc.a(_thenan_sf.o)
 .bss           0x008003ce        0x0 /usr/lib/gcc/avr/4.5.3/avr51/libgcc.a(_pack_sf.o)
 .bss           0x008003ce        0x0 /usr/lib/gcc/avr/4.5.3/avr51/libgcc.a(_unpack_sf.o)
 .bss           0x008003ce        0x0 /usr/lib/gcc/avr/4.5.3/../../../avr/lib/avr51/libc.a(atoi.o)
 .bss           0x008003ce        0x0 /usr/lib/gcc/avr/4.5.3/../../../avr/lib/avr51/libc.a(itoa.o)
 .bss           0x008003ce        0x0 /usr/lib/gcc/avr/4.5.3/../../../avr/lib/avr51/libc.a(mul10.o)
 .bss           0x008003ce        0x0 /usr/lib/gcc/avr/4.5.3/../../../avr/lib/avr51/libc.a(strrev.o)
 *(.bss*)
 *(COMMON)
 COMMON         0x008003ce      0x6d2 main.o
                0x008003ce                Fatfs
                0x00800600                Finfo
                0x00800616                acc_dirs
                0x00800618                acc_files
                0x0080061a                Timer
                0x0080061c                Buff
                0x00800a1c                acc_size
                0x00800a20                xbee_q
 COMMON         0x00800aa0        0x8 isr.o
                0x00800aa0                CanSendData
 COMMON         0x00800aa8       0xc8 log.o
                0x00800aa8                sd_data_buf1
                0x00800b0c                sd_data_buf2
 COMMON         0x00800b70        0xe can.o
                0x00800b70                tx_remote_msg
                0x00800b7e                PROVIDE (__bss_end, .)
                0x00005ce4                __data_load_start = LOADADDR (.data)
                0x00005f96                __data_load_end = (__data_load_start + SIZEOF (.data))

.noinit         0x00800b7e        0x0
                0x00800b7e                PROVIDE (__noinit_start, .)
 *(.noinit*)
                0x00800b7e                PROVIDE (__noinit_end, .)
                0x00800b7e                _end = .
                0x00800b7e                PROVIDE (__heap_start, .)

.eeprom         0x00810000        0x0
 *(.eeprom*)
                0x00810000                __eeprom_end = .

.fuse
 *(.fuse)
 *(.lfuse)
 *(.hfuse)
 *(.efuse)

.lock
 *(.lock*)

.signature
 *(.signature*)

.stab           0x00000000     0x183c
 *(.stab)
 .stab          0x00000000      0x6cc /usr/lib/gcc/avr/4.5.3/../../../avr/lib/avr51/crtcan128.o
 .stab          0x000006cc      0xcfc xitoa.o
                                0xd08 (size before relaxing)
 .stab          0x000013c8      0x174 /usr/lib/gcc/avr/4.5.3/../../../avr/lib/avr51/libc.a(atoi.o)
                                0x180 (size before relaxing)
 .stab          0x0000153c      0x1b0 /usr/lib/gcc/avr/4.5.3/../../../avr/lib/avr51/libc.a(itoa.o)
                                0x1bc (size before relaxing)
 .stab          0x000016ec       0x78 /usr/lib/gcc/avr/4.5.3/../../../avr/lib/avr51/libc.a(mul10.o)
                                 0x84 (size before relaxing)
 .stab          0x00001764       0xd8 /usr/lib/gcc/avr/4.5.3/../../../avr/lib/avr51/libc.a(strrev.o)
                                 0xe4 (size before relaxing)

.stabstr        0x00000000      0x152
 *(.stabstr)
 .stabstr       0x00000000      0x152 /usr/lib/gcc/avr/4.5.3/../../../avr/lib/avr51/crtcan128.o

.stab.excl
 *(.stab.excl)

.stab.exclstr
 *(.stab.exclstr)

.stab.index
 *(.stab.index)

.stab.indexstr
 *(.stab.indexstr)

.comment
 *(.comment)

.debug
 *(.debug)

.line
 *(.line)

.debug_srcinfo
 *(.debug_srcinfo)

.debug_sfnames
 *(.debug_sfnames)

.debug_aranges  0x00000000      0x1a0
 *(.debug_aranges)
 .debug_aranges
                0x00000000       0x20 main.o
 .debug_aranges
                0x00000020       0x20 uart.o
 .debug_aranges
                0x00000040       0x20 sdcard_fs_driver/ff.o
 .debug_aranges
                0x00000060       0x20 sdcard_fs_driver/mmc.o
 .debug_aranges
                0x00000080       0x20 sdcard_fs_driver/rtc.o
 .debug_aranges
                0x000000a0       0x20 can_std/can_drv.o
 .debug_aranges
                0x000000c0       0x20 can_std/can_lib.o
 .debug_aranges
                0x000000e0       0x20 isr.o
 .debug_aranges
                0x00000100       0x20 comm.o
 .debug_aranges
                0x00000120       0x20 twi/twi.o
 .debug_aranges
                0x00000140       0x20 log.o
 .debug_aranges
                0x00000160       0x20 ecu.o
 .debug_aranges
                0x00000180       0x20 can.o

.debug_pubnames
                0x00000000      0x724
 *(.debug_pubnames)
 .debug_pubnames
                0x00000000       0x94 main.o
 .debug_pubnames
                0x00000094       0xb7 uart.o
 .debug_pubnames
                0x0000014b       0xd0 sdcard_fs_driver/ff.o
 .debug_pubnames
                0x0000021b       0x75 sdcard_fs_driver/mmc.o
 .debug_pubnames
                0x00000290       0x6f sdcard_fs_driver/rtc.o
 .debug_pubnames
                0x000002ff       0x92 can_std/can_drv.o
 .debug_pubnames
                0x00000391       0x3e can_std/can_lib.o
 .debug_pubnames
                0x000003cf       0xf0 isr.o
 .debug_pubnames
                0x000004bf       0x33 error.o
 .debug_pubnames
                0x000004f2       0x46 comm.o
 .debug_pubnames
                0x00000538       0x54 twi/twi.o
 .debug_pubnames
                0x0000058c       0xbd log.o
 .debug_pubnames
                0x00000649       0x52 ecu.o
 .debug_pubnames
                0x0000069b       0x89 can.o

.debug_info     0x00000000     0x4f18
 *(.debug_info)
 .debug_info    0x00000000      0xbb7 main.o
 .debug_info    0x00000bb7      0x240 uart.o
 .debug_info    0x00000df7     0x1564 sdcard_fs_driver/ff.o
 .debug_info    0x0000235b      0x541 sdcard_fs_driver/mmc.o
 .debug_info    0x0000289c      0x312 sdcard_fs_driver/rtc.o
 .debug_info    0x00002bae      0x336 can_std/can_drv.o
 .debug_info    0x00002ee4      0x305 can_std/can_lib.o
 .debug_info    0x000031e9      0x663 isr.o
 .debug_info    0x0000384c       0x9a error.o
 .debug_info    0x000038e6      0x36e comm.o
 .debug_info    0x00003c54      0x130 twi/twi.o
 .debug_info    0x00003d84      0x60c log.o
 .debug_info    0x00004390      0x4de ecu.o
 .debug_info    0x0000486e      0x6aa can.o
 *(.gnu.linkonce.wi.*)

.debug_abbrev   0x00000000     0x1417
 *(.debug_abbrev)
 .debug_abbrev  0x00000000      0x27c main.o
 .debug_abbrev  0x0000027c       0xec uart.o
 .debug_abbrev  0x00000368      0x30e sdcard_fs_driver/ff.o
 .debug_abbrev  0x00000676      0x1ad sdcard_fs_driver/mmc.o
 .debug_abbrev  0x00000823      0x12f sdcard_fs_driver/rtc.o
 .debug_abbrev  0x00000952      0x114 can_std/can_drv.o
 .debug_abbrev  0x00000a66      0x143 can_std/can_lib.o
 .debug_abbrev  0x00000ba9      0x171 isr.o
 .debug_abbrev  0x00000d1a       0x48 error.o
 .debug_abbrev  0x00000d62       0xf6 comm.o
 .debug_abbrev  0x00000e58       0xc7 twi/twi.o
 .debug_abbrev  0x00000f1f      0x15a log.o
 .debug_abbrev  0x00001079      0x1a9 ecu.o
 .debug_abbrev  0x00001222      0x1f5 can.o

.debug_line     0x00000000     0x40ef
 *(.debug_line)
 .debug_line    0x00000000      0x36a main.o
 .debug_line    0x0000036a      0x210 uart.o
 .debug_line    0x0000057a     0x1818 sdcard_fs_driver/ff.o
 .debug_line    0x00001d92      0x8cb sdcard_fs_driver/mmc.o
 .debug_line    0x0000265d      0x2c7 sdcard_fs_driver/rtc.o
 .debug_line    0x00002924      0x500 can_std/can_drv.o
 .debug_line    0x00002e24      0x4d3 can_std/can_lib.o
 .debug_line    0x000032f7      0x37d isr.o
 .debug_line    0x00003674       0x57 error.o
 .debug_line    0x000036cb       0xeb comm.o
 .debug_line    0x000037b6      0x17a twi/twi.o
 .debug_line    0x00003930      0x1cd log.o
 .debug_line    0x00003afd      0x2be ecu.o
 .debug_line    0x00003dbb      0x334 can.o

.debug_frame    0x00000000      0x610
 *(.debug_frame)
 .debug_frame   0x00000000       0x40 main.o
 .debug_frame   0x00000040       0xb0 uart.o
 .debug_frame   0x000000f0      0x180 sdcard_fs_driver/ff.o
 .debug_frame   0x00000270      0x100 sdcard_fs_driver/mmc.o
 .debug_frame   0x00000370       0x70 sdcard_fs_driver/rtc.o
 .debug_frame   0x000003e0       0x70 can_std/can_drv.o
 .debug_frame   0x00000450       0x40 can_std/can_lib.o
 .debug_frame   0x00000490       0x40 isr.o
 .debug_frame   0x000004d0       0x20 comm.o
 .debug_frame   0x000004f0       0x60 twi/twi.o
 .debug_frame   0x00000550       0x40 log.o
 .debug_frame   0x00000590       0x30 ecu.o
 .debug_frame   0x000005c0       0x50 can.o

.debug_str      0x00000000      0xf51
 *(.debug_str)
 .debug_str     0x00000000      0x609 main.o
                                0x6a1 (size before relaxing)
 .debug_str     0x00000609       0xb8 uart.o
                                0x198 (size before relaxing)
 .debug_str     0x000006c1      0x2ce sdcard_fs_driver/ff.o
                                0x4f2 (size before relaxing)
 .debug_str     0x0000098f       0xf8 sdcard_fs_driver/mmc.o
                                0x251 (size before relaxing)
 .debug_str     0x00000a87       0x5c sdcard_fs_driver/rtc.o
                                0x185 (size before relaxing)
 .debug_str     0x00000ae3      0x18b can_std/can_drv.o
                                0x26f (size before relaxing)
 .debug_str     0x00000c6e       0x57 can_std/can_lib.o
                                0x238 (size before relaxing)
 .debug_str     0x00000cc5       0xf7 isr.o
                                0x422 (size before relaxing)
 .debug_str     0x00000dbc        0x8 error.o
                                 0xed (size before relaxing)
 .debug_str     0x00000dc4       0x19 comm.o
                                0x360 (size before relaxing)
 .debug_str     0x00000ddd       0x38 twi/twi.o
                                0x121 (size before relaxing)
 .debug_str     0x00000e15       0x8b log.o
                                0x387 (size before relaxing)
 .debug_str     0x00000ea0       0x27 ecu.o
                                0x395 (size before relaxing)
 .debug_str     0x00000ec7       0x8a can.o
                                0x4da (size before relaxing)

.debug_loc      0x00000000     0x3eca
 *(.debug_loc)
 .debug_loc     0x00000000       0x28 main.o
 .debug_loc     0x00000028      0x145 uart.o
 .debug_loc     0x0000016d     0x272b sdcard_fs_driver/ff.o
 .debug_loc     0x00002898      0x7a0 sdcard_fs_driver/mmc.o
 .debug_loc     0x00003038      0x1ea sdcard_fs_driver/rtc.o
 .debug_loc     0x00003222      0x556 can_std/can_drv.o
 .debug_loc     0x00003778      0x1db can_std/can_lib.o
 .debug_loc     0x00003953       0x9b isr.o
 .debug_loc     0x000039ee       0x47 twi/twi.o
 .debug_loc     0x00003a35      0x136 log.o
 .debug_loc     0x00003b6b      0x11c ecu.o
 .debug_loc     0x00003c87      0x243 can.o

.debug_macinfo
 *(.debug_macinfo)
OUTPUT(node1.elf elf32-avr)
LOAD linker stubs

.debug_pubtypes
                0x00000000      0x611
 .debug_pubtypes
                0x00000000      0x136 main.o
 .debug_pubtypes
                0x00000136       0x1e uart.o
 .debug_pubtypes
                0x00000154       0xb6 sdcard_fs_driver/ff.o
 .debug_pubtypes
                0x0000020a       0x71 sdcard_fs_driver/mmc.o
 .debug_pubtypes
                0x0000027b       0x41 sdcard_fs_driver/rtc.o
 .debug_pubtypes
                0x000002bc       0x2d can_std/can_drv.o
 .debug_pubtypes
                0x000002e9       0x7e can_std/can_lib.o
 .debug_pubtypes
                0x00000367       0x64 isr.o
 .debug_pubtypes
                0x000003cb       0x19 error.o
 .debug_pubtypes
                0x000003e4       0x5d comm.o
 .debug_pubtypes
                0x00000441       0x27 twi/twi.o
 .debug_pubtypes
                0x00000468       0x97 log.o
 .debug_pubtypes
                0x000004ff       0x64 ecu.o
 .debug_pubtypes
                0x00000563       0xae can.o

.debug_ranges   0x00000000      0x1a0
 .debug_ranges  0x00000000      0x158 sdcard_fs_driver/ff.o
 .debug_ranges  0x00000158       0x18 ecu.o
 .debug_ranges  0x00000170       0x30 can.o
