Archive member included because of file (symbol)

/usr/lib/gcc/avr/4.5.3/avr51/libgcc.a(_mulsi3.o)
                              sdcard_fs_driver/ff.o (__mulsi3)
/usr/lib/gcc/avr/4.5.3/avr51/libgcc.a(_udivmodqi4.o)
                              sdcard_fs_driver/rtc.o (__udivmodqi4)
/usr/lib/gcc/avr/4.5.3/avr51/libgcc.a(_udivmodhi4.o)
                              sdcard_fs_driver/rtc.o (__udivmodhi4)
/usr/lib/gcc/avr/4.5.3/avr51/libgcc.a(_divmodhi4.o)
                              isr.o (__divmodhi4)
/usr/lib/gcc/avr/4.5.3/avr51/libgcc.a(_udivmodsi4.o)
                              sdcard_fs_driver/ff.o (__udivmodsi4)
/usr/lib/gcc/avr/4.5.3/avr51/libgcc.a(_prologue.o)
                              main.o (__prologue_saves__)
/usr/lib/gcc/avr/4.5.3/avr51/libgcc.a(_epilogue.o)
                              main.o (__epilogue_restores__)
/usr/lib/gcc/avr/4.5.3/avr51/libgcc.a(_exit.o)
                              /usr/lib/gcc/avr/4.5.3/../../../avr/lib/avr51/crtcan128.o (exit)
/usr/lib/gcc/avr/4.5.3/avr51/libgcc.a(_tablejump.o)
                              sdcard_fs_driver/mmc.o (__tablejump2__)
/usr/lib/gcc/avr/4.5.3/avr51/libgcc.a(_copy_data.o)
                              main.o (__do_copy_data)
/usr/lib/gcc/avr/4.5.3/avr51/libgcc.a(_clear_bss.o)
                              main.o (__do_clear_bss)
/usr/lib/gcc/avr/4.5.3/avr51/libgcc.a(_addsub_sf.o)
                              uart.o (__addsf3)
/usr/lib/gcc/avr/4.5.3/avr51/libgcc.a(_mul_sf.o)
                              uart.o (__mulsf3)
/usr/lib/gcc/avr/4.5.3/avr51/libgcc.a(_div_sf.o)
                              uart.o (__divsf3)
/usr/lib/gcc/avr/4.5.3/avr51/libgcc.a(_sf_to_si.o)
                              uart.o (__fixsfsi)
/usr/lib/gcc/avr/4.5.3/avr51/libgcc.a(_thenan_sf.o)
                              /usr/lib/gcc/avr/4.5.3/avr51/libgcc.a(_addsub_sf.o) (__thenan_sf)
/usr/lib/gcc/avr/4.5.3/avr51/libgcc.a(_pack_sf.o)
                              /usr/lib/gcc/avr/4.5.3/avr51/libgcc.a(_addsub_sf.o) (__pack_f)
/usr/lib/gcc/avr/4.5.3/avr51/libgcc.a(_unpack_sf.o)
                              /usr/lib/gcc/avr/4.5.3/avr51/libgcc.a(_addsub_sf.o) (__unpack_f)
/usr/lib/gcc/avr/4.5.3/../../../avr/lib/avr51/libc.a(atoi.o)
                              log.o (atoi)
/usr/lib/gcc/avr/4.5.3/../../../avr/lib/avr51/libc.a(itoa.o)
                              main.o (itoa)
/usr/lib/gcc/avr/4.5.3/../../../avr/lib/avr51/libc.a(mul10.o)
                              /usr/lib/gcc/avr/4.5.3/../../../avr/lib/avr51/libc.a(atoi.o) (__mulhi_const_10)
/usr/lib/gcc/avr/4.5.3/../../../avr/lib/avr51/libc.a(strrev.o)
                              /usr/lib/gcc/avr/4.5.3/../../../avr/lib/avr51/libc.a(itoa.o) (strrev)

Allocating common symbols
Common symbol       size              file

Fatfs               0x232             main.o
canDataTest         0x8               test_vars.o
CanSendData         0x8               isr.o
tx_remote_buffer    0x8               can_func.o
Finfo               0x16              main.o
response_buffer     0x10              can_func.o
acc_dirs            0x2               main.o
acc_files           0x2               main.o
Timer               0x2               main.o
Buff                0x400             main.o
tx_remote_msg       0xe               can_func.o
acc_size            0x4               main.o
databuffer          0x10              can_func.o
xbee_q              0x80              main.o
response_msg        0x1c              can_func.o

Memory Configuration

Name             Origin             Length             Attributes
text             0x00000000         0x00020000         xr
data             0x00800100         0x0000ff00         rw !x
eeprom           0x00810000         0x00010000         rw !x
fuse             0x00820000         0x00000400         rw !x
lock             0x00830000         0x00000400         rw !x
signature        0x00840000         0x00000400         rw !x
*default*        0x00000000         0xffffffff

Linker script and memory map

Address of section .data set to 0x800100
LOAD /usr/lib/gcc/avr/4.5.3/../../../avr/lib/avr51/crtcan128.o
LOAD main.o
LOAD uart.o
LOAD sdcard_fs_driver/ff.o
LOAD sdcard_fs_driver/mmc.o
LOAD sdcard_fs_driver/rtc.o
LOAD can_std/can_drv.o
LOAD can_std/can_lib.o
LOAD can_func.o
LOAD isr.o
LOAD error.o
LOAD comm.o
LOAD twi/twi.o
LOAD log.o
LOAD ecu.o
LOAD can_new.o
LOAD test_vars.o
LOAD xitoa.o
LOAD /usr/lib/gcc/avr/4.5.3/avr51/libgcc.a
LOAD /usr/lib/gcc/avr/4.5.3/../../../avr/lib/avr51/libc.a
LOAD /usr/lib/gcc/avr/4.5.3/avr51/libgcc.a

.hash
 *(.hash)

.dynsym
 *(.dynsym)

.dynstr
 *(.dynstr)

.gnu.version
 *(.gnu.version)

.gnu.version_d
 *(.gnu.version_d)

.gnu.version_r
 *(.gnu.version_r)

.rel.init
 *(.rel.init)

.rela.init
 *(.rela.init)

.rel.text
 *(.rel.text)
 *(.rel.text.*)
 *(.rel.gnu.linkonce.t*)

.rela.text
 *(.rela.text)
 *(.rela.text.*)
 *(.rela.gnu.linkonce.t*)

.rel.fini
 *(.rel.fini)

.rela.fini
 *(.rela.fini)

.rel.rodata
 *(.rel.rodata)
 *(.rel.rodata.*)
 *(.rel.gnu.linkonce.r*)

.rela.rodata
 *(.rela.rodata)
 *(.rela.rodata.*)
 *(.rela.gnu.linkonce.r*)

.rel.data
 *(.rel.data)
 *(.rel.data.*)
 *(.rel.gnu.linkonce.d*)

.rela.data
 *(.rela.data)
 *(.rela.data.*)
 *(.rela.gnu.linkonce.d*)

.rel.ctors
 *(.rel.ctors)

.rela.ctors
 *(.rela.ctors)

.rel.dtors
 *(.rel.dtors)

.rela.dtors
 *(.rela.dtors)

.rel.got
 *(.rel.got)

.rela.got
 *(.rela.got)

.rel.bss
 *(.rel.bss)

.rela.bss
 *(.rela.bss)

.rel.plt
 *(.rel.plt)

.rela.plt
 *(.rela.plt)

.text           0x00000000     0x5be8
 *(.vectors)
 .vectors       0x00000000       0x94 /usr/lib/gcc/avr/4.5.3/../../../avr/lib/avr51/crtcan128.o
                0x00000000                __vectors
                0x00000000                __vector_default
 *(.vectors)
 *(.progmem.gcc*)
 .progmem.gcc_sw_table
                0x00000094       0x1e sdcard_fs_driver/mmc.o
 .progmem.gcc_sw_table
                0x000000b2       0x16 can_std/can_lib.o
 *(.progmem*)
 .progmem.data  0x000000c8       0xbf main.o
                0x00000188                . = ALIGN (0x2)
 *fill*         0x00000187        0x1 00
                0x00000188                __trampolines_start = .
 *(.trampolines)
 .trampolines   0x00000188        0x0 linker stubs
 *(.trampolines*)
                0x00000188                __trampolines_end = .
 *(.jumptables)
 *(.jumptables*)
 *(.lowtext)
 *(.lowtext*)
                0x00000188                __ctors_start = .
 *(.ctors)
                0x00000188                __ctors_end = .
                0x00000188                __dtors_start = .
 *(.dtors)
                0x00000188                __dtors_end = .
 SORT(*)(.ctors)
 SORT(*)(.dtors)
 *(.init0)
 .init0         0x00000188        0x0 /usr/lib/gcc/avr/4.5.3/../../../avr/lib/avr51/crtcan128.o
                0x00000188                __init
 *(.init0)
 *(.init1)
 *(.init1)
 *(.init2)
 .init2         0x00000188        0xc /usr/lib/gcc/avr/4.5.3/../../../avr/lib/avr51/crtcan128.o
 *(.init2)
 *(.init3)
 *(.init3)
 *(.init4)
 .init4         0x00000194       0x1a /usr/lib/gcc/avr/4.5.3/avr51/libgcc.a(_copy_data.o)
                0x00000194                __do_copy_data
 .init4         0x000001ae       0x10 /usr/lib/gcc/avr/4.5.3/avr51/libgcc.a(_clear_bss.o)
                0x000001ae                __do_clear_bss
 *(.init4)
 *(.init5)
 *(.init5)
 *(.init6)
 *(.init6)
 *(.init7)
 *(.init7)
 *(.init8)
 *(.init8)
 *(.init9)
 .init9         0x000001be        0x8 /usr/lib/gcc/avr/4.5.3/../../../avr/lib/avr51/crtcan128.o
 *(.init9)
 *(.text)
 .text          0x000001c6        0x4 /usr/lib/gcc/avr/4.5.3/../../../avr/lib/avr51/crtcan128.o
                0x000001c6                __vector_22
                0x000001c6                __vector_28
                0x000001c6                __vector_1
                0x000001c6                __vector_32
                0x000001c6                __vector_34
                0x000001c6                __vector_24
                0x000001c6                __vector_12
                0x000001c6                __bad_interrupt
                0x000001c6                __vector_6
                0x000001c6                __vector_31
                0x000001c6                __vector_35
                0x000001c6                __vector_3
                0x000001c6                __vector_23
                0x000001c6                __vector_30
                0x000001c6                __vector_25
                0x000001c6                __vector_11
                0x000001c6                __vector_13
                0x000001c6                __vector_17
                0x000001c6                __vector_19
                0x000001c6                __vector_7
                0x000001c6                __vector_27
                0x000001c6                __vector_5
                0x000001c6                __vector_4
                0x000001c6                __vector_2
                0x000001c6                __vector_15
                0x000001c6                __vector_36
                0x000001c6                __vector_29
                0x000001c6                __vector_8
                0x000001c6                __vector_26
                0x000001c6                __vector_14
                0x000001c6                __vector_10
                0x000001c6                __vector_20
 .text          0x000001ca      0x466 main.o
                0x000001ca                __vector_9
                0x0000022c                get_fattime
                0x000002e8                main
 .text          0x00000630      0x1b6 uart.o
                0x00000630                USART0_Transmit
                0x0000063e                USART1_Transmit
                0x0000064c                USART_set_baud_rate
                0x00000738                uart_init
                0x00000764                uart_get
                0x00000772                uart_put_test
                0x0000078a                uart_put
                0x00000790                uart_puts
                0x000007b8                uart1_put
                0x000007be                uart1_puts
 .text          0x000007e6     0x21ac sdcard_fs_driver/ff.o
                0x0000099a                get_fat
                0x00000b04                put_fat
                0x00000e34                clust2sect
                0x00001470                chk_mounted
                0x0000184a                f_mount
                0x0000187c                f_open
                0x00001c2e                f_read
                0x00001e8a                f_write
                0x000021a8                f_sync
                0x00002312                f_close
                0x0000232e                f_chdrive
                0x00002344                f_chdir
                0x000023f0                f_lseek
                0x00002752                f_opendir
                0x00002802                f_readdir
 .text          0x00002992      0x80a sdcard_fs_driver/mmc.o
                0x00002bba                disk_initialize
                0x00002d0c                disk_status
                0x00002d1a                disk_read
                0x00002dc6                disk_write
                0x00002eb2                disk_ioctl
                0x0000317e                disk_timerproc
 .text          0x0000319c      0x2de sdcard_fs_driver/rtc.o
                0x0000319c                RTC_write
                0x00003218                rtc_clearHaltBit
                0x00003240                RTC_read
                0x000032f8                rtc_gettime
                0x000033d8                rtc_settime
                0x00003470                rtc_init
 .text          0x0000347a      0x368 can_std/can_drv.o
                0x0000347a                can_clear_all_mob
                0x0000349a                can_get_mob_free
                0x000034c6                can_get_mob_status
                0x000034ec                can_get_data
                0x00003514                can_auto_baudrate
                0x000037c8                can_fixed_baudrate
 .text          0x000037e2      0xc56 can_std/can_lib.o
                0x000037e2                can_init
                0x00003800                can_cmd
                0x00004316                can_get_status
 .text          0x00004438      0x172 can_func.o
                0x00004438                init_can_data_mobs
                0x00004472                can_data_mob_setup
                0x00004542                can_send
                0x00004582                can_update_rx_msg
 .text          0x000045aa      0x3cc isr.o
                0x000045aa                __vector_16
                0x0000468a                __vector_21
                0x00004898                __vector_33
 .text          0x00004976        0x0 error.o
 .text          0x00004976       0x3e comm.o
                0x00004976                xbee_send_trigger
 .text          0x000049b4       0x7e twi/twi.o
                0x000049b4                TWI_init
                0x000049c6                TWI_start
                0x000049fa                TWI_send
                0x00004a0e                TWI_rcvr
                0x00004a2a                TWI_stop
 .text          0x00004a32       0x4a log.o
                0x00004a32                get_free_log_number
 .text          0x00004a7c      0x174 ecu.o
                0x00004a7c                ecu_val_to_xbee
                0x00004b34                ecu_data_handler
 .text          0x00004bf0      0x21e can_new.o
                0x00004bf0                __vector_18
                0x00004dcc                can_send_non_blocking
 .text          0x00004e0e        0x0 test_vars.o
 .text          0x00004e0e      0x214 xitoa.o
                0x00004e0e                xputc
                0x00004e2c                xputs
                0x00004e3a                xitoa
                0x00004eb0                xprintf
                0x00004f6c                xatoi
 .text          0x00005022        0x0 /usr/lib/gcc/avr/4.5.3/avr51/libgcc.a(_mulsi3.o)
 .text          0x00005022        0x0 /usr/lib/gcc/avr/4.5.3/avr51/libgcc.a(_udivmodqi4.o)
 .text          0x00005022        0x0 /usr/lib/gcc/avr/4.5.3/avr51/libgcc.a(_udivmodhi4.o)
 .text          0x00005022        0x0 /usr/lib/gcc/avr/4.5.3/avr51/libgcc.a(_divmodhi4.o)
 .text          0x00005022        0x0 /usr/lib/gcc/avr/4.5.3/avr51/libgcc.a(_udivmodsi4.o)
 .text          0x00005022        0x0 /usr/lib/gcc/avr/4.5.3/avr51/libgcc.a(_prologue.o)
 .text          0x00005022        0x0 /usr/lib/gcc/avr/4.5.3/avr51/libgcc.a(_epilogue.o)
 .text          0x00005022        0x0 /usr/lib/gcc/avr/4.5.3/avr51/libgcc.a(_exit.o)
 .text          0x00005022        0x0 /usr/lib/gcc/avr/4.5.3/avr51/libgcc.a(_tablejump.o)
 .text          0x00005022        0x0 /usr/lib/gcc/avr/4.5.3/avr51/libgcc.a(_copy_data.o)
 .text          0x00005022        0x0 /usr/lib/gcc/avr/4.5.3/avr51/libgcc.a(_clear_bss.o)
 .text          0x00005022      0x350 /usr/lib/gcc/avr/4.5.3/avr51/libgcc.a(_addsub_sf.o)
                0x000052b6                __addsf3
                0x00005310                __subsf3
 .text          0x00005372      0x1f4 /usr/lib/gcc/avr/4.5.3/avr51/libgcc.a(_mul_sf.o)
                0x00005372                __mulsf3
 .text          0x00005566      0x15c /usr/lib/gcc/avr/4.5.3/avr51/libgcc.a(_div_sf.o)
                0x00005566                __divsf3
 .text          0x000056c2       0xa4 /usr/lib/gcc/avr/4.5.3/avr51/libgcc.a(_sf_to_si.o)
                0x000056c2                __fixsfsi
 .text          0x00005766        0x0 /usr/lib/gcc/avr/4.5.3/avr51/libgcc.a(_thenan_sf.o)
 .text          0x00005766      0x19c /usr/lib/gcc/avr/4.5.3/avr51/libgcc.a(_pack_sf.o)
                0x00005766                __pack_f
 .text          0x00005902       0xd2 /usr/lib/gcc/avr/4.5.3/avr51/libgcc.a(_unpack_sf.o)
                0x00005902                __unpack_f
 .text          0x000059d4        0x0 /usr/lib/gcc/avr/4.5.3/../../../avr/lib/avr51/libc.a(atoi.o)
 .text          0x000059d4        0x0 /usr/lib/gcc/avr/4.5.3/../../../avr/lib/avr51/libc.a(itoa.o)
 .text          0x000059d4        0x0 /usr/lib/gcc/avr/4.5.3/../../../avr/lib/avr51/libc.a(mul10.o)
 .text          0x000059d4        0x0 /usr/lib/gcc/avr/4.5.3/../../../avr/lib/avr51/libc.a(strrev.o)
                0x000059d4                . = ALIGN (0x2)
 *(.text.*)
 .text.libgcc   0x000059d4       0x3e /usr/lib/gcc/avr/4.5.3/avr51/libgcc.a(_mulsi3.o)
                0x000059d4                __mulsi3
 .text.libgcc   0x00005a12       0x18 /usr/lib/gcc/avr/4.5.3/avr51/libgcc.a(_udivmodqi4.o)
                0x00005a12                __udivmodqi4
 .text.libgcc   0x00005a2a       0x28 /usr/lib/gcc/avr/4.5.3/avr51/libgcc.a(_udivmodhi4.o)
                0x00005a2a                __udivmodhi4
 .text.libgcc   0x00005a52       0x26 /usr/lib/gcc/avr/4.5.3/avr51/libgcc.a(_divmodhi4.o)
                0x00005a52                __divmodhi4
                0x00005a52                _div
 .text.libgcc   0x00005a78       0x44 /usr/lib/gcc/avr/4.5.3/avr51/libgcc.a(_udivmodsi4.o)
                0x00005a78                __udivmodsi4
 .text.libgcc   0x00005abc       0x38 /usr/lib/gcc/avr/4.5.3/avr51/libgcc.a(_prologue.o)
                0x00005abc                __prologue_saves__
 .text.libgcc   0x00005af4       0x36 /usr/lib/gcc/avr/4.5.3/avr51/libgcc.a(_epilogue.o)
                0x00005af4                __epilogue_restores__
 .text.libgcc   0x00005b2a        0x0 /usr/lib/gcc/avr/4.5.3/avr51/libgcc.a(_exit.o)
 .text.libgcc   0x00005b2a        0xc /usr/lib/gcc/avr/4.5.3/avr51/libgcc.a(_tablejump.o)
                0x00005b2a                __tablejump2__
                0x00005b2e                __tablejump__
 .text.libgcc   0x00005b36        0x0 /usr/lib/gcc/avr/4.5.3/avr51/libgcc.a(_copy_data.o)
 .text.libgcc   0x00005b36        0x0 /usr/lib/gcc/avr/4.5.3/avr51/libgcc.a(_clear_bss.o)
 .text.avr-libc
                0x00005b36       0x3c /usr/lib/gcc/avr/4.5.3/../../../avr/lib/avr51/libc.a(atoi.o)
                0x00005b36                atoi
 .text.avr-libc
                0x00005b72       0x42 /usr/lib/gcc/avr/4.5.3/../../../avr/lib/avr51/libc.a(itoa.o)
                0x00005b72                itoa
 .text.avr-libc
                0x00005bb4       0x10 /usr/lib/gcc/avr/4.5.3/../../../avr/lib/avr51/libc.a(mul10.o)
                0x00005bb4                __mulhi_const_10
 .text.avr-libc
                0x00005bc4       0x20 /usr/lib/gcc/avr/4.5.3/../../../avr/lib/avr51/libc.a(strrev.o)
                0x00005bc4                strrev
                0x00005be4                . = ALIGN (0x2)
 *(.fini9)
 .fini9         0x00005be4        0x0 /usr/lib/gcc/avr/4.5.3/avr51/libgcc.a(_exit.o)
                0x00005be4                exit
                0x00005be4                _exit
 *(.fini9)
 *(.fini8)
 *(.fini8)
 *(.fini7)
 *(.fini7)
 *(.fini6)
 *(.fini6)
 *(.fini5)
 *(.fini5)
 *(.fini4)
 *(.fini4)
 *(.fini3)
 *(.fini3)
 *(.fini2)
 *(.fini2)
 *(.fini1)
 *(.fini1)
 *(.fini0)
 .fini0         0x00005be4        0x4 /usr/lib/gcc/avr/4.5.3/avr51/libgcc.a(_exit.o)
 *(.fini0)
                0x00005be8                _etext = .

.data           0x00800100      0x2ac load address 0x00005be8
                0x00800100                PROVIDE (__data_start, .)
 *(.data)
 .data          0x00800100        0x0 /usr/lib/gcc/avr/4.5.3/../../../avr/lib/avr51/crtcan128.o
 .data          0x00800100        0x3 main.o
 .data          0x00800103        0x0 uart.o
 .data          0x00800103        0xb sdcard_fs_driver/ff.o
 .data          0x0080010e        0x1 sdcard_fs_driver/mmc.o
 .data          0x0080010f        0x0 sdcard_fs_driver/rtc.o
 .data          0x0080010f        0x0 can_std/can_drv.o
 .data          0x0080010f        0x0 can_std/can_lib.o
 .data          0x0080010f        0x0 can_func.o
 .data          0x0080010f       0xeb isr.o
                0x0080010f                RecCount
 .data          0x008001fa        0x0 error.o
 .data          0x008001fa        0x3 comm.o
 .data          0x008001fd        0x0 twi/twi.o
 .data          0x008001fd        0x0 log.o
 .data          0x008001fd      0x150 ecu.o
                0x008001fd                EcuData
 .data          0x0080034d       0x56 can_new.o
 .data          0x008003a3        0x0 test_vars.o
 .data          0x008003a3        0x0 xitoa.o
 .data          0x008003a3        0x0 /usr/lib/gcc/avr/4.5.3/avr51/libgcc.a(_mulsi3.o)
 .data          0x008003a3        0x0 /usr/lib/gcc/avr/4.5.3/avr51/libgcc.a(_udivmodqi4.o)
 .data          0x008003a3        0x0 /usr/lib/gcc/avr/4.5.3/avr51/libgcc.a(_udivmodhi4.o)
 .data          0x008003a3        0x0 /usr/lib/gcc/avr/4.5.3/avr51/libgcc.a(_divmodhi4.o)
 .data          0x008003a3        0x0 /usr/lib/gcc/avr/4.5.3/avr51/libgcc.a(_udivmodsi4.o)
 .data          0x008003a3        0x0 /usr/lib/gcc/avr/4.5.3/avr51/libgcc.a(_prologue.o)
 .data          0x008003a3        0x0 /usr/lib/gcc/avr/4.5.3/avr51/libgcc.a(_epilogue.o)
 .data          0x008003a3        0x0 /usr/lib/gcc/avr/4.5.3/avr51/libgcc.a(_exit.o)
 .data          0x008003a3        0x0 /usr/lib/gcc/avr/4.5.3/avr51/libgcc.a(_tablejump.o)
 .data          0x008003a3        0x0 /usr/lib/gcc/avr/4.5.3/avr51/libgcc.a(_copy_data.o)
 .data          0x008003a3        0x0 /usr/lib/gcc/avr/4.5.3/avr51/libgcc.a(_clear_bss.o)
 .data          0x008003a3        0x0 /usr/lib/gcc/avr/4.5.3/avr51/libgcc.a(_addsub_sf.o)
 .data          0x008003a3        0x0 /usr/lib/gcc/avr/4.5.3/avr51/libgcc.a(_mul_sf.o)
 .data          0x008003a3        0x0 /usr/lib/gcc/avr/4.5.3/avr51/libgcc.a(_div_sf.o)
 .data          0x008003a3        0x0 /usr/lib/gcc/avr/4.5.3/avr51/libgcc.a(_sf_to_si.o)
 .data          0x008003a3        0x8 /usr/lib/gcc/avr/4.5.3/avr51/libgcc.a(_thenan_sf.o)
                0x008003a3                __thenan_sf
 .data          0x008003ab        0x0 /usr/lib/gcc/avr/4.5.3/avr51/libgcc.a(_pack_sf.o)
 .data          0x008003ab        0x0 /usr/lib/gcc/avr/4.5.3/avr51/libgcc.a(_unpack_sf.o)
 .data          0x008003ab        0x0 /usr/lib/gcc/avr/4.5.3/../../../avr/lib/avr51/libc.a(atoi.o)
 .data          0x008003ab        0x0 /usr/lib/gcc/avr/4.5.3/../../../avr/lib/avr51/libc.a(itoa.o)
 .data          0x008003ab        0x0 /usr/lib/gcc/avr/4.5.3/../../../avr/lib/avr51/libc.a(mul10.o)
 .data          0x008003ab        0x0 /usr/lib/gcc/avr/4.5.3/../../../avr/lib/avr51/libc.a(strrev.o)
 *(.data*)
 *(.rodata)
 *(.rodata*)
 *(.gnu.linkonce.d*)
                0x008003ac                . = ALIGN (0x2)
 *fill*         0x008003ab        0x1 00
                0x008003ac                _edata = .
                0x008003ac                PROVIDE (__data_end, .)

.bss            0x008003ac      0x74e
                0x008003ac                PROVIDE (__bss_start, .)
 *(.bss)
 .bss           0x008003ac        0x0 /usr/lib/gcc/avr/4.5.3/../../../avr/lib/avr51/crtcan128.o
 .bss           0x008003ac        0x0 main.o
 .bss           0x008003ac        0x0 uart.o
 .bss           0x008003ac        0x5 sdcard_fs_driver/ff.o
 .bss           0x008003b1        0x3 sdcard_fs_driver/mmc.o
 .bss           0x008003b4        0x0 sdcard_fs_driver/rtc.o
 .bss           0x008003b4        0x0 can_std/can_drv.o
 .bss           0x008003b4        0x0 can_std/can_lib.o
 .bss           0x008003b4        0x1 can_func.o
                0x008003b4                bufferindex
 .bss           0x008003b5        0xa isr.o
                0x008003b5                RecIndex
                0x008003b7                RecJ
                0x008003b8                RecXbeeSend
                0x008003b9                RecCanSend
                0x008003ba                CanDataIndex
                0x008003bb                testvar
                0x008003bd                xbee_sending
                0x008003be                nextId
 .bss           0x008003bf        0x2 error.o
                0x008003bf                EcuCommError
                0x008003c0                EcuErrorTmp
 .bss           0x008003c1        0x1 comm.o
                0x008003c1                xbee_seq_index
 .bss           0x008003c2        0x0 twi/twi.o
 .bss           0x008003c2        0x0 log.o
 .bss           0x008003c2        0x0 ecu.o
 .bss           0x008003c2        0x0 can_new.o
 .bss           0x008003c2        0x2 test_vars.o
                0x008003c2                tIntReg
 .bss           0x008003c4        0x2 xitoa.o
                0x008003c4                xfunc_out
 .bss           0x008003c6        0x0 /usr/lib/gcc/avr/4.5.3/avr51/libgcc.a(_mulsi3.o)
 .bss           0x008003c6        0x0 /usr/lib/gcc/avr/4.5.3/avr51/libgcc.a(_udivmodqi4.o)
 .bss           0x008003c6        0x0 /usr/lib/gcc/avr/4.5.3/avr51/libgcc.a(_udivmodhi4.o)
 .bss           0x008003c6        0x0 /usr/lib/gcc/avr/4.5.3/avr51/libgcc.a(_divmodhi4.o)
 .bss           0x008003c6        0x0 /usr/lib/gcc/avr/4.5.3/avr51/libgcc.a(_udivmodsi4.o)
 .bss           0x008003c6        0x0 /usr/lib/gcc/avr/4.5.3/avr51/libgcc.a(_prologue.o)
 .bss           0x008003c6        0x0 /usr/lib/gcc/avr/4.5.3/avr51/libgcc.a(_epilogue.o)
 .bss           0x008003c6        0x0 /usr/lib/gcc/avr/4.5.3/avr51/libgcc.a(_exit.o)
 .bss           0x008003c6        0x0 /usr/lib/gcc/avr/4.5.3/avr51/libgcc.a(_tablejump.o)
 .bss           0x008003c6        0x0 /usr/lib/gcc/avr/4.5.3/avr51/libgcc.a(_copy_data.o)
 .bss           0x008003c6        0x0 /usr/lib/gcc/avr/4.5.3/avr51/libgcc.a(_clear_bss.o)
 .bss           0x008003c6        0x0 /usr/lib/gcc/avr/4.5.3/avr51/libgcc.a(_addsub_sf.o)
 .bss           0x008003c6        0x0 /usr/lib/gcc/avr/4.5.3/avr51/libgcc.a(_mul_sf.o)
 .bss           0x008003c6        0x0 /usr/lib/gcc/avr/4.5.3/avr51/libgcc.a(_div_sf.o)
 .bss           0x008003c6        0x0 /usr/lib/gcc/avr/4.5.3/avr51/libgcc.a(_sf_to_si.o)
 .bss           0x008003c6        0x0 /usr/lib/gcc/avr/4.5.3/avr51/libgcc.a(_thenan_sf.o)
 .bss           0x008003c6        0x0 /usr/lib/gcc/avr/4.5.3/avr51/libgcc.a(_pack_sf.o)
 .bss           0x008003c6        0x0 /usr/lib/gcc/avr/4.5.3/avr51/libgcc.a(_unpack_sf.o)
 .bss           0x008003c6        0x0 /usr/lib/gcc/avr/4.5.3/../../../avr/lib/avr51/libc.a(atoi.o)
 .bss           0x008003c6        0x0 /usr/lib/gcc/avr/4.5.3/../../../avr/lib/avr51/libc.a(itoa.o)
 .bss           0x008003c6        0x0 /usr/lib/gcc/avr/4.5.3/../../../avr/lib/avr51/libc.a(mul10.o)
 .bss           0x008003c6        0x0 /usr/lib/gcc/avr/4.5.3/../../../avr/lib/avr51/libc.a(strrev.o)
 *(.bss*)
 *(COMMON)
 COMMON         0x008003c6      0x6d2 main.o
                0x008003c6                Fatfs
                0x008005f8                Finfo
                0x0080060e                acc_dirs
                0x00800610                acc_files
                0x00800612                Timer
                0x00800614                Buff
                0x00800a14                acc_size
                0x00800a18                xbee_q
 COMMON         0x00800a98       0x52 can_func.o
                0x00800a98                tx_remote_buffer
                0x00800aa0                response_buffer
                0x00800ab0                tx_remote_msg
                0x00800abe                databuffer
                0x00800ace                response_msg
 COMMON         0x00800aea        0x8 isr.o
                0x00800aea                CanSendData
 COMMON         0x00800af2        0x8 test_vars.o
                0x00800af2                canDataTest
                0x00800afa                PROVIDE (__bss_end, .)
                0x00005be8                __data_load_start = LOADADDR (.data)
                0x00005e94                __data_load_end = (__data_load_start + SIZEOF (.data))

.noinit         0x00800afa        0x0
                0x00800afa                PROVIDE (__noinit_start, .)
 *(.noinit*)
                0x00800afa                PROVIDE (__noinit_end, .)
                0x00800afa                _end = .
                0x00800afa                PROVIDE (__heap_start, .)

.eeprom         0x00810000        0x0
 *(.eeprom*)
                0x00810000                __eeprom_end = .

.fuse
 *(.fuse)
 *(.lfuse)
 *(.hfuse)
 *(.efuse)

.lock
 *(.lock*)

.signature
 *(.signature*)

.stab           0x00000000     0x183c
 *(.stab)
 .stab          0x00000000      0x6cc /usr/lib/gcc/avr/4.5.3/../../../avr/lib/avr51/crtcan128.o
 .stab          0x000006cc      0xcfc xitoa.o
                                0xd08 (size before relaxing)
 .stab          0x000013c8      0x174 /usr/lib/gcc/avr/4.5.3/../../../avr/lib/avr51/libc.a(atoi.o)
                                0x180 (size before relaxing)
 .stab          0x0000153c      0x1b0 /usr/lib/gcc/avr/4.5.3/../../../avr/lib/avr51/libc.a(itoa.o)
                                0x1bc (size before relaxing)
 .stab          0x000016ec       0x78 /usr/lib/gcc/avr/4.5.3/../../../avr/lib/avr51/libc.a(mul10.o)
                                 0x84 (size before relaxing)
 .stab          0x00001764       0xd8 /usr/lib/gcc/avr/4.5.3/../../../avr/lib/avr51/libc.a(strrev.o)
                                 0xe4 (size before relaxing)

.stabstr        0x00000000      0x152
 *(.stabstr)
 .stabstr       0x00000000      0x152 /usr/lib/gcc/avr/4.5.3/../../../avr/lib/avr51/crtcan128.o

.stab.excl
 *(.stab.excl)

.stab.exclstr
 *(.stab.exclstr)

.stab.index
 *(.stab.index)

.stab.indexstr
 *(.stab.indexstr)

.comment
 *(.comment)

.debug
 *(.debug)

.line
 *(.line)

.debug_srcinfo
 *(.debug_srcinfo)

.debug_sfnames
 *(.debug_sfnames)

.debug_aranges  0x00000000      0x1c0
 *(.debug_aranges)
 .debug_aranges
                0x00000000       0x20 main.o
 .debug_aranges
                0x00000020       0x20 uart.o
 .debug_aranges
                0x00000040       0x20 sdcard_fs_driver/ff.o
 .debug_aranges
                0x00000060       0x20 sdcard_fs_driver/mmc.o
 .debug_aranges
                0x00000080       0x20 sdcard_fs_driver/rtc.o
 .debug_aranges
                0x000000a0       0x20 can_std/can_drv.o
 .debug_aranges
                0x000000c0       0x20 can_std/can_lib.o
 .debug_aranges
                0x000000e0       0x20 can_func.o
 .debug_aranges
                0x00000100       0x20 isr.o
 .debug_aranges
                0x00000120       0x20 comm.o
 .debug_aranges
                0x00000140       0x20 twi/twi.o
 .debug_aranges
                0x00000160       0x20 log.o
 .debug_aranges
                0x00000180       0x20 ecu.o
 .debug_aranges
                0x000001a0       0x20 can_new.o

.debug_pubnames
                0x00000000      0x74f
 *(.debug_pubnames)
 .debug_pubnames
                0x00000000       0x94 main.o
 .debug_pubnames
                0x00000094       0xb7 uart.o
 .debug_pubnames
                0x0000014b       0xd0 sdcard_fs_driver/ff.o
 .debug_pubnames
                0x0000021b       0x75 sdcard_fs_driver/mmc.o
 .debug_pubnames
                0x00000290       0x6f sdcard_fs_driver/rtc.o
 .debug_pubnames
                0x000002ff       0x92 can_std/can_drv.o
 .debug_pubnames
                0x00000391       0x3e can_std/can_lib.o
 .debug_pubnames
                0x000003cf       0xce can_func.o
 .debug_pubnames
                0x0000049d       0xd8 isr.o
 .debug_pubnames
                0x00000575       0x33 error.o
 .debug_pubnames
                0x000005a8       0x46 comm.o
 .debug_pubnames
                0x000005ee       0x54 twi/twi.o
 .debug_pubnames
                0x00000642       0x34 log.o
 .debug_pubnames
                0x00000676       0x52 ecu.o
 .debug_pubnames
                0x000006c8       0x59 can_new.o
 .debug_pubnames
                0x00000721       0x2e test_vars.o

.debug_info     0x00000000     0x508a
 *(.debug_info)
 .debug_info    0x00000000      0xbd2 main.o
 .debug_info    0x00000bd2      0x240 uart.o
 .debug_info    0x00000e12     0x1564 sdcard_fs_driver/ff.o
 .debug_info    0x00002376      0x541 sdcard_fs_driver/mmc.o
 .debug_info    0x000028b7      0x312 sdcard_fs_driver/rtc.o
 .debug_info    0x00002bc9      0x336 can_std/can_drv.o
 .debug_info    0x00002eff      0x323 can_std/can_lib.o
 .debug_info    0x00003222      0x3cb can_func.o
 .debug_info    0x000035ed      0x63c isr.o
 .debug_info    0x00003c29       0x9a error.o
 .debug_info    0x00003cc3      0x368 comm.o
 .debug_info    0x0000402b      0x130 twi/twi.o
 .debug_info    0x0000415b      0x3eb log.o
 .debug_info    0x00004546      0x4d8 ecu.o
 .debug_info    0x00004a1e      0x5f8 can_new.o
 .debug_info    0x00005016       0x74 test_vars.o
 *(.gnu.linkonce.wi.*)

.debug_abbrev   0x00000000     0x155c
 *(.debug_abbrev)
 .debug_abbrev  0x00000000      0x27c main.o
 .debug_abbrev  0x0000027c       0xec uart.o
 .debug_abbrev  0x00000368      0x30e sdcard_fs_driver/ff.o
 .debug_abbrev  0x00000676      0x1ad sdcard_fs_driver/mmc.o
 .debug_abbrev  0x00000823      0x12f sdcard_fs_driver/rtc.o
 .debug_abbrev  0x00000952      0x114 can_std/can_drv.o
 .debug_abbrev  0x00000a66      0x13d can_std/can_lib.o
 .debug_abbrev  0x00000ba3      0x146 can_func.o
 .debug_abbrev  0x00000ce9      0x187 isr.o
 .debug_abbrev  0x00000e70       0x48 error.o
 .debug_abbrev  0x00000eb8       0xf6 comm.o
 .debug_abbrev  0x00000fae       0xc7 twi/twi.o
 .debug_abbrev  0x00001075      0x13c log.o
 .debug_abbrev  0x000011b1      0x1a9 ecu.o
 .debug_abbrev  0x0000135a      0x1ae can_new.o
 .debug_abbrev  0x00001508       0x54 test_vars.o

.debug_line     0x00000000     0x4033
 *(.debug_line)
 .debug_line    0x00000000      0x34a main.o
 .debug_line    0x0000034a      0x210 uart.o
 .debug_line    0x0000055a     0x1818 sdcard_fs_driver/ff.o
 .debug_line    0x00001d72      0x8cb sdcard_fs_driver/mmc.o
 .debug_line    0x0000263d      0x2c7 sdcard_fs_driver/rtc.o
 .debug_line    0x00002904      0x500 can_std/can_drv.o
 .debug_line    0x00002e04      0x4f5 can_std/can_lib.o
 .debug_line    0x000032f9      0x1a5 can_func.o
 .debug_line    0x0000349e      0x32d isr.o
 .debug_line    0x000037cb       0x57 error.o
 .debug_line    0x00003822       0xeb comm.o
 .debug_line    0x0000390d      0x17a twi/twi.o
 .debug_line    0x00003a87       0xc4 log.o
 .debug_line    0x00003b4b      0x262 ecu.o
 .debug_line    0x00003dad      0x239 can_new.o
 .debug_line    0x00003fe6       0x4d test_vars.o

.debug_frame    0x00000000      0x620
 *(.debug_frame)
 .debug_frame   0x00000000       0x40 main.o
 .debug_frame   0x00000040       0xb0 uart.o
 .debug_frame   0x000000f0      0x180 sdcard_fs_driver/ff.o
 .debug_frame   0x00000270      0x100 sdcard_fs_driver/mmc.o
 .debug_frame   0x00000370       0x70 sdcard_fs_driver/rtc.o
 .debug_frame   0x000003e0       0x70 can_std/can_drv.o
 .debug_frame   0x00000450       0x40 can_std/can_lib.o
 .debug_frame   0x00000490       0x50 can_func.o
 .debug_frame   0x000004e0       0x40 isr.o
 .debug_frame   0x00000520       0x20 comm.o
 .debug_frame   0x00000540       0x60 twi/twi.o
 .debug_frame   0x000005a0       0x20 log.o
 .debug_frame   0x000005c0       0x30 ecu.o
 .debug_frame   0x000005f0       0x30 can_new.o

.debug_str      0x00000000      0xf53
 *(.debug_str)
 .debug_str     0x00000000      0x608 main.o
                                0x6a0 (size before relaxing)
 .debug_str     0x00000608       0xb8 uart.o
                                0x198 (size before relaxing)
 .debug_str     0x000006c0      0x2d6 sdcard_fs_driver/ff.o
                                0x4f2 (size before relaxing)
 .debug_str     0x00000996       0xf8 sdcard_fs_driver/mmc.o
                                0x251 (size before relaxing)
 .debug_str     0x00000a8e       0x5c sdcard_fs_driver/rtc.o
                                0x185 (size before relaxing)
 .debug_str     0x00000aea      0x18b can_std/can_drv.o
                                0x26f (size before relaxing)
 .debug_str     0x00000c75       0x5f can_std/can_lib.o
                                0x233 (size before relaxing)
 .debug_str     0x00000cd4       0x9e can_func.o
                                0x270 (size before relaxing)
 .debug_str     0x00000d72       0xfd isr.o
                                0x422 (size before relaxing)
 .debug_str     0x00000e6f        0x8 error.o
                                 0xed (size before relaxing)
 .debug_str     0x00000e77       0x19 comm.o
                                0x35a (size before relaxing)
 .debug_str     0x00000e90       0x38 twi/twi.o
                                0x121 (size before relaxing)
 .debug_str     0x00000ec8       0x22 log.o
                                0x2aa (size before relaxing)
 .debug_str     0x00000eea       0x27 ecu.o
                                0x38f (size before relaxing)
 .debug_str     0x00000f11       0x36 can_new.o
                                0x4b3 (size before relaxing)
 .debug_str     0x00000f47        0xc test_vars.o
                                 0x7a (size before relaxing)

.debug_loc      0x00000000     0x3db9
 *(.debug_loc)
 .debug_loc     0x00000000       0x28 main.o
 .debug_loc     0x00000028      0x145 uart.o
 .debug_loc     0x0000016d     0x272b sdcard_fs_driver/ff.o
 .debug_loc     0x00002898      0x7a0 sdcard_fs_driver/mmc.o
 .debug_loc     0x00003038      0x1ea sdcard_fs_driver/rtc.o
 .debug_loc     0x00003222      0x556 can_std/can_drv.o
 .debug_loc     0x00003778      0x1cf can_std/can_lib.o
 .debug_loc     0x00003947       0xdc can_func.o
 .debug_loc     0x00003a23       0x9b isr.o
 .debug_loc     0x00003abe       0x47 twi/twi.o
 .debug_loc     0x00003b05       0x89 log.o
 .debug_loc     0x00003b8e      0x110 ecu.o
 .debug_loc     0x00003c9e      0x11b can_new.o

.debug_macinfo
 *(.debug_macinfo)
OUTPUT(node1.elf elf32-avr)
LOAD linker stubs

.debug_pubtypes
                0x00000000      0x67f
 .debug_pubtypes
                0x00000000      0x14f main.o
 .debug_pubtypes
                0x0000014f       0x1e uart.o
 .debug_pubtypes
                0x0000016d       0xb6 sdcard_fs_driver/ff.o
 .debug_pubtypes
                0x00000223       0x71 sdcard_fs_driver/mmc.o
 .debug_pubtypes
                0x00000294       0x41 sdcard_fs_driver/rtc.o
 .debug_pubtypes
                0x000002d5       0x2d can_std/can_drv.o
 .debug_pubtypes
                0x00000302       0x75 can_std/can_lib.o
 .debug_pubtypes
                0x00000377       0x69 can_func.o
 .debug_pubtypes
                0x000003e0       0x64 isr.o
 .debug_pubtypes
                0x00000444       0x19 error.o
 .debug_pubtypes
                0x0000045d       0x5d comm.o
 .debug_pubtypes
                0x000004ba       0x27 twi/twi.o
 .debug_pubtypes
                0x000004e1       0x79 log.o
 .debug_pubtypes
                0x0000055a       0x64 ecu.o
 .debug_pubtypes
                0x000005be       0xc1 can_new.o

.debug_ranges   0x00000000      0x188
 .debug_ranges  0x00000000      0x158 sdcard_fs_driver/ff.o
 .debug_ranges  0x00000158       0x18 ecu.o
 .debug_ranges  0x00000170       0x18 can_new.o
