Archive member included because of file (symbol)

/usr/lib/gcc/avr/4.3.5/avr51/libgcc.a(_mulsi3.o)
                              sdcard_fs_driver/ff.o (__mulsi3)
/usr/lib/gcc/avr/4.3.5/avr51/libgcc.a(_udivmodqi4.o)
                              sdcard_fs_driver/rtc.o (__udivmodqi4)
/usr/lib/gcc/avr/4.3.5/avr51/libgcc.a(_udivmodhi4.o)
                              sdcard_fs_driver/rtc.o (__udivmodhi4)
/usr/lib/gcc/avr/4.3.5/avr51/libgcc.a(_udivmodsi4.o)
                              sdcard_fs_driver/ff.o (__udivmodsi4)
/usr/lib/gcc/avr/4.3.5/avr51/libgcc.a(_prologue.o)
                              main.o (__prologue_saves__)
/usr/lib/gcc/avr/4.3.5/avr51/libgcc.a(_epilogue.o)
                              main.o (__epilogue_restores__)
/usr/lib/gcc/avr/4.3.5/avr51/libgcc.a(_exit.o)
                              /usr/lib/gcc/avr/4.3.5/../../../avr/lib/avr51/crtcan128.o (exit)
/usr/lib/gcc/avr/4.3.5/avr51/libgcc.a(_tablejump.o)
                              sdcard_fs_driver/mmc.o (__tablejump2__)
/usr/lib/gcc/avr/4.3.5/avr51/libgcc.a(_clear_bss.o)
                              main.o (__do_clear_bss)
/usr/lib/gcc/avr/4.3.5/avr51/libgcc.a(_addsub_sf.o)
                              uart.o (__subsf3)
/usr/lib/gcc/avr/4.3.5/avr51/libgcc.a(_mul_sf.o)
                              uart.o (__mulsf3)
/usr/lib/gcc/avr/4.3.5/avr51/libgcc.a(_div_sf.o)
                              uart.o (__divsf3)
/usr/lib/gcc/avr/4.3.5/avr51/libgcc.a(_sf_to_si.o)
                              uart.o (__fixsfsi)
/usr/lib/gcc/avr/4.3.5/avr51/libgcc.a(_thenan_sf.o)
                              /usr/lib/gcc/avr/4.3.5/avr51/libgcc.a(_addsub_sf.o) (__thenan_sf)
/usr/lib/gcc/avr/4.3.5/avr51/libgcc.a(_pack_sf.o)
                              /usr/lib/gcc/avr/4.3.5/avr51/libgcc.a(_addsub_sf.o) (__pack_f)
/usr/lib/gcc/avr/4.3.5/avr51/libgcc.a(_unpack_sf.o)
                              /usr/lib/gcc/avr/4.3.5/avr51/libgcc.a(_addsub_sf.o) (__unpack_f)
/usr/lib/gcc/avr/4.3.5/../../../avr/lib/avr51/libc.a(atoi.o)
                              log.o (atoi)
/usr/lib/gcc/avr/4.3.5/../../../avr/lib/avr51/libc.a(itoa.o)
                              main.o (itoa)
/usr/lib/gcc/avr/4.3.5/../../../avr/lib/avr51/libc.a(mul10.o)
                              /usr/lib/gcc/avr/4.3.5/../../../avr/lib/avr51/libc.a(atoi.o) (__mulhi_const_10)
/usr/lib/gcc/avr/4.3.5/../../../avr/lib/avr51/libc.a(strrev.o)
                              /usr/lib/gcc/avr/4.3.5/../../../avr/lib/avr51/libc.a(itoa.o) (strrev)

Allocating common symbols
Common symbol       size              file

Fatfs               0x232             main.o
tx_remote_buffer    0x8               can_func.o
Finfo               0x16              main.o
response_buffer     0x10              can_func.o
acc_dirs            0x2               main.o
acc_files           0x2               main.o
Timer               0x2               main.o
EcuData             0xe4              main.o
Buff                0x400             main.o
tx_remote_msg       0xd               can_func.o
acc_size            0x4               main.o
databuffer          0x10              can_func.o
response_msg        0x1a              can_func.o

Memory Configuration

Name             Origin             Length             Attributes
text             0x00000000         0x00020000         xr
data             0x00800060         0x0000ffa0         rw !x
eeprom           0x00810000         0x00010000         rw !x
fuse             0x00820000         0x00000400         rw !x
lock             0x00830000         0x00000400         rw !x
signature        0x00840000         0x00000400         rw !x
*default*        0x00000000         0xffffffff

Linker script and memory map

Address of section .data set to 0x800100
LOAD /usr/lib/gcc/avr/4.3.5/../../../avr/lib/avr51/crtcan128.o
LOAD main.o
LOAD uart.o
LOAD sdcard_fs_driver/ff.o
LOAD sdcard_fs_driver/mmc.o
LOAD sdcard_fs_driver/rtc.o
LOAD can_std/can_drv.o
LOAD can_std/can_lib.o
LOAD can_func.o
LOAD isr.o
LOAD error.o
LOAD comm.o
LOAD twi/twi.o
LOAD log.o
LOAD xitoa.o
LOAD /usr/lib/gcc/avr/4.3.5/avr51/libgcc.a
LOAD /usr/lib/gcc/avr/4.3.5/../../../avr/lib/avr51/libc.a
LOAD /usr/lib/gcc/avr/4.3.5/avr51/libgcc.a

.hash
 *(.hash)

.dynsym
 *(.dynsym)

.dynstr
 *(.dynstr)

.gnu.version
 *(.gnu.version)

.gnu.version_d
 *(.gnu.version_d)

.gnu.version_r
 *(.gnu.version_r)

.rel.init
 *(.rel.init)

.rela.init
 *(.rela.init)

.rel.text
 *(.rel.text)
 *(.rel.text.*)
 *(.rel.gnu.linkonce.t*)

.rela.text
 *(.rela.text)
 *(.rela.text.*)
 *(.rela.gnu.linkonce.t*)

.rel.fini
 *(.rel.fini)

.rela.fini
 *(.rela.fini)

.rel.rodata
 *(.rel.rodata)
 *(.rel.rodata.*)
 *(.rel.gnu.linkonce.r*)

.rela.rodata
 *(.rela.rodata)
 *(.rela.rodata.*)
 *(.rela.gnu.linkonce.r*)

.rel.data
 *(.rel.data)
 *(.rel.data.*)
 *(.rel.gnu.linkonce.d*)

.rela.data
 *(.rela.data)
 *(.rela.data.*)
 *(.rela.gnu.linkonce.d*)

.rel.ctors
 *(.rel.ctors)

.rela.ctors
 *(.rela.ctors)

.rel.dtors
 *(.rel.dtors)

.rela.dtors
 *(.rela.dtors)

.rel.got
 *(.rel.got)

.rela.got
 *(.rela.got)

.rel.bss
 *(.rel.bss)

.rela.bss
 *(.rela.bss)

.rel.plt
 *(.rel.plt)

.rela.plt
 *(.rela.plt)

.text           0x00000000     0x5ba6
 *(.vectors)
 .vectors       0x00000000       0x94 /usr/lib/gcc/avr/4.3.5/../../../avr/lib/avr51/crtcan128.o
                0x00000000                __vectors
                0x00000000                __vector_default
 *(.vectors)
 *(.progmem.gcc*)
 .progmem.gcc_sw_table
                0x00000094       0x1e sdcard_fs_driver/mmc.o
 .progmem.gcc_sw_table
                0x000000b2       0x16 can_std/can_lib.o
 *(.progmem*)
 .progmem.data  0x000000c8       0xf7 main.o
                0x000001c0                . = ALIGN (0x2)
 *fill*         0x000001bf        0x1 00
                0x000001c0                __trampolines_start = .
 *(.trampolines)
 .trampolines   0x000001c0        0x0 linker stubs
 *(.trampolines*)
                0x000001c0                __trampolines_end = .
 *(.jumptables)
 *(.jumptables*)
 *(.lowtext)
 *(.lowtext*)
                0x000001c0                __ctors_start = .
 *(.ctors)
                0x000001c0                __ctors_end = .
                0x000001c0                __dtors_start = .
 *(.dtors)
                0x000001c0                __dtors_end = .
 SORT(*)(.ctors)
 SORT(*)(.dtors)
 *(.init0)
 .init0         0x000001c0        0x0 /usr/lib/gcc/avr/4.3.5/../../../avr/lib/avr51/crtcan128.o
                0x000001c0                __init
 *(.init0)
 *(.init1)
 *(.init1)
 *(.init2)
 .init2         0x000001c0        0xc /usr/lib/gcc/avr/4.3.5/../../../avr/lib/avr51/crtcan128.o
 *(.init2)
 *(.init3)
 *(.init3)
 *(.init4)
 .init4         0x000001cc       0x1a /usr/lib/gcc/avr/4.3.5/../../../avr/lib/avr51/crtcan128.o
                0x000001cc                __do_copy_data
 .init4         0x000001e6       0x10 /usr/lib/gcc/avr/4.3.5/avr51/libgcc.a(_clear_bss.o)
                0x000001e6                __do_clear_bss
 *(.init4)
 *(.init5)
 *(.init5)
 *(.init6)
 *(.init6)
 *(.init7)
 *(.init7)
 *(.init8)
 *(.init8)
 *(.init9)
 .init9         0x000001f6        0x8 /usr/lib/gcc/avr/4.3.5/../../../avr/lib/avr51/crtcan128.o
 *(.init9)
 *(.text)
 .text          0x000001fe        0x4 /usr/lib/gcc/avr/4.3.5/../../../avr/lib/avr51/crtcan128.o
                0x000001fe                __vector_22
                0x000001fe                __vector_28
                0x000001fe                __vector_1
                0x000001fe                __vector_32
                0x000001fe                __vector_34
                0x000001fe                __vector_24
                0x000001fe                __vector_12
                0x000001fe                __bad_interrupt
                0x000001fe                __vector_6
                0x000001fe                __vector_31
                0x000001fe                __vector_35
                0x000001fe                __vector_3
                0x000001fe                __vector_23
                0x000001fe                __vector_30
                0x000001fe                __vector_25
                0x000001fe                __vector_11
                0x000001fe                __vector_13
                0x000001fe                __vector_17
                0x000001fe                __vector_19
                0x000001fe                __vector_7
                0x000001fe                __vector_27
                0x000001fe                __vector_5
                0x000001fe                __vector_33
                0x000001fe                __vector_4
                0x000001fe                __vector_2
                0x000001fe                __vector_15
                0x000001fe                __vector_36
                0x000001fe                __vector_29
                0x000001fe                __vector_8
                0x000001fe                __vector_26
                0x000001fe                __vector_14
                0x000001fe                __vector_10
                0x000001fe                __vector_18
                0x000001fe                __vector_20
 .text          0x00000202      0x4d6 main.o
                0x00000202                can
                0x0000031e                main
                0x000005ba                get_fattime
                0x00000676                __vector_9
 .text          0x000006d8      0x1c0 uart.o
                0x000006d8                USART0_Transmit
                0x000006e8                USART1_Transmit
                0x000006f8                USART_set_baud_rate
                0x000007e6                uart_init
                0x00000812                uart_get
                0x00000820                uart_put_test
                0x00000844                uart_put
                0x00000854                uart_puts
                0x0000086e                uart1_put
                0x0000087e                uart1_puts
 .text          0x00000898     0x25d2 sdcard_fs_driver/ff.o
                0x00000898                clust2sect
                0x0000090e                f_mount
                0x0000093e                f_chdrive
                0x00000a5c                put_fat
                0x00000bf0                get_fat
                0x000010e0                f_lseek
                0x0000177c                f_readdir
                0x00001c0e                f_write
                0x00002060                f_read
                0x00002432                f_sync
                0x000025a8                f_close
                0x000025c4                chk_mounted
                0x00002938                f_opendir
                0x000029ec                f_chdir
                0x00002a98                f_open
 .text          0x00002e6a      0x8ca sdcard_fs_driver/mmc.o
                0x000030a0                disk_initialize
                0x00003226                disk_status
                0x00003234                disk_read
                0x000032f0                disk_write
                0x000033de                disk_ioctl
                0x00003716                disk_timerproc
 .text          0x00003734      0x366 sdcard_fs_driver/rtc.o
                0x00003734                RTC_read
                0x000037ea                rtc_gettime
                0x000038ea                RTC_write
                0x00003962                rtc_settime
                0x00003a68                rtc_clearHaltBit
                0x00003a90                rtc_init
 .text          0x00003a9a      0x39a can_std/can_drv.o
                0x00003a9a                can_clear_all_mob
                0x00003aba                can_get_mob_free
                0x00003ae8                can_get_mob_status
                0x00003b0e                can_get_data
                0x00003b36                can_auto_baudrate
                0x00003e1a                can_fixed_baudrate
 .text          0x00003e34      0xb46 can_std/can_lib.o
                0x00003e34                can_get_status
                0x00003f5a                can_cmd
                0x00004960                can_init
 .text          0x0000497a       0xfe can_func.o
                0x0000497a                init_can_data_mobs
                0x000049be                can_update_rx_msg
                0x000049e6                can_data_mob_setup
                0x00004a38                can_send
 .text          0x00004a78      0x128 isr.o
                0x00004a78                __vector_21
                0x00004ace                __vector_16
 .text          0x00004ba0        0x0 error.o
 .text          0x00004ba0      0x150 comm.o
                0x00004ba0                send_status
 .text          0x00004cf0       0x82 twi/twi.o
                0x00004cf0                TWI_init
                0x00004d02                TWI_start
                0x00004d3a                TWI_send
                0x00004d4e                TWI_rcvr
                0x00004d6a                TWI_stop
 .text          0x00004d72       0x50 log.o
                0x00004d72                get_free_log_number
 .text          0x00004dc2      0x214 xitoa.o
                0x00004dc2                xputc
                0x00004de0                xputs
                0x00004dee                xitoa
                0x00004e64                xprintf
                0x00004f20                xatoi
 .text          0x00004fd6        0x0 /usr/lib/gcc/avr/4.3.5/avr51/libgcc.a(_mulsi3.o)
 .text          0x00004fd6        0x0 /usr/lib/gcc/avr/4.3.5/avr51/libgcc.a(_udivmodqi4.o)
 .text          0x00004fd6        0x0 /usr/lib/gcc/avr/4.3.5/avr51/libgcc.a(_udivmodhi4.o)
 .text          0x00004fd6        0x0 /usr/lib/gcc/avr/4.3.5/avr51/libgcc.a(_udivmodsi4.o)
 .text          0x00004fd6        0x0 /usr/lib/gcc/avr/4.3.5/avr51/libgcc.a(_prologue.o)
 .text          0x00004fd6        0x0 /usr/lib/gcc/avr/4.3.5/avr51/libgcc.a(_epilogue.o)
 .text          0x00004fd6        0x0 /usr/lib/gcc/avr/4.3.5/avr51/libgcc.a(_exit.o)
 .text          0x00004fd6        0x0 /usr/lib/gcc/avr/4.3.5/avr51/libgcc.a(_tablejump.o)
 .text          0x00004fd6        0x0 /usr/lib/gcc/avr/4.3.5/avr51/libgcc.a(_clear_bss.o)
 .text          0x00004fd6      0x354 /usr/lib/gcc/avr/4.3.5/avr51/libgcc.a(_addsub_sf.o)
                0x0000526e                __subsf3
                0x000052d0                __addsf3
 .text          0x0000532a      0x1f4 /usr/lib/gcc/avr/4.3.5/avr51/libgcc.a(_mul_sf.o)
                0x0000532a                __mulsf3
 .text          0x0000551e      0x158 /usr/lib/gcc/avr/4.3.5/avr51/libgcc.a(_div_sf.o)
                0x0000551e                __divsf3
 .text          0x00005676       0xa8 /usr/lib/gcc/avr/4.3.5/avr51/libgcc.a(_sf_to_si.o)
                0x00005676                __fixsfsi
 .text          0x0000571e        0x0 /usr/lib/gcc/avr/4.3.5/avr51/libgcc.a(_thenan_sf.o)
 .text          0x0000571e      0x1aa /usr/lib/gcc/avr/4.3.5/avr51/libgcc.a(_pack_sf.o)
                0x0000571e                __pack_f
 .text          0x000058c8       0xf0 /usr/lib/gcc/avr/4.3.5/avr51/libgcc.a(_unpack_sf.o)
                0x000058c8                __unpack_f
 .text          0x000059b8        0x0 /usr/lib/gcc/avr/4.3.5/../../../avr/lib/avr51/libc.a(atoi.o)
 .text          0x000059b8        0x0 /usr/lib/gcc/avr/4.3.5/../../../avr/lib/avr51/libc.a(itoa.o)
 .text          0x000059b8        0x0 /usr/lib/gcc/avr/4.3.5/../../../avr/lib/avr51/libc.a(mul10.o)
 .text          0x000059b8        0x0 /usr/lib/gcc/avr/4.3.5/../../../avr/lib/avr51/libc.a(strrev.o)
                0x000059b8                . = ALIGN (0x2)
 *(.text.*)
 .text.libgcc   0x000059b8       0x3e /usr/lib/gcc/avr/4.3.5/avr51/libgcc.a(_mulsi3.o)
                0x000059b8                __mulsi3
 .text.libgcc   0x000059f6       0x18 /usr/lib/gcc/avr/4.3.5/avr51/libgcc.a(_udivmodqi4.o)
                0x000059f6                __udivmodqi4
 .text.libgcc   0x00005a0e       0x28 /usr/lib/gcc/avr/4.3.5/avr51/libgcc.a(_udivmodhi4.o)
                0x00005a0e                __udivmodhi4
 .text.libgcc   0x00005a36       0x44 /usr/lib/gcc/avr/4.3.5/avr51/libgcc.a(_udivmodsi4.o)
                0x00005a36                __udivmodsi4
 .text.libgcc   0x00005a7a       0x38 /usr/lib/gcc/avr/4.3.5/avr51/libgcc.a(_prologue.o)
                0x00005a7a                __prologue_saves__
 .text.libgcc   0x00005ab2       0x36 /usr/lib/gcc/avr/4.3.5/avr51/libgcc.a(_epilogue.o)
                0x00005ab2                __epilogue_restores__
 .text.libgcc   0x00005ae8        0x0 /usr/lib/gcc/avr/4.3.5/avr51/libgcc.a(_exit.o)
 .text.libgcc   0x00005ae8        0xc /usr/lib/gcc/avr/4.3.5/avr51/libgcc.a(_tablejump.o)
                0x00005ae8                __tablejump2__
                0x00005aec                __tablejump__
 .text.libgcc   0x00005af4        0x0 /usr/lib/gcc/avr/4.3.5/avr51/libgcc.a(_clear_bss.o)
 .text.avr-libc
                0x00005af4       0x3c /usr/lib/gcc/avr/4.3.5/../../../avr/lib/avr51/libc.a(atoi.o)
                0x00005af4                atoi
 .text.avr-libc
                0x00005b30       0x42 /usr/lib/gcc/avr/4.3.5/../../../avr/lib/avr51/libc.a(itoa.o)
                0x00005b30                itoa
 .text.avr-libc
                0x00005b72       0x10 /usr/lib/gcc/avr/4.3.5/../../../avr/lib/avr51/libc.a(mul10.o)
                0x00005b72                __mulhi_const_10
 .text.avr-libc
                0x00005b82       0x20 /usr/lib/gcc/avr/4.3.5/../../../avr/lib/avr51/libc.a(strrev.o)
                0x00005b82                strrev
                0x00005ba2                . = ALIGN (0x2)
 *(.fini9)
 .fini9         0x00005ba2        0x0 /usr/lib/gcc/avr/4.3.5/avr51/libgcc.a(_exit.o)
                0x00005ba2                exit
                0x00005ba2                _exit
 *(.fini9)
 *(.fini8)
 *(.fini8)
 *(.fini7)
 *(.fini7)
 *(.fini6)
 *(.fini6)
 *(.fini5)
 *(.fini5)
 *(.fini4)
 *(.fini4)
 *(.fini3)
 *(.fini3)
 *(.fini2)
 *(.fini2)
 *(.fini1)
 *(.fini1)
 *(.fini0)
 .fini0         0x00005ba2        0x4 /usr/lib/gcc/avr/4.3.5/avr51/libgcc.a(_exit.o)
 *(.fini0)
                0x00005ba6                _etext = .

.data           0x00800100       0x22 load address 0x00005ba6
                0x00800100                PROVIDE (__data_start, .)
 *(.data)
 .data          0x00800100        0x0 /usr/lib/gcc/avr/4.3.5/../../../avr/lib/avr51/crtcan128.o
 .data          0x00800100        0x3 main.o
 .data          0x00800103        0x0 uart.o
 .data          0x00800103        0xb sdcard_fs_driver/ff.o
 .data          0x0080010e        0x1 sdcard_fs_driver/mmc.o
 .data          0x0080010f        0x0 sdcard_fs_driver/rtc.o
 .data          0x0080010f        0x0 can_std/can_drv.o
 .data          0x0080010f        0x0 can_std/can_lib.o
 .data          0x0080010f        0x0 can_func.o
 .data          0x0080010f        0xa isr.o
 .data          0x00800119        0x0 error.o
 .data          0x00800119        0x0 comm.o
 .data          0x00800119        0x0 twi/twi.o
 .data          0x00800119        0x0 log.o
 .data          0x00800119        0x0 xitoa.o
 .data          0x00800119        0x0 /usr/lib/gcc/avr/4.3.5/avr51/libgcc.a(_mulsi3.o)
 .data          0x00800119        0x0 /usr/lib/gcc/avr/4.3.5/avr51/libgcc.a(_udivmodqi4.o)
 .data          0x00800119        0x0 /usr/lib/gcc/avr/4.3.5/avr51/libgcc.a(_udivmodhi4.o)
 .data          0x00800119        0x0 /usr/lib/gcc/avr/4.3.5/avr51/libgcc.a(_udivmodsi4.o)
 .data          0x00800119        0x0 /usr/lib/gcc/avr/4.3.5/avr51/libgcc.a(_prologue.o)
 .data          0x00800119        0x0 /usr/lib/gcc/avr/4.3.5/avr51/libgcc.a(_epilogue.o)
 .data          0x00800119        0x0 /usr/lib/gcc/avr/4.3.5/avr51/libgcc.a(_exit.o)
 .data          0x00800119        0x0 /usr/lib/gcc/avr/4.3.5/avr51/libgcc.a(_tablejump.o)
 .data          0x00800119        0x0 /usr/lib/gcc/avr/4.3.5/avr51/libgcc.a(_clear_bss.o)
 .data          0x00800119        0x0 /usr/lib/gcc/avr/4.3.5/avr51/libgcc.a(_addsub_sf.o)
 .data          0x00800119        0x0 /usr/lib/gcc/avr/4.3.5/avr51/libgcc.a(_mul_sf.o)
 .data          0x00800119        0x0 /usr/lib/gcc/avr/4.3.5/avr51/libgcc.a(_div_sf.o)
 .data          0x00800119        0x0 /usr/lib/gcc/avr/4.3.5/avr51/libgcc.a(_sf_to_si.o)
 .data          0x00800119        0x8 /usr/lib/gcc/avr/4.3.5/avr51/libgcc.a(_thenan_sf.o)
                0x00800119                __thenan_sf
 .data          0x00800121        0x0 /usr/lib/gcc/avr/4.3.5/avr51/libgcc.a(_pack_sf.o)
 .data          0x00800121        0x0 /usr/lib/gcc/avr/4.3.5/avr51/libgcc.a(_unpack_sf.o)
 .data          0x00800121        0x0 /usr/lib/gcc/avr/4.3.5/../../../avr/lib/avr51/libc.a(atoi.o)
 .data          0x00800121        0x0 /usr/lib/gcc/avr/4.3.5/../../../avr/lib/avr51/libc.a(itoa.o)
 .data          0x00800121        0x0 /usr/lib/gcc/avr/4.3.5/../../../avr/lib/avr51/libc.a(mul10.o)
 .data          0x00800121        0x0 /usr/lib/gcc/avr/4.3.5/../../../avr/lib/avr51/libc.a(strrev.o)
 *(.data*)
 *(.rodata)
 *(.rodata*)
 *(.gnu.linkonce.d*)
                0x00800122                . = ALIGN (0x2)
 *fill*         0x00800121        0x1 00
                0x00800122                _edata = .
                0x00800122                PROVIDE (__data_end, .)

.bss            0x00800122      0x796
                0x00800122                PROVIDE (__bss_start, .)
 *(.bss)
 .bss           0x00800122        0x0 /usr/lib/gcc/avr/4.3.5/../../../avr/lib/avr51/crtcan128.o
 .bss           0x00800122        0x0 main.o
 .bss           0x00800122        0x0 uart.o
 .bss           0x00800122        0x5 sdcard_fs_driver/ff.o
 .bss           0x00800127        0x3 sdcard_fs_driver/mmc.o
 .bss           0x0080012a        0x0 sdcard_fs_driver/rtc.o
 .bss           0x0080012a        0x0 can_std/can_drv.o
 .bss           0x0080012a        0x0 can_std/can_lib.o
 .bss           0x0080012a        0x1 can_func.o
                0x0080012a                bufferindex
 .bss           0x0080012b        0x4 isr.o
                0x0080012b                RecIndex
                0x0080012d                testvar
 .bss           0x0080012f        0x2 error.o
                0x0080012f                EcuCommError
                0x00800130                EcuErrorTmp
 .bss           0x00800131        0x0 comm.o
 .bss           0x00800131        0x0 twi/twi.o
 .bss           0x00800131        0x0 log.o
 .bss           0x00800131        0x2 xitoa.o
                0x00800131                xfunc_out
 .bss           0x00800133        0x0 /usr/lib/gcc/avr/4.3.5/avr51/libgcc.a(_mulsi3.o)
 .bss           0x00800133        0x0 /usr/lib/gcc/avr/4.3.5/avr51/libgcc.a(_udivmodqi4.o)
 .bss           0x00800133        0x0 /usr/lib/gcc/avr/4.3.5/avr51/libgcc.a(_udivmodhi4.o)
 .bss           0x00800133        0x0 /usr/lib/gcc/avr/4.3.5/avr51/libgcc.a(_udivmodsi4.o)
 .bss           0x00800133        0x0 /usr/lib/gcc/avr/4.3.5/avr51/libgcc.a(_prologue.o)
 .bss           0x00800133        0x0 /usr/lib/gcc/avr/4.3.5/avr51/libgcc.a(_epilogue.o)
 .bss           0x00800133        0x0 /usr/lib/gcc/avr/4.3.5/avr51/libgcc.a(_exit.o)
 .bss           0x00800133        0x0 /usr/lib/gcc/avr/4.3.5/avr51/libgcc.a(_tablejump.o)
 .bss           0x00800133        0x0 /usr/lib/gcc/avr/4.3.5/avr51/libgcc.a(_clear_bss.o)
 .bss           0x00800133        0x0 /usr/lib/gcc/avr/4.3.5/avr51/libgcc.a(_addsub_sf.o)
 .bss           0x00800133        0x0 /usr/lib/gcc/avr/4.3.5/avr51/libgcc.a(_mul_sf.o)
 .bss           0x00800133        0x0 /usr/lib/gcc/avr/4.3.5/avr51/libgcc.a(_div_sf.o)
 .bss           0x00800133        0x0 /usr/lib/gcc/avr/4.3.5/avr51/libgcc.a(_sf_to_si.o)
 .bss           0x00800133        0x0 /usr/lib/gcc/avr/4.3.5/avr51/libgcc.a(_thenan_sf.o)
 .bss           0x00800133        0x0 /usr/lib/gcc/avr/4.3.5/avr51/libgcc.a(_pack_sf.o)
 .bss           0x00800133        0x0 /usr/lib/gcc/avr/4.3.5/avr51/libgcc.a(_unpack_sf.o)
 .bss           0x00800133        0x0 /usr/lib/gcc/avr/4.3.5/../../../avr/lib/avr51/libc.a(atoi.o)
 .bss           0x00800133        0x0 /usr/lib/gcc/avr/4.3.5/../../../avr/lib/avr51/libc.a(itoa.o)
 .bss           0x00800133        0x0 /usr/lib/gcc/avr/4.3.5/../../../avr/lib/avr51/libc.a(mul10.o)
 .bss           0x00800133        0x0 /usr/lib/gcc/avr/4.3.5/../../../avr/lib/avr51/libc.a(strrev.o)
 *(.bss*)
 *(COMMON)
 COMMON         0x00800133      0x736 main.o
                0x00800133                Fatfs
                0x00800365                Finfo
                0x0080037b                acc_dirs
                0x0080037d                acc_files
                0x0080037f                Timer
                0x00800381                EcuData
                0x00800465                Buff
                0x00800865                acc_size
 COMMON         0x00800869       0x4f can_func.o
                0x00800869                tx_remote_buffer
                0x00800871                response_buffer
                0x00800881                tx_remote_msg
                0x0080088e                databuffer
                0x0080089e                response_msg
                0x008008b8                PROVIDE (__bss_end, .)
                0x00005ba6                __data_load_start = LOADADDR (.data)
                0x00005bc8                __data_load_end = (__data_load_start + SIZEOF (.data))

.noinit         0x008008b8        0x0
                0x008008b8                PROVIDE (__noinit_start, .)
 *(.noinit*)
                0x008008b8                PROVIDE (__noinit_end, .)
                0x008008b8                _end = .
                0x008008b8                PROVIDE (__heap_start, .)

.eeprom         0x00810000        0x0
 *(.eeprom*)
                0x00810000                __eeprom_end = .

.fuse
 *(.fuse)
 *(.lfuse)
 *(.hfuse)
 *(.efuse)

.lock
 *(.lock*)

.signature
 *(.signature*)

.stab           0x00000000     0x18c0
 *(.stab)
 .stab          0x00000000      0x750 /usr/lib/gcc/avr/4.3.5/../../../avr/lib/avr51/crtcan128.o
 .stab          0x00000750      0xcfc xitoa.o
                                0xd08 (size before relaxing)
 .stab          0x0000144c      0x174 /usr/lib/gcc/avr/4.3.5/../../../avr/lib/avr51/libc.a(atoi.o)
                                0x180 (size before relaxing)
 .stab          0x000015c0      0x1b0 /usr/lib/gcc/avr/4.3.5/../../../avr/lib/avr51/libc.a(itoa.o)
                                0x1bc (size before relaxing)
 .stab          0x00001770       0x78 /usr/lib/gcc/avr/4.3.5/../../../avr/lib/avr51/libc.a(mul10.o)
                                 0x84 (size before relaxing)
 .stab          0x000017e8       0xd8 /usr/lib/gcc/avr/4.3.5/../../../avr/lib/avr51/libc.a(strrev.o)
                                 0xe4 (size before relaxing)

.stabstr        0x00000000      0x152
 *(.stabstr)
 .stabstr       0x00000000      0x152 /usr/lib/gcc/avr/4.3.5/../../../avr/lib/avr51/crtcan128.o

.stab.excl
 *(.stab.excl)

.stab.exclstr
 *(.stab.exclstr)

.stab.index
 *(.stab.index)

.stab.indexstr
 *(.stab.indexstr)

.comment
 *(.comment)

.debug
 *(.debug)

.line
 *(.line)

.debug_srcinfo
 *(.debug_srcinfo)

.debug_sfnames
 *(.debug_sfnames)

.debug_aranges  0x00000000      0x180
 *(.debug_aranges)
 .debug_aranges
                0x00000000       0x20 main.o
 .debug_aranges
                0x00000020       0x20 uart.o
 .debug_aranges
                0x00000040       0x20 sdcard_fs_driver/ff.o
 .debug_aranges
                0x00000060       0x20 sdcard_fs_driver/mmc.o
 .debug_aranges
                0x00000080       0x20 sdcard_fs_driver/rtc.o
 .debug_aranges
                0x000000a0       0x20 can_std/can_drv.o
 .debug_aranges
                0x000000c0       0x20 can_std/can_lib.o
 .debug_aranges
                0x000000e0       0x20 can_func.o
 .debug_aranges
                0x00000100       0x20 isr.o
 .debug_aranges
                0x00000120       0x20 comm.o
 .debug_aranges
                0x00000140       0x20 twi/twi.o
 .debug_aranges
                0x00000160       0x20 log.o

.debug_pubnames
                0x00000000      0x5e6
 *(.debug_pubnames)
 .debug_pubnames
                0x00000000       0x9d main.o
 .debug_pubnames
                0x0000009d       0xb7 uart.o
 .debug_pubnames
                0x00000154       0xd0 sdcard_fs_driver/ff.o
 .debug_pubnames
                0x00000224       0x75 sdcard_fs_driver/mmc.o
 .debug_pubnames
                0x00000299       0x6f sdcard_fs_driver/rtc.o
 .debug_pubnames
                0x00000308       0x92 can_std/can_drv.o
 .debug_pubnames
                0x0000039a       0x3e can_std/can_lib.o
 .debug_pubnames
                0x000003d8       0xce can_func.o
 .debug_pubnames
                0x000004a6       0x57 isr.o
 .debug_pubnames
                0x000004fd       0x33 error.o
 .debug_pubnames
                0x00000530       0x2e comm.o
 .debug_pubnames
                0x0000055e       0x54 twi/twi.o
 .debug_pubnames
                0x000005b2       0x34 log.o

.debug_info     0x00000000     0x41a2
 *(.debug_info)
 .debug_info    0x00000000      0xc08 main.o
 .debug_info    0x00000c08      0x2dd uart.o
 .debug_info    0x00000ee5     0x174a sdcard_fs_driver/ff.o
 .debug_info    0x0000262f      0x715 sdcard_fs_driver/mmc.o
 .debug_info    0x00002d44      0x30e sdcard_fs_driver/rtc.o
 .debug_info    0x00003052      0x325 can_std/can_drv.o
 .debug_info    0x00003377      0x2e1 can_std/can_lib.o
 .debug_info    0x00003658      0x384 can_func.o
 .debug_info    0x000039dc      0x13c isr.o
 .debug_info    0x00003b18       0x9d error.o
 .debug_info    0x00003bb5       0xe3 comm.o
 .debug_info    0x00003c98      0x12e twi/twi.o
 .debug_info    0x00003dc6      0x3dc log.o
 *(.gnu.linkonce.wi.*)

.debug_abbrev   0x00000000     0x1161
 *(.debug_abbrev)
 .debug_abbrev  0x00000000      0x29a main.o
 .debug_abbrev  0x0000029a      0x161 uart.o
 .debug_abbrev  0x000003fb      0x2f5 sdcard_fs_driver/ff.o
 .debug_abbrev  0x000006f0      0x217 sdcard_fs_driver/mmc.o
 .debug_abbrev  0x00000907      0x136 sdcard_fs_driver/rtc.o
 .debug_abbrev  0x00000a3d      0x101 can_std/can_drv.o
 .debug_abbrev  0x00000b3e      0x13f can_std/can_lib.o
 .debug_abbrev  0x00000c7d      0x13e can_func.o
 .debug_abbrev  0x00000dbb       0xc3 isr.o
 .debug_abbrev  0x00000e7e       0x51 error.o
 .debug_abbrev  0x00000ecf       0x9d comm.o
 .debug_abbrev  0x00000f6c       0xd0 twi/twi.o
 .debug_abbrev  0x0000103c      0x125 log.o

.debug_line     0x00000000     0x32ce
 *(.debug_line)
 .debug_line    0x00000000      0x395 main.o
 .debug_line    0x00000395      0x23b uart.o
 .debug_line    0x000005d0     0x14bb sdcard_fs_driver/ff.o
 .debug_line    0x00001a8b      0x820 sdcard_fs_driver/mmc.o
 .debug_line    0x000022ab      0x2ab sdcard_fs_driver/rtc.o
 .debug_line    0x00002556      0x325 can_std/can_drv.o
 .debug_line    0x0000287b      0x3c8 can_std/can_lib.o
 .debug_line    0x00002c43      0x181 can_func.o
 .debug_line    0x00002dc4      0x10b isr.o
 .debug_line    0x00002ecf       0x57 error.o
 .debug_line    0x00002f26      0x18a comm.o
 .debug_line    0x000030b0      0x162 twi/twi.o
 .debug_line    0x00003212       0xbc log.o

.debug_frame    0x00000000      0x570
 *(.debug_frame)
 .debug_frame   0x00000000       0x50 main.o
 .debug_frame   0x00000050       0xb0 uart.o
 .debug_frame   0x00000100      0x170 sdcard_fs_driver/ff.o
 .debug_frame   0x00000270       0xc0 sdcard_fs_driver/mmc.o
 .debug_frame   0x00000330       0x70 sdcard_fs_driver/rtc.o
 .debug_frame   0x000003a0       0x70 can_std/can_drv.o
 .debug_frame   0x00000410       0x40 can_std/can_lib.o
 .debug_frame   0x00000450       0x50 can_func.o
 .debug_frame   0x000004a0       0x30 isr.o
 .debug_frame   0x000004d0       0x20 comm.o
 .debug_frame   0x000004f0       0x60 twi/twi.o
 .debug_frame   0x00000550       0x20 log.o

.debug_str      0x00000000      0xc19
 *(.debug_str)
 .debug_str     0x00000000      0x3ff main.o
                                0x488 (size before relaxing)
 .debug_str     0x000003ff       0xb8 uart.o
                                0x198 (size before relaxing)
 .debug_str     0x000004b7      0x305 sdcard_fs_driver/ff.o
                                0x4e5 (size before relaxing)
 .debug_str     0x000007bc       0xe8 sdcard_fs_driver/mmc.o
                                0x233 (size before relaxing)
 .debug_str     0x000008a4       0x5c sdcard_fs_driver/rtc.o
                                0x185 (size before relaxing)
 .debug_str     0x00000900      0x18b can_std/can_drv.o
                                0x264 (size before relaxing)
 .debug_str     0x00000a8b       0x57 can_std/can_lib.o
                                0x217 (size before relaxing)
 .debug_str     0x00000ae2       0x7a can_func.o
                                0x267 (size before relaxing)
 .debug_str     0x00000b5c       0x48 isr.o
                                0x12a (size before relaxing)
 .debug_str     0x00000ba4        0x8 error.o
                                 0xed (size before relaxing)
 .debug_str     0x00000bac       0x13 comm.o
                                0x102 (size before relaxing)
 .debug_str     0x00000bbf       0x38 twi/twi.o
                                0x121 (size before relaxing)
 .debug_str     0x00000bf7       0x22 log.o
                                0x2aa (size before relaxing)

.debug_loc      0x00000000     0x3ae1
 *(.debug_loc)
 .debug_loc     0x00000000       0xa0 main.o
 .debug_loc     0x000000a0      0x16c uart.o
 .debug_loc     0x0000020c     0x2902 sdcard_fs_driver/ff.o
 .debug_loc     0x00002b0e      0x5a7 sdcard_fs_driver/mmc.o
 .debug_loc     0x000030b5      0x1ed sdcard_fs_driver/rtc.o
 .debug_loc     0x000032a2      0x3f7 can_std/can_drv.o
 .debug_loc     0x00003699      0x315 can_std/can_lib.o
 .debug_loc     0x000039ae       0xb8 can_func.o
 .debug_loc     0x00003a66       0x3b twi/twi.o
 .debug_loc     0x00003aa1       0x40 log.o

.debug_macinfo
 *(.debug_macinfo)
OUTPUT(node1.elf elf32-avr)
LOAD linker stubs

.debug_ranges   0x00000000      0x150
 .debug_ranges  0x00000000       0x30 uart.o
 .debug_ranges  0x00000030       0xf0 sdcard_fs_driver/ff.o
 .debug_ranges  0x00000120       0x30 sdcard_fs_driver/mmc.o
