Archive member included because of file (symbol)

/usr/lib/gcc/avr/4.5.3/avr51/libgcc.a(_mulsi3.o)
                              sdcard_fs_driver/ff.o (__mulsi3)
/usr/lib/gcc/avr/4.5.3/avr51/libgcc.a(_udivmodqi4.o)
                              sdcard_fs_driver/rtc.o (__udivmodqi4)
/usr/lib/gcc/avr/4.5.3/avr51/libgcc.a(_udivmodhi4.o)
                              sdcard_fs_driver/rtc.o (__udivmodhi4)
/usr/lib/gcc/avr/4.5.3/avr51/libgcc.a(_divmodhi4.o)
                              isr.o (__divmodhi4)
/usr/lib/gcc/avr/4.5.3/avr51/libgcc.a(_udivmodsi4.o)
                              sdcard_fs_driver/ff.o (__udivmodsi4)
/usr/lib/gcc/avr/4.5.3/avr51/libgcc.a(_prologue.o)
                              main.o (__prologue_saves__)
/usr/lib/gcc/avr/4.5.3/avr51/libgcc.a(_epilogue.o)
                              main.o (__epilogue_restores__)
/usr/lib/gcc/avr/4.5.3/avr51/libgcc.a(_exit.o)
                              /usr/lib/gcc/avr/4.5.3/../../../avr/lib/avr51/crtcan128.o (exit)
/usr/lib/gcc/avr/4.5.3/avr51/libgcc.a(_tablejump.o)
                              sdcard_fs_driver/mmc.o (__tablejump2__)
/usr/lib/gcc/avr/4.5.3/avr51/libgcc.a(_copy_data.o)
                              main.o (__do_copy_data)
/usr/lib/gcc/avr/4.5.3/avr51/libgcc.a(_clear_bss.o)
                              main.o (__do_clear_bss)
/usr/lib/gcc/avr/4.5.3/avr51/libgcc.a(_addsub_sf.o)
                              uart.o (__addsf3)
/usr/lib/gcc/avr/4.5.3/avr51/libgcc.a(_mul_sf.o)
                              uart.o (__mulsf3)
/usr/lib/gcc/avr/4.5.3/avr51/libgcc.a(_div_sf.o)
                              uart.o (__divsf3)
/usr/lib/gcc/avr/4.5.3/avr51/libgcc.a(_sf_to_si.o)
                              uart.o (__fixsfsi)
/usr/lib/gcc/avr/4.5.3/avr51/libgcc.a(_thenan_sf.o)
                              /usr/lib/gcc/avr/4.5.3/avr51/libgcc.a(_addsub_sf.o) (__thenan_sf)
/usr/lib/gcc/avr/4.5.3/avr51/libgcc.a(_pack_sf.o)
                              /usr/lib/gcc/avr/4.5.3/avr51/libgcc.a(_addsub_sf.o) (__pack_f)
/usr/lib/gcc/avr/4.5.3/avr51/libgcc.a(_unpack_sf.o)
                              /usr/lib/gcc/avr/4.5.3/avr51/libgcc.a(_addsub_sf.o) (__unpack_f)
/usr/lib/gcc/avr/4.5.3/../../../avr/lib/avr51/libc.a(atoi.o)
                              log.o (atoi)
/usr/lib/gcc/avr/4.5.3/../../../avr/lib/avr51/libc.a(itoa.o)
                              main.o (itoa)
/usr/lib/gcc/avr/4.5.3/../../../avr/lib/avr51/libc.a(mul10.o)
                              /usr/lib/gcc/avr/4.5.3/../../../avr/lib/avr51/libc.a(atoi.o) (__mulhi_const_10)
/usr/lib/gcc/avr/4.5.3/../../../avr/lib/avr51/libc.a(strrev.o)
                              /usr/lib/gcc/avr/4.5.3/../../../avr/lib/avr51/libc.a(itoa.o) (strrev)

Allocating common symbols
Common symbol       size              file

Fatfs               0x232             main.o
canDataTest         0x10              test_vars.o
tx_remote_buffer    0x8               can_func.o
Finfo               0x16              main.o
response_buffer     0x10              can_func.o
acc_dirs            0x2               main.o
acc_files           0x2               main.o
Timer               0x2               main.o
Buff                0x400             main.o
tx_remote_msg       0xe               can_func.o
acc_size            0x4               main.o
databuffer          0x10              can_func.o
xbee_q              0x80              main.o
response_msg        0x1c              can_func.o

Memory Configuration

Name             Origin             Length             Attributes
text             0x00000000         0x00020000         xr
data             0x00800100         0x0000ff00         rw !x
eeprom           0x00810000         0x00010000         rw !x
fuse             0x00820000         0x00000400         rw !x
lock             0x00830000         0x00000400         rw !x
signature        0x00840000         0x00000400         rw !x
*default*        0x00000000         0xffffffff

Linker script and memory map

Address of section .data set to 0x800100
LOAD /usr/lib/gcc/avr/4.5.3/../../../avr/lib/avr51/crtcan128.o
LOAD main.o
LOAD uart.o
LOAD sdcard_fs_driver/ff.o
LOAD sdcard_fs_driver/mmc.o
LOAD sdcard_fs_driver/rtc.o
LOAD can_std/can_drv.o
LOAD can_std/can_lib.o
LOAD can_func.o
LOAD isr.o
LOAD error.o
LOAD comm.o
LOAD twi/twi.o
LOAD log.o
LOAD ecu.o
LOAD can_new.o
LOAD test_vars.o
LOAD xitoa.o
LOAD /usr/lib/gcc/avr/4.5.3/avr51/libgcc.a
LOAD /usr/lib/gcc/avr/4.5.3/../../../avr/lib/avr51/libc.a
LOAD /usr/lib/gcc/avr/4.5.3/avr51/libgcc.a

.hash
 *(.hash)

.dynsym
 *(.dynsym)

.dynstr
 *(.dynstr)

.gnu.version
 *(.gnu.version)

.gnu.version_d
 *(.gnu.version_d)

.gnu.version_r
 *(.gnu.version_r)

.rel.init
 *(.rel.init)

.rela.init
 *(.rela.init)

.rel.text
 *(.rel.text)
 *(.rel.text.*)
 *(.rel.gnu.linkonce.t*)

.rela.text
 *(.rela.text)
 *(.rela.text.*)
 *(.rela.gnu.linkonce.t*)

.rel.fini
 *(.rel.fini)

.rela.fini
 *(.rela.fini)

.rel.rodata
 *(.rel.rodata)
 *(.rel.rodata.*)
 *(.rel.gnu.linkonce.r*)

.rela.rodata
 *(.rela.rodata)
 *(.rela.rodata.*)
 *(.rela.gnu.linkonce.r*)

.rel.data
 *(.rel.data)
 *(.rel.data.*)
 *(.rel.gnu.linkonce.d*)

.rela.data
 *(.rela.data)
 *(.rela.data.*)
 *(.rela.gnu.linkonce.d*)

.rel.ctors
 *(.rel.ctors)

.rela.ctors
 *(.rela.ctors)

.rel.dtors
 *(.rel.dtors)

.rela.dtors
 *(.rela.dtors)

.rel.got
 *(.rel.got)

.rela.got
 *(.rela.got)

.rel.bss
 *(.rel.bss)

.rela.bss
 *(.rela.bss)

.rel.plt
 *(.rel.plt)

.rela.plt
 *(.rela.plt)

.text           0x00000000     0x5a4c
 *(.vectors)
 .vectors       0x00000000       0x94 /usr/lib/gcc/avr/4.5.3/../../../avr/lib/avr51/crtcan128.o
                0x00000000                __vectors
                0x00000000                __vector_default
 *(.vectors)
 *(.progmem.gcc*)
 .progmem.gcc_sw_table
                0x00000094       0x1e sdcard_fs_driver/mmc.o
 .progmem.gcc_sw_table
                0x000000b2       0x16 can_std/can_lib.o
 *(.progmem*)
 .progmem.data  0x000000c8       0xbf main.o
                0x00000188                . = ALIGN (0x2)
 *fill*         0x00000187        0x1 00
                0x00000188                __trampolines_start = .
 *(.trampolines)
 .trampolines   0x00000188        0x0 linker stubs
 *(.trampolines*)
                0x00000188                __trampolines_end = .
 *(.jumptables)
 *(.jumptables*)
 *(.lowtext)
 *(.lowtext*)
                0x00000188                __ctors_start = .
 *(.ctors)
                0x00000188                __ctors_end = .
                0x00000188                __dtors_start = .
 *(.dtors)
                0x00000188                __dtors_end = .
 SORT(*)(.ctors)
 SORT(*)(.dtors)
 *(.init0)
 .init0         0x00000188        0x0 /usr/lib/gcc/avr/4.5.3/../../../avr/lib/avr51/crtcan128.o
                0x00000188                __init
 *(.init0)
 *(.init1)
 *(.init1)
 *(.init2)
 .init2         0x00000188        0xc /usr/lib/gcc/avr/4.5.3/../../../avr/lib/avr51/crtcan128.o
 *(.init2)
 *(.init3)
 *(.init3)
 *(.init4)
 .init4         0x00000194       0x1a /usr/lib/gcc/avr/4.5.3/avr51/libgcc.a(_copy_data.o)
                0x00000194                __do_copy_data
 .init4         0x000001ae       0x10 /usr/lib/gcc/avr/4.5.3/avr51/libgcc.a(_clear_bss.o)
                0x000001ae                __do_clear_bss
 *(.init4)
 *(.init5)
 *(.init5)
 *(.init6)
 *(.init6)
 *(.init7)
 *(.init7)
 *(.init8)
 *(.init8)
 *(.init9)
 .init9         0x000001be        0x8 /usr/lib/gcc/avr/4.5.3/../../../avr/lib/avr51/crtcan128.o
 *(.init9)
 *(.text)
 .text          0x000001c6        0x4 /usr/lib/gcc/avr/4.5.3/../../../avr/lib/avr51/crtcan128.o
                0x000001c6                __vector_22
                0x000001c6                __vector_28
                0x000001c6                __vector_1
                0x000001c6                __vector_32
                0x000001c6                __vector_34
                0x000001c6                __vector_24
                0x000001c6                __vector_12
                0x000001c6                __bad_interrupt
                0x000001c6                __vector_6
                0x000001c6                __vector_31
                0x000001c6                __vector_35
                0x000001c6                __vector_3
                0x000001c6                __vector_23
                0x000001c6                __vector_30
                0x000001c6                __vector_25
                0x000001c6                __vector_11
                0x000001c6                __vector_13
                0x000001c6                __vector_17
                0x000001c6                __vector_19
                0x000001c6                __vector_7
                0x000001c6                __vector_27
                0x000001c6                __vector_5
                0x000001c6                __vector_4
                0x000001c6                __vector_2
                0x000001c6                __vector_15
                0x000001c6                __vector_36
                0x000001c6                __vector_29
                0x000001c6                __vector_8
                0x000001c6                __vector_26
                0x000001c6                __vector_14
                0x000001c6                __vector_10
                0x000001c6                __vector_20
 .text          0x000001ca      0x45e main.o
                0x000001ca                __vector_9
                0x0000022c                get_fattime
                0x000002e8                main
 .text          0x00000628      0x1b6 uart.o
                0x00000628                USART0_Transmit
                0x00000636                USART1_Transmit
                0x00000644                USART_set_baud_rate
                0x00000730                uart_init
                0x0000075c                uart_get
                0x0000076a                uart_put_test
                0x00000782                uart_put
                0x00000788                uart_puts
                0x000007b0                uart1_put
                0x000007b6                uart1_puts
 .text          0x000007de     0x21ac sdcard_fs_driver/ff.o
                0x00000992                get_fat
                0x00000afc                put_fat
                0x00000e2c                clust2sect
                0x00001468                chk_mounted
                0x00001842                f_mount
                0x00001874                f_open
                0x00001c26                f_read
                0x00001e82                f_write
                0x000021a0                f_sync
                0x0000230a                f_close
                0x00002326                f_chdrive
                0x0000233c                f_chdir
                0x000023e8                f_lseek
                0x0000274a                f_opendir
                0x000027fa                f_readdir
 .text          0x0000298a      0x80a sdcard_fs_driver/mmc.o
                0x00002bb2                disk_initialize
                0x00002d04                disk_status
                0x00002d12                disk_read
                0x00002dbe                disk_write
                0x00002eaa                disk_ioctl
                0x00003176                disk_timerproc
 .text          0x00003194      0x2de sdcard_fs_driver/rtc.o
                0x00003194                RTC_write
                0x00003210                rtc_clearHaltBit
                0x00003238                RTC_read
                0x000032f0                rtc_gettime
                0x000033d0                rtc_settime
                0x00003468                rtc_init
 .text          0x00003472      0x368 can_std/can_drv.o
                0x00003472                can_clear_all_mob
                0x00003492                can_get_mob_free
                0x000034be                can_get_mob_status
                0x000034e4                can_get_data
                0x0000350c                can_auto_baudrate
                0x000037c0                can_fixed_baudrate
 .text          0x000037da      0xc10 can_std/can_lib.o
                0x000037da                can_init
                0x000037f8                can_cmd
                0x000042c8                can_get_status
 .text          0x000043ea      0x172 can_func.o
                0x000043ea                init_can_data_mobs
                0x00004424                can_data_mob_setup
                0x000044f4                can_send
                0x00004534                can_update_rx_msg
 .text          0x0000455c      0x202 isr.o
                0x0000455c                __vector_16
                0x0000462c                __vector_21
                0x00004680                __vector_33
 .text          0x0000475e        0x0 error.o
 .text          0x0000475e       0x3e comm.o
                0x0000475e                xbee_send_trigger
 .text          0x0000479c       0x7e twi/twi.o
                0x0000479c                TWI_init
                0x000047ae                TWI_start
                0x000047e2                TWI_send
                0x000047f6                TWI_rcvr
                0x00004812                TWI_stop
 .text          0x0000481a       0x4a log.o
                0x0000481a                get_free_log_number
 .text          0x00004864      0x17a ecu.o
                0x00004864                ecu_val_to_xbee
                0x0000491c                ecu_data_handler
 .text          0x000049de      0x294 can_new.o
                0x000049de                __vector_18
                0x00004c30                can_send_non_blocking
 .text          0x00004c72        0x0 test_vars.o
 .text          0x00004c72      0x214 xitoa.o
                0x00004c72                xputc
                0x00004c90                xputs
                0x00004c9e                xitoa
                0x00004d14                xprintf
                0x00004dd0                xatoi
 .text          0x00004e86        0x0 /usr/lib/gcc/avr/4.5.3/avr51/libgcc.a(_mulsi3.o)
 .text          0x00004e86        0x0 /usr/lib/gcc/avr/4.5.3/avr51/libgcc.a(_udivmodqi4.o)
 .text          0x00004e86        0x0 /usr/lib/gcc/avr/4.5.3/avr51/libgcc.a(_udivmodhi4.o)
 .text          0x00004e86        0x0 /usr/lib/gcc/avr/4.5.3/avr51/libgcc.a(_divmodhi4.o)
 .text          0x00004e86        0x0 /usr/lib/gcc/avr/4.5.3/avr51/libgcc.a(_udivmodsi4.o)
 .text          0x00004e86        0x0 /usr/lib/gcc/avr/4.5.3/avr51/libgcc.a(_prologue.o)
 .text          0x00004e86        0x0 /usr/lib/gcc/avr/4.5.3/avr51/libgcc.a(_epilogue.o)
 .text          0x00004e86        0x0 /usr/lib/gcc/avr/4.5.3/avr51/libgcc.a(_exit.o)
 .text          0x00004e86        0x0 /usr/lib/gcc/avr/4.5.3/avr51/libgcc.a(_tablejump.o)
 .text          0x00004e86        0x0 /usr/lib/gcc/avr/4.5.3/avr51/libgcc.a(_copy_data.o)
 .text          0x00004e86        0x0 /usr/lib/gcc/avr/4.5.3/avr51/libgcc.a(_clear_bss.o)
 .text          0x00004e86      0x350 /usr/lib/gcc/avr/4.5.3/avr51/libgcc.a(_addsub_sf.o)
                0x0000511a                __addsf3
                0x00005174                __subsf3
 .text          0x000051d6      0x1f4 /usr/lib/gcc/avr/4.5.3/avr51/libgcc.a(_mul_sf.o)
                0x000051d6                __mulsf3
 .text          0x000053ca      0x15c /usr/lib/gcc/avr/4.5.3/avr51/libgcc.a(_div_sf.o)
                0x000053ca                __divsf3
 .text          0x00005526       0xa4 /usr/lib/gcc/avr/4.5.3/avr51/libgcc.a(_sf_to_si.o)
                0x00005526                __fixsfsi
 .text          0x000055ca        0x0 /usr/lib/gcc/avr/4.5.3/avr51/libgcc.a(_thenan_sf.o)
 .text          0x000055ca      0x19c /usr/lib/gcc/avr/4.5.3/avr51/libgcc.a(_pack_sf.o)
                0x000055ca                __pack_f
 .text          0x00005766       0xd2 /usr/lib/gcc/avr/4.5.3/avr51/libgcc.a(_unpack_sf.o)
                0x00005766                __unpack_f
 .text          0x00005838        0x0 /usr/lib/gcc/avr/4.5.3/../../../avr/lib/avr51/libc.a(atoi.o)
 .text          0x00005838        0x0 /usr/lib/gcc/avr/4.5.3/../../../avr/lib/avr51/libc.a(itoa.o)
 .text          0x00005838        0x0 /usr/lib/gcc/avr/4.5.3/../../../avr/lib/avr51/libc.a(mul10.o)
 .text          0x00005838        0x0 /usr/lib/gcc/avr/4.5.3/../../../avr/lib/avr51/libc.a(strrev.o)
                0x00005838                . = ALIGN (0x2)
 *(.text.*)
 .text.libgcc   0x00005838       0x3e /usr/lib/gcc/avr/4.5.3/avr51/libgcc.a(_mulsi3.o)
                0x00005838                __mulsi3
 .text.libgcc   0x00005876       0x18 /usr/lib/gcc/avr/4.5.3/avr51/libgcc.a(_udivmodqi4.o)
                0x00005876                __udivmodqi4
 .text.libgcc   0x0000588e       0x28 /usr/lib/gcc/avr/4.5.3/avr51/libgcc.a(_udivmodhi4.o)
                0x0000588e                __udivmodhi4
 .text.libgcc   0x000058b6       0x26 /usr/lib/gcc/avr/4.5.3/avr51/libgcc.a(_divmodhi4.o)
                0x000058b6                __divmodhi4
                0x000058b6                _div
 .text.libgcc   0x000058dc       0x44 /usr/lib/gcc/avr/4.5.3/avr51/libgcc.a(_udivmodsi4.o)
                0x000058dc                __udivmodsi4
 .text.libgcc   0x00005920       0x38 /usr/lib/gcc/avr/4.5.3/avr51/libgcc.a(_prologue.o)
                0x00005920                __prologue_saves__
 .text.libgcc   0x00005958       0x36 /usr/lib/gcc/avr/4.5.3/avr51/libgcc.a(_epilogue.o)
                0x00005958                __epilogue_restores__
 .text.libgcc   0x0000598e        0x0 /usr/lib/gcc/avr/4.5.3/avr51/libgcc.a(_exit.o)
 .text.libgcc   0x0000598e        0xc /usr/lib/gcc/avr/4.5.3/avr51/libgcc.a(_tablejump.o)
                0x0000598e                __tablejump2__
                0x00005992                __tablejump__
 .text.libgcc   0x0000599a        0x0 /usr/lib/gcc/avr/4.5.3/avr51/libgcc.a(_copy_data.o)
 .text.libgcc   0x0000599a        0x0 /usr/lib/gcc/avr/4.5.3/avr51/libgcc.a(_clear_bss.o)
 .text.avr-libc
                0x0000599a       0x3c /usr/lib/gcc/avr/4.5.3/../../../avr/lib/avr51/libc.a(atoi.o)
                0x0000599a                atoi
 .text.avr-libc
                0x000059d6       0x42 /usr/lib/gcc/avr/4.5.3/../../../avr/lib/avr51/libc.a(itoa.o)
                0x000059d6                itoa
 .text.avr-libc
                0x00005a18       0x10 /usr/lib/gcc/avr/4.5.3/../../../avr/lib/avr51/libc.a(mul10.o)
                0x00005a18                __mulhi_const_10
 .text.avr-libc
                0x00005a28       0x20 /usr/lib/gcc/avr/4.5.3/../../../avr/lib/avr51/libc.a(strrev.o)
                0x00005a28                strrev
                0x00005a48                . = ALIGN (0x2)
 *(.fini9)
 .fini9         0x00005a48        0x0 /usr/lib/gcc/avr/4.5.3/avr51/libgcc.a(_exit.o)
                0x00005a48                exit
                0x00005a48                _exit
 *(.fini9)
 *(.fini8)
 *(.fini8)
 *(.fini7)
 *(.fini7)
 *(.fini6)
 *(.fini6)
 *(.fini5)
 *(.fini5)
 *(.fini4)
 *(.fini4)
 *(.fini3)
 *(.fini3)
 *(.fini2)
 *(.fini2)
 *(.fini1)
 *(.fini1)
 *(.fini0)
 .fini0         0x00005a48        0x4 /usr/lib/gcc/avr/4.5.3/avr51/libgcc.a(_exit.o)
 *(.fini0)
                0x00005a4c                _etext = .

.data           0x00800100      0x206 load address 0x00005a4c
                0x00800100                PROVIDE (__data_start, .)
 *(.data)
 .data          0x00800100        0x0 /usr/lib/gcc/avr/4.5.3/../../../avr/lib/avr51/crtcan128.o
 .data          0x00800100        0x3 main.o
 .data          0x00800103        0x0 uart.o
 .data          0x00800103        0xb sdcard_fs_driver/ff.o
 .data          0x0080010e        0x1 sdcard_fs_driver/mmc.o
 .data          0x0080010f        0x0 sdcard_fs_driver/rtc.o
 .data          0x0080010f        0x0 can_std/can_drv.o
 .data          0x0080010f        0x0 can_std/can_lib.o
 .data          0x0080010f        0x0 can_func.o
 .data          0x0080010f       0x59 isr.o
 .data          0x00800168        0x0 error.o
 .data          0x00800168        0x3 comm.o
 .data          0x0080016b        0x0 twi/twi.o
 .data          0x0080016b        0x0 log.o
 .data          0x0080016b      0x146 ecu.o
                0x0080016b                EcuData
 .data          0x008002b1       0x4c can_new.o
 .data          0x008002fd        0x0 test_vars.o
 .data          0x008002fd        0x0 xitoa.o
 .data          0x008002fd        0x0 /usr/lib/gcc/avr/4.5.3/avr51/libgcc.a(_mulsi3.o)
 .data          0x008002fd        0x0 /usr/lib/gcc/avr/4.5.3/avr51/libgcc.a(_udivmodqi4.o)
 .data          0x008002fd        0x0 /usr/lib/gcc/avr/4.5.3/avr51/libgcc.a(_udivmodhi4.o)
 .data          0x008002fd        0x0 /usr/lib/gcc/avr/4.5.3/avr51/libgcc.a(_divmodhi4.o)
 .data          0x008002fd        0x0 /usr/lib/gcc/avr/4.5.3/avr51/libgcc.a(_udivmodsi4.o)
 .data          0x008002fd        0x0 /usr/lib/gcc/avr/4.5.3/avr51/libgcc.a(_prologue.o)
 .data          0x008002fd        0x0 /usr/lib/gcc/avr/4.5.3/avr51/libgcc.a(_epilogue.o)
 .data          0x008002fd        0x0 /usr/lib/gcc/avr/4.5.3/avr51/libgcc.a(_exit.o)
 .data          0x008002fd        0x0 /usr/lib/gcc/avr/4.5.3/avr51/libgcc.a(_tablejump.o)
 .data          0x008002fd        0x0 /usr/lib/gcc/avr/4.5.3/avr51/libgcc.a(_copy_data.o)
 .data          0x008002fd        0x0 /usr/lib/gcc/avr/4.5.3/avr51/libgcc.a(_clear_bss.o)
 .data          0x008002fd        0x0 /usr/lib/gcc/avr/4.5.3/avr51/libgcc.a(_addsub_sf.o)
 .data          0x008002fd        0x0 /usr/lib/gcc/avr/4.5.3/avr51/libgcc.a(_mul_sf.o)
 .data          0x008002fd        0x0 /usr/lib/gcc/avr/4.5.3/avr51/libgcc.a(_div_sf.o)
 .data          0x008002fd        0x0 /usr/lib/gcc/avr/4.5.3/avr51/libgcc.a(_sf_to_si.o)
 .data          0x008002fd        0x8 /usr/lib/gcc/avr/4.5.3/avr51/libgcc.a(_thenan_sf.o)
                0x008002fd                __thenan_sf
 .data          0x00800305        0x0 /usr/lib/gcc/avr/4.5.3/avr51/libgcc.a(_pack_sf.o)
 .data          0x00800305        0x0 /usr/lib/gcc/avr/4.5.3/avr51/libgcc.a(_unpack_sf.o)
 .data          0x00800305        0x0 /usr/lib/gcc/avr/4.5.3/../../../avr/lib/avr51/libc.a(atoi.o)
 .data          0x00800305        0x0 /usr/lib/gcc/avr/4.5.3/../../../avr/lib/avr51/libc.a(itoa.o)
 .data          0x00800305        0x0 /usr/lib/gcc/avr/4.5.3/../../../avr/lib/avr51/libc.a(mul10.o)
 .data          0x00800305        0x0 /usr/lib/gcc/avr/4.5.3/../../../avr/lib/avr51/libc.a(strrev.o)
 *(.data*)
 *(.rodata)
 *(.rodata*)
 *(.gnu.linkonce.d*)
                0x00800306                . = ALIGN (0x2)
 *fill*         0x00800305        0x1 00
                0x00800306                _edata = .
                0x00800306                PROVIDE (__data_end, .)

.bss            0x00800306      0x74a
                0x00800306                PROVIDE (__bss_start, .)
 *(.bss)
 .bss           0x00800306        0x0 /usr/lib/gcc/avr/4.5.3/../../../avr/lib/avr51/crtcan128.o
 .bss           0x00800306        0x0 main.o
 .bss           0x00800306        0x0 uart.o
 .bss           0x00800306        0x5 sdcard_fs_driver/ff.o
 .bss           0x0080030b        0x3 sdcard_fs_driver/mmc.o
 .bss           0x0080030e        0x0 sdcard_fs_driver/rtc.o
 .bss           0x0080030e        0x0 can_std/can_drv.o
 .bss           0x0080030e        0x0 can_std/can_lib.o
 .bss           0x0080030e        0x1 can_func.o
                0x0080030e                bufferindex
 .bss           0x0080030f        0x6 isr.o
                0x0080030f                RecIndex
                0x00800311                testvar
                0x00800313                xbee_sending
                0x00800314                nextId
 .bss           0x00800315        0x2 error.o
                0x00800315                EcuCommError
                0x00800316                EcuErrorTmp
 .bss           0x00800317        0x1 comm.o
                0x00800317                xbee_seq_index
 .bss           0x00800318        0x0 twi/twi.o
 .bss           0x00800318        0x0 log.o
 .bss           0x00800318        0x0 ecu.o
 .bss           0x00800318        0x0 can_new.o
 .bss           0x00800318        0x2 test_vars.o
                0x00800318                tIntReg
 .bss           0x0080031a        0x2 xitoa.o
                0x0080031a                xfunc_out
 .bss           0x0080031c        0x0 /usr/lib/gcc/avr/4.5.3/avr51/libgcc.a(_mulsi3.o)
 .bss           0x0080031c        0x0 /usr/lib/gcc/avr/4.5.3/avr51/libgcc.a(_udivmodqi4.o)
 .bss           0x0080031c        0x0 /usr/lib/gcc/avr/4.5.3/avr51/libgcc.a(_udivmodhi4.o)
 .bss           0x0080031c        0x0 /usr/lib/gcc/avr/4.5.3/avr51/libgcc.a(_divmodhi4.o)
 .bss           0x0080031c        0x0 /usr/lib/gcc/avr/4.5.3/avr51/libgcc.a(_udivmodsi4.o)
 .bss           0x0080031c        0x0 /usr/lib/gcc/avr/4.5.3/avr51/libgcc.a(_prologue.o)
 .bss           0x0080031c        0x0 /usr/lib/gcc/avr/4.5.3/avr51/libgcc.a(_epilogue.o)
 .bss           0x0080031c        0x0 /usr/lib/gcc/avr/4.5.3/avr51/libgcc.a(_exit.o)
 .bss           0x0080031c        0x0 /usr/lib/gcc/avr/4.5.3/avr51/libgcc.a(_tablejump.o)
 .bss           0x0080031c        0x0 /usr/lib/gcc/avr/4.5.3/avr51/libgcc.a(_copy_data.o)
 .bss           0x0080031c        0x0 /usr/lib/gcc/avr/4.5.3/avr51/libgcc.a(_clear_bss.o)
 .bss           0x0080031c        0x0 /usr/lib/gcc/avr/4.5.3/avr51/libgcc.a(_addsub_sf.o)
 .bss           0x0080031c        0x0 /usr/lib/gcc/avr/4.5.3/avr51/libgcc.a(_mul_sf.o)
 .bss           0x0080031c        0x0 /usr/lib/gcc/avr/4.5.3/avr51/libgcc.a(_div_sf.o)
 .bss           0x0080031c        0x0 /usr/lib/gcc/avr/4.5.3/avr51/libgcc.a(_sf_to_si.o)
 .bss           0x0080031c        0x0 /usr/lib/gcc/avr/4.5.3/avr51/libgcc.a(_thenan_sf.o)
 .bss           0x0080031c        0x0 /usr/lib/gcc/avr/4.5.3/avr51/libgcc.a(_pack_sf.o)
 .bss           0x0080031c        0x0 /usr/lib/gcc/avr/4.5.3/avr51/libgcc.a(_unpack_sf.o)
 .bss           0x0080031c        0x0 /usr/lib/gcc/avr/4.5.3/../../../avr/lib/avr51/libc.a(atoi.o)
 .bss           0x0080031c        0x0 /usr/lib/gcc/avr/4.5.3/../../../avr/lib/avr51/libc.a(itoa.o)
 .bss           0x0080031c        0x0 /usr/lib/gcc/avr/4.5.3/../../../avr/lib/avr51/libc.a(mul10.o)
 .bss           0x0080031c        0x0 /usr/lib/gcc/avr/4.5.3/../../../avr/lib/avr51/libc.a(strrev.o)
 *(.bss*)
 *(COMMON)
 COMMON         0x0080031c      0x6d2 main.o
                0x0080031c                Fatfs
                0x0080054e                Finfo
                0x00800564                acc_dirs
                0x00800566                acc_files
                0x00800568                Timer
                0x0080056a                Buff
                0x0080096a                acc_size
                0x0080096e                xbee_q
 COMMON         0x008009ee       0x52 can_func.o
                0x008009ee                tx_remote_buffer
                0x008009f6                response_buffer
                0x00800a06                tx_remote_msg
                0x00800a14                databuffer
                0x00800a24                response_msg
 COMMON         0x00800a40       0x10 test_vars.o
                0x00800a40                canDataTest
                0x00800a50                PROVIDE (__bss_end, .)
                0x00005a4c                __data_load_start = LOADADDR (.data)
                0x00005c52                __data_load_end = (__data_load_start + SIZEOF (.data))

.noinit         0x00800a50        0x0
                0x00800a50                PROVIDE (__noinit_start, .)
 *(.noinit*)
                0x00800a50                PROVIDE (__noinit_end, .)
                0x00800a50                _end = .
                0x00800a50                PROVIDE (__heap_start, .)

.eeprom         0x00810000        0x0
 *(.eeprom*)
                0x00810000                __eeprom_end = .

.fuse
 *(.fuse)
 *(.lfuse)
 *(.hfuse)
 *(.efuse)

.lock
 *(.lock*)

.signature
 *(.signature*)

.stab           0x00000000     0x183c
 *(.stab)
 .stab          0x00000000      0x6cc /usr/lib/gcc/avr/4.5.3/../../../avr/lib/avr51/crtcan128.o
 .stab          0x000006cc      0xcfc xitoa.o
                                0xd08 (size before relaxing)
 .stab          0x000013c8      0x174 /usr/lib/gcc/avr/4.5.3/../../../avr/lib/avr51/libc.a(atoi.o)
                                0x180 (size before relaxing)
 .stab          0x0000153c      0x1b0 /usr/lib/gcc/avr/4.5.3/../../../avr/lib/avr51/libc.a(itoa.o)
                                0x1bc (size before relaxing)
 .stab          0x000016ec       0x78 /usr/lib/gcc/avr/4.5.3/../../../avr/lib/avr51/libc.a(mul10.o)
                                 0x84 (size before relaxing)
 .stab          0x00001764       0xd8 /usr/lib/gcc/avr/4.5.3/../../../avr/lib/avr51/libc.a(strrev.o)
                                 0xe4 (size before relaxing)

.stabstr        0x00000000      0x152
 *(.stabstr)
 .stabstr       0x00000000      0x152 /usr/lib/gcc/avr/4.5.3/../../../avr/lib/avr51/crtcan128.o

.stab.excl
 *(.stab.excl)

.stab.exclstr
 *(.stab.exclstr)

.stab.index
 *(.stab.index)

.stab.indexstr
 *(.stab.indexstr)

.comment
 *(.comment)

.debug
 *(.debug)

.line
 *(.line)

.debug_srcinfo
 *(.debug_srcinfo)

.debug_sfnames
 *(.debug_sfnames)

.debug_aranges  0x00000000      0x1c0
 *(.debug_aranges)
 .debug_aranges
                0x00000000       0x20 main.o
 .debug_aranges
                0x00000020       0x20 uart.o
 .debug_aranges
                0x00000040       0x20 sdcard_fs_driver/ff.o
 .debug_aranges
                0x00000060       0x20 sdcard_fs_driver/mmc.o
 .debug_aranges
                0x00000080       0x20 sdcard_fs_driver/rtc.o
 .debug_aranges
                0x000000a0       0x20 can_std/can_drv.o
 .debug_aranges
                0x000000c0       0x20 can_std/can_lib.o
 .debug_aranges
                0x000000e0       0x20 can_func.o
 .debug_aranges
                0x00000100       0x20 isr.o
 .debug_aranges
                0x00000120       0x20 comm.o
 .debug_aranges
                0x00000140       0x20 twi/twi.o
 .debug_aranges
                0x00000160       0x20 log.o
 .debug_aranges
                0x00000180       0x20 ecu.o
 .debug_aranges
                0x000001a0       0x20 can_new.o

.debug_pubnames
                0x00000000      0x6f9
 *(.debug_pubnames)
 .debug_pubnames
                0x00000000       0x94 main.o
 .debug_pubnames
                0x00000094       0xb7 uart.o
 .debug_pubnames
                0x0000014b       0xd0 sdcard_fs_driver/ff.o
 .debug_pubnames
                0x0000021b       0x75 sdcard_fs_driver/mmc.o
 .debug_pubnames
                0x00000290       0x6f sdcard_fs_driver/rtc.o
 .debug_pubnames
                0x000002ff       0x92 can_std/can_drv.o
 .debug_pubnames
                0x00000391       0x3e can_std/can_lib.o
 .debug_pubnames
                0x000003cf       0xce can_func.o
 .debug_pubnames
                0x0000049d       0x82 isr.o
 .debug_pubnames
                0x0000051f       0x33 error.o
 .debug_pubnames
                0x00000552       0x46 comm.o
 .debug_pubnames
                0x00000598       0x54 twi/twi.o
 .debug_pubnames
                0x000005ec       0x34 log.o
 .debug_pubnames
                0x00000620       0x52 ecu.o
 .debug_pubnames
                0x00000672       0x59 can_new.o
 .debug_pubnames
                0x000006cb       0x2e test_vars.o

.debug_info     0x00000000     0x4ddc
 *(.debug_info)
 .debug_info    0x00000000      0xb90 main.o
 .debug_info    0x00000b90      0x240 uart.o
 .debug_info    0x00000dd0     0x1564 sdcard_fs_driver/ff.o
 .debug_info    0x00002334      0x541 sdcard_fs_driver/mmc.o
 .debug_info    0x00002875      0x312 sdcard_fs_driver/rtc.o
 .debug_info    0x00002b87      0x336 can_std/can_drv.o
 .debug_info    0x00002ebd      0x323 can_std/can_lib.o
 .debug_info    0x000031e0      0x3cb can_func.o
 .debug_info    0x000035ab      0x46b isr.o
 .debug_info    0x00003a16       0x9a error.o
 .debug_info    0x00003ab0      0x34a comm.o
 .debug_info    0x00003dfa      0x130 twi/twi.o
 .debug_info    0x00003f2a      0x3eb log.o
 .debug_info    0x00004315      0x4ba ecu.o
 .debug_info    0x000047cf      0x599 can_new.o
 .debug_info    0x00004d68       0x74 test_vars.o
 *(.gnu.linkonce.wi.*)

.debug_abbrev   0x00000000     0x14e1
 *(.debug_abbrev)
 .debug_abbrev  0x00000000      0x27c main.o
 .debug_abbrev  0x0000027c       0xec uart.o
 .debug_abbrev  0x00000368      0x30e sdcard_fs_driver/ff.o
 .debug_abbrev  0x00000676      0x1ad sdcard_fs_driver/mmc.o
 .debug_abbrev  0x00000823      0x12f sdcard_fs_driver/rtc.o
 .debug_abbrev  0x00000952      0x114 can_std/can_drv.o
 .debug_abbrev  0x00000a66      0x13d can_std/can_lib.o
 .debug_abbrev  0x00000ba3      0x146 can_func.o
 .debug_abbrev  0x00000ce9      0x129 isr.o
 .debug_abbrev  0x00000e12       0x48 error.o
 .debug_abbrev  0x00000e5a       0xf6 comm.o
 .debug_abbrev  0x00000f50       0xc7 twi/twi.o
 .debug_abbrev  0x00001017      0x13c log.o
 .debug_abbrev  0x00001153      0x1a9 ecu.o
 .debug_abbrev  0x000012fc      0x191 can_new.o
 .debug_abbrev  0x0000148d       0x54 test_vars.o

.debug_line     0x00000000     0x3e4a
 *(.debug_line)
 .debug_line    0x00000000      0x32b main.o
 .debug_line    0x0000032b      0x210 uart.o
 .debug_line    0x0000053b     0x1818 sdcard_fs_driver/ff.o
 .debug_line    0x00001d53      0x8cb sdcard_fs_driver/mmc.o
 .debug_line    0x0000261e      0x2c7 sdcard_fs_driver/rtc.o
 .debug_line    0x000028e5      0x500 can_std/can_drv.o
 .debug_line    0x00002de5      0x4dd can_std/can_lib.o
 .debug_line    0x000032c2      0x1a5 can_func.o
 .debug_line    0x00003467      0x1ce isr.o
 .debug_line    0x00003635       0x57 error.o
 .debug_line    0x0000368c       0xd6 comm.o
 .debug_line    0x00003762      0x17a twi/twi.o
 .debug_line    0x000038dc       0xc4 log.o
 .debug_line    0x000039a0      0x227 ecu.o
 .debug_line    0x00003bc7      0x236 can_new.o
 .debug_line    0x00003dfd       0x4d test_vars.o

.debug_frame    0x00000000      0x620
 *(.debug_frame)
 .debug_frame   0x00000000       0x40 main.o
 .debug_frame   0x00000040       0xb0 uart.o
 .debug_frame   0x000000f0      0x180 sdcard_fs_driver/ff.o
 .debug_frame   0x00000270      0x100 sdcard_fs_driver/mmc.o
 .debug_frame   0x00000370       0x70 sdcard_fs_driver/rtc.o
 .debug_frame   0x000003e0       0x70 can_std/can_drv.o
 .debug_frame   0x00000450       0x40 can_std/can_lib.o
 .debug_frame   0x00000490       0x50 can_func.o
 .debug_frame   0x000004e0       0x40 isr.o
 .debug_frame   0x00000520       0x20 comm.o
 .debug_frame   0x00000540       0x60 twi/twi.o
 .debug_frame   0x000005a0       0x20 log.o
 .debug_frame   0x000005c0       0x30 ecu.o
 .debug_frame   0x000005f0       0x30 can_new.o

.debug_str      0x00000000      0xef0
 *(.debug_str)
 .debug_str     0x00000000      0x5e3 main.o
                                0x676 (size before relaxing)
 .debug_str     0x000005e3       0xb8 uart.o
                                0x198 (size before relaxing)
 .debug_str     0x0000069b      0x2d6 sdcard_fs_driver/ff.o
                                0x4f2 (size before relaxing)
 .debug_str     0x00000971       0xf8 sdcard_fs_driver/mmc.o
                                0x251 (size before relaxing)
 .debug_str     0x00000a69       0x5c sdcard_fs_driver/rtc.o
                                0x185 (size before relaxing)
 .debug_str     0x00000ac5      0x18b can_std/can_drv.o
                                0x26f (size before relaxing)
 .debug_str     0x00000c50       0x5f can_std/can_lib.o
                                0x233 (size before relaxing)
 .debug_str     0x00000caf       0x9e can_func.o
                                0x270 (size before relaxing)
 .debug_str     0x00000d4d       0x7f isr.o
                                0x37f (size before relaxing)
 .debug_str     0x00000dcc        0x8 error.o
                                 0xed (size before relaxing)
 .debug_str     0x00000dd4       0x19 comm.o
                                0x335 (size before relaxing)
 .debug_str     0x00000ded       0x38 twi/twi.o
                                0x121 (size before relaxing)
 .debug_str     0x00000e25       0x22 log.o
                                0x2aa (size before relaxing)
 .debug_str     0x00000e47       0x51 ecu.o
                                0x36a (size before relaxing)
 .debug_str     0x00000e98       0x4c can_new.o
                                0x460 (size before relaxing)
 .debug_str     0x00000ee4        0xc test_vars.o
                                 0x88 (size before relaxing)

.debug_loc      0x00000000     0x3d67
 *(.debug_loc)
 .debug_loc     0x00000000       0x28 main.o
 .debug_loc     0x00000028      0x145 uart.o
 .debug_loc     0x0000016d     0x272b sdcard_fs_driver/ff.o
 .debug_loc     0x00002898      0x7a0 sdcard_fs_driver/mmc.o
 .debug_loc     0x00003038      0x1ea sdcard_fs_driver/rtc.o
 .debug_loc     0x00003222      0x556 can_std/can_drv.o
 .debug_loc     0x00003778      0x1cf can_std/can_lib.o
 .debug_loc     0x00003947       0xdc can_func.o
 .debug_loc     0x00003a23       0x33 isr.o
 .debug_loc     0x00003a56       0x47 twi/twi.o
 .debug_loc     0x00003a9d       0x89 log.o
 .debug_loc     0x00003b26      0x126 ecu.o
 .debug_loc     0x00003c4c      0x11b can_new.o

.debug_macinfo
 *(.debug_macinfo)
OUTPUT(node1.elf elf32-avr)
LOAD linker stubs

.debug_pubtypes
                0x00000000      0x67f
 .debug_pubtypes
                0x00000000      0x14f main.o
 .debug_pubtypes
                0x0000014f       0x1e uart.o
 .debug_pubtypes
                0x0000016d       0xb6 sdcard_fs_driver/ff.o
 .debug_pubtypes
                0x00000223       0x71 sdcard_fs_driver/mmc.o
 .debug_pubtypes
                0x00000294       0x41 sdcard_fs_driver/rtc.o
 .debug_pubtypes
                0x000002d5       0x2d can_std/can_drv.o
 .debug_pubtypes
                0x00000302       0x75 can_std/can_lib.o
 .debug_pubtypes
                0x00000377       0x69 can_func.o
 .debug_pubtypes
                0x000003e0       0x64 isr.o
 .debug_pubtypes
                0x00000444       0x19 error.o
 .debug_pubtypes
                0x0000045d       0x5d comm.o
 .debug_pubtypes
                0x000004ba       0x27 twi/twi.o
 .debug_pubtypes
                0x000004e1       0x79 log.o
 .debug_pubtypes
                0x0000055a       0x64 ecu.o
 .debug_pubtypes
                0x000005be       0xc1 can_new.o

.debug_ranges   0x00000000      0x170
 .debug_ranges  0x00000000      0x158 sdcard_fs_driver/ff.o
 .debug_ranges  0x00000158       0x18 ecu.o
