Archive member included because of file (symbol)

/usr/lib/gcc/avr/4.3.5/avr51/libgcc.a(_mulsi3.o)
                              sdcard_fs_driver/ff.o (__mulsi3)
/usr/lib/gcc/avr/4.3.5/avr51/libgcc.a(_udivmodqi4.o)
                              sdcard_fs_driver/rtc.o (__udivmodqi4)
/usr/lib/gcc/avr/4.3.5/avr51/libgcc.a(_udivmodhi4.o)
                              sdcard_fs_driver/rtc.o (__udivmodhi4)
/usr/lib/gcc/avr/4.3.5/avr51/libgcc.a(_divmodhi4.o)
                              isr.o (__divmodhi4)
/usr/lib/gcc/avr/4.3.5/avr51/libgcc.a(_udivmodsi4.o)
                              sdcard_fs_driver/ff.o (__udivmodsi4)
/usr/lib/gcc/avr/4.3.5/avr51/libgcc.a(_prologue.o)
                              main.o (__prologue_saves__)
/usr/lib/gcc/avr/4.3.5/avr51/libgcc.a(_epilogue.o)
                              main.o (__epilogue_restores__)
/usr/lib/gcc/avr/4.3.5/avr51/libgcc.a(_exit.o)
                              /usr/lib/gcc/avr/4.3.5/../../../avr/lib/avr51/crtcan128.o (exit)
/usr/lib/gcc/avr/4.3.5/avr51/libgcc.a(_tablejump.o)
                              sdcard_fs_driver/mmc.o (__tablejump2__)
/usr/lib/gcc/avr/4.3.5/avr51/libgcc.a(_clear_bss.o)
                              main.o (__do_clear_bss)
/usr/lib/gcc/avr/4.3.5/avr51/libgcc.a(_addsub_sf.o)
                              uart.o (__subsf3)
/usr/lib/gcc/avr/4.3.5/avr51/libgcc.a(_mul_sf.o)
                              uart.o (__mulsf3)
/usr/lib/gcc/avr/4.3.5/avr51/libgcc.a(_div_sf.o)
                              uart.o (__divsf3)
/usr/lib/gcc/avr/4.3.5/avr51/libgcc.a(_sf_to_si.o)
                              uart.o (__fixsfsi)
/usr/lib/gcc/avr/4.3.5/avr51/libgcc.a(_thenan_sf.o)
                              /usr/lib/gcc/avr/4.3.5/avr51/libgcc.a(_addsub_sf.o) (__thenan_sf)
/usr/lib/gcc/avr/4.3.5/avr51/libgcc.a(_pack_sf.o)
                              /usr/lib/gcc/avr/4.3.5/avr51/libgcc.a(_addsub_sf.o) (__pack_f)
/usr/lib/gcc/avr/4.3.5/avr51/libgcc.a(_unpack_sf.o)
                              /usr/lib/gcc/avr/4.3.5/avr51/libgcc.a(_addsub_sf.o) (__unpack_f)
/usr/lib/gcc/avr/4.3.5/../../../avr/lib/avr51/libc.a(atoi.o)
                              log.o (atoi)
/usr/lib/gcc/avr/4.3.5/../../../avr/lib/avr51/libc.a(itoa.o)
                              main.o (itoa)
/usr/lib/gcc/avr/4.3.5/../../../avr/lib/avr51/libc.a(mul10.o)
                              /usr/lib/gcc/avr/4.3.5/../../../avr/lib/avr51/libc.a(atoi.o) (__mulhi_const_10)
/usr/lib/gcc/avr/4.3.5/../../../avr/lib/avr51/libc.a(strrev.o)
                              /usr/lib/gcc/avr/4.3.5/../../../avr/lib/avr51/libc.a(itoa.o) (strrev)

Allocating common symbols
Common symbol       size              file

Fatfs               0x232             main.o
tx_remote_buffer    0x8               can_func.o
Finfo               0x16              main.o
response_buffer     0x10              can_func.o
acc_dirs            0x2               main.o
acc_files           0x2               main.o
my_q                0x44              main.o
Timer               0x2               main.o
Buff                0x400             main.o
tx_remote_msg       0xd               can_func.o
acc_size            0x4               main.o
databuffer          0x10              can_func.o
response_msg        0x1a              can_func.o

Memory Configuration

Name             Origin             Length             Attributes
text             0x00000000         0x00020000         xr
data             0x00800060         0x0000ffa0         rw !x
eeprom           0x00810000         0x00010000         rw !x
fuse             0x00820000         0x00000400         rw !x
lock             0x00830000         0x00000400         rw !x
signature        0x00840000         0x00000400         rw !x
*default*        0x00000000         0xffffffff

Linker script and memory map

Address of section .data set to 0x800100
LOAD /usr/lib/gcc/avr/4.3.5/../../../avr/lib/avr51/crtcan128.o
LOAD main.o
LOAD uart.o
LOAD sdcard_fs_driver/ff.o
LOAD sdcard_fs_driver/mmc.o
LOAD sdcard_fs_driver/rtc.o
LOAD can_std/can_drv.o
LOAD can_std/can_lib.o
LOAD can_func.o
LOAD isr.o
LOAD error.o
LOAD comm.o
LOAD twi/twi.o
LOAD log.o
LOAD ecu.o
LOAD xitoa.o
LOAD /usr/lib/gcc/avr/4.3.5/avr51/libgcc.a
LOAD /usr/lib/gcc/avr/4.3.5/../../../avr/lib/avr51/libc.a
LOAD /usr/lib/gcc/avr/4.3.5/avr51/libgcc.a

.hash
 *(.hash)

.dynsym
 *(.dynsym)

.dynstr
 *(.dynstr)

.gnu.version
 *(.gnu.version)

.gnu.version_d
 *(.gnu.version_d)

.gnu.version_r
 *(.gnu.version_r)

.rel.init
 *(.rel.init)

.rela.init
 *(.rela.init)

.rel.text
 *(.rel.text)
 *(.rel.text.*)
 *(.rel.gnu.linkonce.t*)

.rela.text
 *(.rela.text)
 *(.rela.text.*)
 *(.rela.gnu.linkonce.t*)

.rel.fini
 *(.rel.fini)

.rela.fini
 *(.rela.fini)

.rel.rodata
 *(.rel.rodata)
 *(.rel.rodata.*)
 *(.rel.gnu.linkonce.r*)

.rela.rodata
 *(.rela.rodata)
 *(.rela.rodata.*)
 *(.rela.gnu.linkonce.r*)

.rel.data
 *(.rel.data)
 *(.rel.data.*)
 *(.rel.gnu.linkonce.d*)

.rela.data
 *(.rela.data)
 *(.rela.data.*)
 *(.rela.gnu.linkonce.d*)

.rel.ctors
 *(.rel.ctors)

.rela.ctors
 *(.rela.ctors)

.rel.dtors
 *(.rel.dtors)

.rela.dtors
 *(.rela.dtors)

.rel.got
 *(.rel.got)

.rela.got
 *(.rela.got)

.rel.bss
 *(.rel.bss)

.rela.bss
 *(.rela.bss)

.rel.plt
 *(.rel.plt)

.rela.plt
 *(.rela.plt)

.text           0x00000000     0x5e70
 *(.vectors)
 .vectors       0x00000000       0x94 /usr/lib/gcc/avr/4.3.5/../../../avr/lib/avr51/crtcan128.o
                0x00000000                __vectors
                0x00000000                __vector_default
 *(.vectors)
 *(.progmem.gcc*)
 .progmem.gcc_sw_table
                0x00000094       0x1e sdcard_fs_driver/mmc.o
 .progmem.gcc_sw_table
                0x000000b2       0x16 can_std/can_lib.o
 *(.progmem*)
 .progmem.data  0x000000c8       0xe5 main.o
                0x000001ae                . = ALIGN (0x2)
 *fill*         0x000001ad        0x1 00
                0x000001ae                __trampolines_start = .
 *(.trampolines)
 .trampolines   0x000001ae        0x0 linker stubs
 *(.trampolines*)
                0x000001ae                __trampolines_end = .
 *(.jumptables)
 *(.jumptables*)
 *(.lowtext)
 *(.lowtext*)
                0x000001ae                __ctors_start = .
 *(.ctors)
                0x000001ae                __ctors_end = .
                0x000001ae                __dtors_start = .
 *(.dtors)
                0x000001ae                __dtors_end = .
 SORT(*)(.ctors)
 SORT(*)(.dtors)
 *(.init0)
 .init0         0x000001ae        0x0 /usr/lib/gcc/avr/4.3.5/../../../avr/lib/avr51/crtcan128.o
                0x000001ae                __init
 *(.init0)
 *(.init1)
 *(.init1)
 *(.init2)
 .init2         0x000001ae        0xc /usr/lib/gcc/avr/4.3.5/../../../avr/lib/avr51/crtcan128.o
 *(.init2)
 *(.init3)
 *(.init3)
 *(.init4)
 .init4         0x000001ba       0x1a /usr/lib/gcc/avr/4.3.5/../../../avr/lib/avr51/crtcan128.o
                0x000001ba                __do_copy_data
 .init4         0x000001d4       0x10 /usr/lib/gcc/avr/4.3.5/avr51/libgcc.a(_clear_bss.o)
                0x000001d4                __do_clear_bss
 *(.init4)
 *(.init5)
 *(.init5)
 *(.init6)
 *(.init6)
 *(.init7)
 *(.init7)
 *(.init8)
 *(.init8)
 *(.init9)
 .init9         0x000001e4        0x8 /usr/lib/gcc/avr/4.3.5/../../../avr/lib/avr51/crtcan128.o
 *(.init9)
 *(.text)
 .text          0x000001ec        0x4 /usr/lib/gcc/avr/4.3.5/../../../avr/lib/avr51/crtcan128.o
                0x000001ec                __vector_22
                0x000001ec                __vector_28
                0x000001ec                __vector_1
                0x000001ec                __vector_32
                0x000001ec                __vector_34
                0x000001ec                __vector_24
                0x000001ec                __vector_12
                0x000001ec                __bad_interrupt
                0x000001ec                __vector_6
                0x000001ec                __vector_31
                0x000001ec                __vector_35
                0x000001ec                __vector_3
                0x000001ec                __vector_23
                0x000001ec                __vector_30
                0x000001ec                __vector_25
                0x000001ec                __vector_11
                0x000001ec                __vector_13
                0x000001ec                __vector_17
                0x000001ec                __vector_19
                0x000001ec                __vector_7
                0x000001ec                __vector_27
                0x000001ec                __vector_5
                0x000001ec                __vector_4
                0x000001ec                __vector_2
                0x000001ec                __vector_15
                0x000001ec                __vector_36
                0x000001ec                __vector_29
                0x000001ec                __vector_8
                0x000001ec                __vector_26
                0x000001ec                __vector_14
                0x000001ec                __vector_10
                0x000001ec                __vector_18
                0x000001ec                __vector_20
 .text          0x000001f0      0x55e main.o
                0x000001f0                can
                0x0000030c                get_fattime
                0x000003c8                main
                0x000006ec                __vector_9
 .text          0x0000074e      0x1c0 uart.o
                0x0000074e                USART0_Transmit
                0x0000075e                USART1_Transmit
                0x0000076e                USART_set_baud_rate
                0x0000085c                uart_init
                0x00000888                uart_get
                0x00000896                uart_put_test
                0x000008ba                uart_put
                0x000008ca                uart_puts
                0x000008e4                uart1_put
                0x000008f4                uart1_puts
 .text          0x0000090e     0x25d2 sdcard_fs_driver/ff.o
                0x0000090e                clust2sect
                0x00000984                f_mount
                0x000009b4                f_chdrive
                0x00000ad2                put_fat
                0x00000c66                get_fat
                0x00001156                f_lseek
                0x000017f2                f_readdir
                0x00001c84                f_write
                0x000020d6                f_read
                0x000024a8                f_sync
                0x0000261e                f_close
                0x0000263a                chk_mounted
                0x000029ae                f_opendir
                0x00002a62                f_chdir
                0x00002b0e                f_open
 .text          0x00002ee0      0x8ca sdcard_fs_driver/mmc.o
                0x00003116                disk_initialize
                0x0000329c                disk_status
                0x000032aa                disk_read
                0x00003366                disk_write
                0x00003454                disk_ioctl
                0x0000378c                disk_timerproc
 .text          0x000037aa      0x366 sdcard_fs_driver/rtc.o
                0x000037aa                RTC_read
                0x00003860                rtc_gettime
                0x00003960                RTC_write
                0x000039d8                rtc_settime
                0x00003ade                rtc_clearHaltBit
                0x00003b06                rtc_init
 .text          0x00003b10      0x39a can_std/can_drv.o
                0x00003b10                can_clear_all_mob
                0x00003b30                can_get_mob_free
                0x00003b5e                can_get_mob_status
                0x00003b84                can_get_data
                0x00003bac                can_auto_baudrate
                0x00003e90                can_fixed_baudrate
 .text          0x00003eaa      0xb46 can_std/can_lib.o
                0x00003eaa                can_get_status
                0x00003fd0                can_cmd
                0x000049d6                can_init
 .text          0x000049f0       0xfe can_func.o
                0x000049f0                init_can_data_mobs
                0x00004a34                can_update_rx_msg
                0x00004a5c                can_data_mob_setup
                0x00004aae                can_send
 .text          0x00004aee      0x22c isr.o
                0x00004aee                __vector_21
                0x00004b44                __vector_33
                0x00004c48                __vector_16
 .text          0x00004d1a        0x0 error.o
 .text          0x00004d1a      0x17c comm.o
                0x00004d1a                xbee_send_trigger
                0x00004d46                send_status
 .text          0x00004e96       0x82 twi/twi.o
                0x00004e96                TWI_init
                0x00004ea8                TWI_start
                0x00004ee0                TWI_send
                0x00004ef4                TWI_rcvr
                0x00004f10                TWI_stop
 .text          0x00004f18       0x50 log.o
                0x00004f18                get_free_log_number
 .text          0x00004f68       0xfe ecu.o
                0x00004f68                val_to_xbee
                0x00004ffa                ecu_data_handler
 .text          0x00005066      0x214 xitoa.o
                0x00005066                xputc
                0x00005084                xputs
                0x00005092                xitoa
                0x00005108                xprintf
                0x000051c4                xatoi
 .text          0x0000527a        0x0 /usr/lib/gcc/avr/4.3.5/avr51/libgcc.a(_mulsi3.o)
 .text          0x0000527a        0x0 /usr/lib/gcc/avr/4.3.5/avr51/libgcc.a(_udivmodqi4.o)
 .text          0x0000527a        0x0 /usr/lib/gcc/avr/4.3.5/avr51/libgcc.a(_udivmodhi4.o)
 .text          0x0000527a        0x0 /usr/lib/gcc/avr/4.3.5/avr51/libgcc.a(_divmodhi4.o)
 .text          0x0000527a        0x0 /usr/lib/gcc/avr/4.3.5/avr51/libgcc.a(_udivmodsi4.o)
 .text          0x0000527a        0x0 /usr/lib/gcc/avr/4.3.5/avr51/libgcc.a(_prologue.o)
 .text          0x0000527a        0x0 /usr/lib/gcc/avr/4.3.5/avr51/libgcc.a(_epilogue.o)
 .text          0x0000527a        0x0 /usr/lib/gcc/avr/4.3.5/avr51/libgcc.a(_exit.o)
 .text          0x0000527a        0x0 /usr/lib/gcc/avr/4.3.5/avr51/libgcc.a(_tablejump.o)
 .text          0x0000527a        0x0 /usr/lib/gcc/avr/4.3.5/avr51/libgcc.a(_clear_bss.o)
 .text          0x0000527a      0x354 /usr/lib/gcc/avr/4.3.5/avr51/libgcc.a(_addsub_sf.o)
                0x00005512                __subsf3
                0x00005574                __addsf3
 .text          0x000055ce      0x1f4 /usr/lib/gcc/avr/4.3.5/avr51/libgcc.a(_mul_sf.o)
                0x000055ce                __mulsf3
 .text          0x000057c2      0x158 /usr/lib/gcc/avr/4.3.5/avr51/libgcc.a(_div_sf.o)
                0x000057c2                __divsf3
 .text          0x0000591a       0xa8 /usr/lib/gcc/avr/4.3.5/avr51/libgcc.a(_sf_to_si.o)
                0x0000591a                __fixsfsi
 .text          0x000059c2        0x0 /usr/lib/gcc/avr/4.3.5/avr51/libgcc.a(_thenan_sf.o)
 .text          0x000059c2      0x1aa /usr/lib/gcc/avr/4.3.5/avr51/libgcc.a(_pack_sf.o)
                0x000059c2                __pack_f
 .text          0x00005b6c       0xf0 /usr/lib/gcc/avr/4.3.5/avr51/libgcc.a(_unpack_sf.o)
                0x00005b6c                __unpack_f
 .text          0x00005c5c        0x0 /usr/lib/gcc/avr/4.3.5/../../../avr/lib/avr51/libc.a(atoi.o)
 .text          0x00005c5c        0x0 /usr/lib/gcc/avr/4.3.5/../../../avr/lib/avr51/libc.a(itoa.o)
 .text          0x00005c5c        0x0 /usr/lib/gcc/avr/4.3.5/../../../avr/lib/avr51/libc.a(mul10.o)
 .text          0x00005c5c        0x0 /usr/lib/gcc/avr/4.3.5/../../../avr/lib/avr51/libc.a(strrev.o)
                0x00005c5c                . = ALIGN (0x2)
 *(.text.*)
 .text.libgcc   0x00005c5c       0x3e /usr/lib/gcc/avr/4.3.5/avr51/libgcc.a(_mulsi3.o)
                0x00005c5c                __mulsi3
 .text.libgcc   0x00005c9a       0x18 /usr/lib/gcc/avr/4.3.5/avr51/libgcc.a(_udivmodqi4.o)
                0x00005c9a                __udivmodqi4
 .text.libgcc   0x00005cb2       0x28 /usr/lib/gcc/avr/4.3.5/avr51/libgcc.a(_udivmodhi4.o)
                0x00005cb2                __udivmodhi4
 .text.libgcc   0x00005cda       0x26 /usr/lib/gcc/avr/4.3.5/avr51/libgcc.a(_divmodhi4.o)
                0x00005cda                __divmodhi4
                0x00005cda                _div
 .text.libgcc   0x00005d00       0x44 /usr/lib/gcc/avr/4.3.5/avr51/libgcc.a(_udivmodsi4.o)
                0x00005d00                __udivmodsi4
 .text.libgcc   0x00005d44       0x38 /usr/lib/gcc/avr/4.3.5/avr51/libgcc.a(_prologue.o)
                0x00005d44                __prologue_saves__
 .text.libgcc   0x00005d7c       0x36 /usr/lib/gcc/avr/4.3.5/avr51/libgcc.a(_epilogue.o)
                0x00005d7c                __epilogue_restores__
 .text.libgcc   0x00005db2        0x0 /usr/lib/gcc/avr/4.3.5/avr51/libgcc.a(_exit.o)
 .text.libgcc   0x00005db2        0xc /usr/lib/gcc/avr/4.3.5/avr51/libgcc.a(_tablejump.o)
                0x00005db2                __tablejump2__
                0x00005db6                __tablejump__
 .text.libgcc   0x00005dbe        0x0 /usr/lib/gcc/avr/4.3.5/avr51/libgcc.a(_clear_bss.o)
 .text.avr-libc
                0x00005dbe       0x3c /usr/lib/gcc/avr/4.3.5/../../../avr/lib/avr51/libc.a(atoi.o)
                0x00005dbe                atoi
 .text.avr-libc
                0x00005dfa       0x42 /usr/lib/gcc/avr/4.3.5/../../../avr/lib/avr51/libc.a(itoa.o)
                0x00005dfa                itoa
 .text.avr-libc
                0x00005e3c       0x10 /usr/lib/gcc/avr/4.3.5/../../../avr/lib/avr51/libc.a(mul10.o)
                0x00005e3c                __mulhi_const_10
 .text.avr-libc
                0x00005e4c       0x20 /usr/lib/gcc/avr/4.3.5/../../../avr/lib/avr51/libc.a(strrev.o)
                0x00005e4c                strrev
                0x00005e6c                . = ALIGN (0x2)
 *(.fini9)
 .fini9         0x00005e6c        0x0 /usr/lib/gcc/avr/4.3.5/avr51/libgcc.a(_exit.o)
                0x00005e6c                exit
                0x00005e6c                _exit
 *(.fini9)
 *(.fini8)
 *(.fini8)
 *(.fini7)
 *(.fini7)
 *(.fini6)
 *(.fini6)
 *(.fini5)
 *(.fini5)
 *(.fini4)
 *(.fini4)
 *(.fini3)
 *(.fini3)
 *(.fini2)
 *(.fini2)
 *(.fini1)
 *(.fini1)
 *(.fini0)
 .fini0         0x00005e6c        0x4 /usr/lib/gcc/avr/4.3.5/avr51/libgcc.a(_exit.o)
 *(.fini0)
                0x00005e70                _etext = .

.data           0x00800100      0x228 load address 0x00005e70
                0x00800100                PROVIDE (__data_start, .)
 *(.data)
 .data          0x00800100        0x0 /usr/lib/gcc/avr/4.3.5/../../../avr/lib/avr51/crtcan128.o
 .data          0x00800100        0x3 main.o
 .data          0x00800103        0x0 uart.o
 .data          0x00800103        0xb sdcard_fs_driver/ff.o
 .data          0x0080010e        0x1 sdcard_fs_driver/mmc.o
 .data          0x0080010f        0x0 sdcard_fs_driver/rtc.o
 .data          0x0080010f        0x0 can_std/can_drv.o
 .data          0x0080010f        0x0 can_std/can_lib.o
 .data          0x0080010f        0x0 can_func.o
 .data          0x0080010f       0x59 isr.o
 .data          0x00800168        0x0 error.o
 .data          0x00800168        0x0 comm.o
 .data          0x00800168        0x0 twi/twi.o
 .data          0x00800168        0x0 log.o
 .data          0x00800168      0x1b7 ecu.o
                0x00800168                EcuData
 .data          0x0080031f        0x0 xitoa.o
 .data          0x0080031f        0x0 /usr/lib/gcc/avr/4.3.5/avr51/libgcc.a(_mulsi3.o)
 .data          0x0080031f        0x0 /usr/lib/gcc/avr/4.3.5/avr51/libgcc.a(_udivmodqi4.o)
 .data          0x0080031f        0x0 /usr/lib/gcc/avr/4.3.5/avr51/libgcc.a(_udivmodhi4.o)
 .data          0x0080031f        0x0 /usr/lib/gcc/avr/4.3.5/avr51/libgcc.a(_divmodhi4.o)
 .data          0x0080031f        0x0 /usr/lib/gcc/avr/4.3.5/avr51/libgcc.a(_udivmodsi4.o)
 .data          0x0080031f        0x0 /usr/lib/gcc/avr/4.3.5/avr51/libgcc.a(_prologue.o)
 .data          0x0080031f        0x0 /usr/lib/gcc/avr/4.3.5/avr51/libgcc.a(_epilogue.o)
 .data          0x0080031f        0x0 /usr/lib/gcc/avr/4.3.5/avr51/libgcc.a(_exit.o)
 .data          0x0080031f        0x0 /usr/lib/gcc/avr/4.3.5/avr51/libgcc.a(_tablejump.o)
 .data          0x0080031f        0x0 /usr/lib/gcc/avr/4.3.5/avr51/libgcc.a(_clear_bss.o)
 .data          0x0080031f        0x0 /usr/lib/gcc/avr/4.3.5/avr51/libgcc.a(_addsub_sf.o)
 .data          0x0080031f        0x0 /usr/lib/gcc/avr/4.3.5/avr51/libgcc.a(_mul_sf.o)
 .data          0x0080031f        0x0 /usr/lib/gcc/avr/4.3.5/avr51/libgcc.a(_div_sf.o)
 .data          0x0080031f        0x0 /usr/lib/gcc/avr/4.3.5/avr51/libgcc.a(_sf_to_si.o)
 .data          0x0080031f        0x8 /usr/lib/gcc/avr/4.3.5/avr51/libgcc.a(_thenan_sf.o)
                0x0080031f                __thenan_sf
 .data          0x00800327        0x0 /usr/lib/gcc/avr/4.3.5/avr51/libgcc.a(_pack_sf.o)
 .data          0x00800327        0x0 /usr/lib/gcc/avr/4.3.5/avr51/libgcc.a(_unpack_sf.o)
 .data          0x00800327        0x0 /usr/lib/gcc/avr/4.3.5/../../../avr/lib/avr51/libc.a(atoi.o)
 .data          0x00800327        0x0 /usr/lib/gcc/avr/4.3.5/../../../avr/lib/avr51/libc.a(itoa.o)
 .data          0x00800327        0x0 /usr/lib/gcc/avr/4.3.5/../../../avr/lib/avr51/libc.a(mul10.o)
 .data          0x00800327        0x0 /usr/lib/gcc/avr/4.3.5/../../../avr/lib/avr51/libc.a(strrev.o)
 *(.data*)
 *(.rodata)
 *(.rodata*)
 *(.gnu.linkonce.d*)
                0x00800328                . = ALIGN (0x2)
 *fill*         0x00800327        0x1 00
                0x00800328                _edata = .
                0x00800328                PROVIDE (__data_end, .)

.bss            0x00800328      0x6fa
                0x00800328                PROVIDE (__bss_start, .)
 *(.bss)
 .bss           0x00800328        0x0 /usr/lib/gcc/avr/4.3.5/../../../avr/lib/avr51/crtcan128.o
 .bss           0x00800328        0x0 main.o
 .bss           0x00800328        0x0 uart.o
 .bss           0x00800328        0x5 sdcard_fs_driver/ff.o
 .bss           0x0080032d        0x3 sdcard_fs_driver/mmc.o
 .bss           0x00800330        0x0 sdcard_fs_driver/rtc.o
 .bss           0x00800330        0x0 can_std/can_drv.o
 .bss           0x00800330        0x0 can_std/can_lib.o
 .bss           0x00800330        0x1 can_func.o
                0x00800330                bufferindex
 .bss           0x00800331        0x7 isr.o
                0x00800331                RecIndex
                0x00800333                testvar
                0x00800335                xbee_sending
                0x00800336                nextId
                0x00800337                xbee_send
 .bss           0x00800338        0x2 error.o
                0x00800338                EcuCommError
                0x00800339                EcuErrorTmp
 .bss           0x0080033a        0x1 comm.o
                0x0080033a                xbee_seq_index
 .bss           0x0080033b        0x0 twi/twi.o
 .bss           0x0080033b        0x0 log.o
 .bss           0x0080033b        0x0 ecu.o
 .bss           0x0080033b        0x2 xitoa.o
                0x0080033b                xfunc_out
 .bss           0x0080033d        0x0 /usr/lib/gcc/avr/4.3.5/avr51/libgcc.a(_mulsi3.o)
 .bss           0x0080033d        0x0 /usr/lib/gcc/avr/4.3.5/avr51/libgcc.a(_udivmodqi4.o)
 .bss           0x0080033d        0x0 /usr/lib/gcc/avr/4.3.5/avr51/libgcc.a(_udivmodhi4.o)
 .bss           0x0080033d        0x0 /usr/lib/gcc/avr/4.3.5/avr51/libgcc.a(_divmodhi4.o)
 .bss           0x0080033d        0x0 /usr/lib/gcc/avr/4.3.5/avr51/libgcc.a(_udivmodsi4.o)
 .bss           0x0080033d        0x0 /usr/lib/gcc/avr/4.3.5/avr51/libgcc.a(_prologue.o)
 .bss           0x0080033d        0x0 /usr/lib/gcc/avr/4.3.5/avr51/libgcc.a(_epilogue.o)
 .bss           0x0080033d        0x0 /usr/lib/gcc/avr/4.3.5/avr51/libgcc.a(_exit.o)
 .bss           0x0080033d        0x0 /usr/lib/gcc/avr/4.3.5/avr51/libgcc.a(_tablejump.o)
 .bss           0x0080033d        0x0 /usr/lib/gcc/avr/4.3.5/avr51/libgcc.a(_clear_bss.o)
 .bss           0x0080033d        0x0 /usr/lib/gcc/avr/4.3.5/avr51/libgcc.a(_addsub_sf.o)
 .bss           0x0080033d        0x0 /usr/lib/gcc/avr/4.3.5/avr51/libgcc.a(_mul_sf.o)
 .bss           0x0080033d        0x0 /usr/lib/gcc/avr/4.3.5/avr51/libgcc.a(_div_sf.o)
 .bss           0x0080033d        0x0 /usr/lib/gcc/avr/4.3.5/avr51/libgcc.a(_sf_to_si.o)
 .bss           0x0080033d        0x0 /usr/lib/gcc/avr/4.3.5/avr51/libgcc.a(_thenan_sf.o)
 .bss           0x0080033d        0x0 /usr/lib/gcc/avr/4.3.5/avr51/libgcc.a(_pack_sf.o)
 .bss           0x0080033d        0x0 /usr/lib/gcc/avr/4.3.5/avr51/libgcc.a(_unpack_sf.o)
 .bss           0x0080033d        0x0 /usr/lib/gcc/avr/4.3.5/../../../avr/lib/avr51/libc.a(atoi.o)
 .bss           0x0080033d        0x0 /usr/lib/gcc/avr/4.3.5/../../../avr/lib/avr51/libc.a(itoa.o)
 .bss           0x0080033d        0x0 /usr/lib/gcc/avr/4.3.5/../../../avr/lib/avr51/libc.a(mul10.o)
 .bss           0x0080033d        0x0 /usr/lib/gcc/avr/4.3.5/../../../avr/lib/avr51/libc.a(strrev.o)
 *(.bss*)
 *(COMMON)
 COMMON         0x0080033d      0x696 main.o
                0x0080033d                Fatfs
                0x0080056f                Finfo
                0x00800585                acc_dirs
                0x00800587                acc_files
                0x00800589                my_q
                0x008005cd                Timer
                0x008005cf                Buff
                0x008009cf                acc_size
 COMMON         0x008009d3       0x4f can_func.o
                0x008009d3                tx_remote_buffer
                0x008009db                response_buffer
                0x008009eb                tx_remote_msg
                0x008009f8                databuffer
                0x00800a08                response_msg
                0x00800a22                PROVIDE (__bss_end, .)
                0x00005e70                __data_load_start = LOADADDR (.data)
                0x00006098                __data_load_end = (__data_load_start + SIZEOF (.data))

.noinit         0x00800a22        0x0
                0x00800a22                PROVIDE (__noinit_start, .)
 *(.noinit*)
                0x00800a22                PROVIDE (__noinit_end, .)
                0x00800a22                _end = .
                0x00800a22                PROVIDE (__heap_start, .)

.eeprom         0x00810000        0x0
 *(.eeprom*)
                0x00810000                __eeprom_end = .

.fuse
 *(.fuse)
 *(.lfuse)
 *(.hfuse)
 *(.efuse)

.lock
 *(.lock*)

.signature
 *(.signature*)

.stab           0x00000000     0x18c0
 *(.stab)
 .stab          0x00000000      0x750 /usr/lib/gcc/avr/4.3.5/../../../avr/lib/avr51/crtcan128.o
 .stab          0x00000750      0xcfc xitoa.o
                                0xd08 (size before relaxing)
 .stab          0x0000144c      0x174 /usr/lib/gcc/avr/4.3.5/../../../avr/lib/avr51/libc.a(atoi.o)
                                0x180 (size before relaxing)
 .stab          0x000015c0      0x1b0 /usr/lib/gcc/avr/4.3.5/../../../avr/lib/avr51/libc.a(itoa.o)
                                0x1bc (size before relaxing)
 .stab          0x00001770       0x78 /usr/lib/gcc/avr/4.3.5/../../../avr/lib/avr51/libc.a(mul10.o)
                                 0x84 (size before relaxing)
 .stab          0x000017e8       0xd8 /usr/lib/gcc/avr/4.3.5/../../../avr/lib/avr51/libc.a(strrev.o)
                                 0xe4 (size before relaxing)

.stabstr        0x00000000      0x152
 *(.stabstr)
 .stabstr       0x00000000      0x152 /usr/lib/gcc/avr/4.3.5/../../../avr/lib/avr51/crtcan128.o

.stab.excl
 *(.stab.excl)

.stab.exclstr
 *(.stab.exclstr)

.stab.index
 *(.stab.index)

.stab.indexstr
 *(.stab.indexstr)

.comment
 *(.comment)

.debug
 *(.debug)

.line
 *(.line)

.debug_srcinfo
 *(.debug_srcinfo)

.debug_sfnames
 *(.debug_sfnames)

.debug_aranges  0x00000000      0x1a0
 *(.debug_aranges)
 .debug_aranges
                0x00000000       0x20 main.o
 .debug_aranges
                0x00000020       0x20 uart.o
 .debug_aranges
                0x00000040       0x20 sdcard_fs_driver/ff.o
 .debug_aranges
                0x00000060       0x20 sdcard_fs_driver/mmc.o
 .debug_aranges
                0x00000080       0x20 sdcard_fs_driver/rtc.o
 .debug_aranges
                0x000000a0       0x20 can_std/can_drv.o
 .debug_aranges
                0x000000c0       0x20 can_std/can_lib.o
 .debug_aranges
                0x000000e0       0x20 can_func.o
 .debug_aranges
                0x00000100       0x20 isr.o
 .debug_aranges
                0x00000120       0x20 comm.o
 .debug_aranges
                0x00000140       0x20 twi/twi.o
 .debug_aranges
                0x00000160       0x20 log.o
 .debug_aranges
                0x00000180       0x20 ecu.o

.debug_pubnames
                0x00000000      0x68c
 *(.debug_pubnames)
 .debug_pubnames
                0x00000000       0x9a main.o
 .debug_pubnames
                0x0000009a       0xb7 uart.o
 .debug_pubnames
                0x00000151       0xd0 sdcard_fs_driver/ff.o
 .debug_pubnames
                0x00000221       0x75 sdcard_fs_driver/mmc.o
 .debug_pubnames
                0x00000296       0x6f sdcard_fs_driver/rtc.o
 .debug_pubnames
                0x00000305       0x92 can_std/can_drv.o
 .debug_pubnames
                0x00000397       0x3e can_std/can_lib.o
 .debug_pubnames
                0x000003d5       0xce can_func.o
 .debug_pubnames
                0x000004a3       0x8e isr.o
 .debug_pubnames
                0x00000531       0x33 error.o
 .debug_pubnames
                0x00000564       0x54 comm.o
 .debug_pubnames
                0x000005b8       0x54 twi/twi.o
 .debug_pubnames
                0x0000060c       0x34 log.o
 .debug_pubnames
                0x00000640       0x4c ecu.o

.debug_info     0x00000000     0x4d16
 *(.debug_info)
 .debug_info    0x00000000      0xea2 main.o
 .debug_info    0x00000ea2      0x2dd uart.o
 .debug_info    0x0000117f     0x174a sdcard_fs_driver/ff.o
 .debug_info    0x000028c9      0x715 sdcard_fs_driver/mmc.o
 .debug_info    0x00002fde      0x30e sdcard_fs_driver/rtc.o
 .debug_info    0x000032ec      0x325 can_std/can_drv.o
 .debug_info    0x00003611      0x2e1 can_std/can_lib.o
 .debug_info    0x000038f2      0x384 can_func.o
 .debug_info    0x00003c76      0x404 isr.o
 .debug_info    0x0000407a       0x9d error.o
 .debug_info    0x00004117      0x367 comm.o
 .debug_info    0x0000447e      0x12e twi/twi.o
 .debug_info    0x000045ac      0x3dc log.o
 .debug_info    0x00004988      0x38e ecu.o
 *(.gnu.linkonce.wi.*)

.debug_abbrev   0x00000000     0x1386
 *(.debug_abbrev)
 .debug_abbrev  0x00000000      0x2d5 main.o
 .debug_abbrev  0x000002d5      0x161 uart.o
 .debug_abbrev  0x00000436      0x2f5 sdcard_fs_driver/ff.o
 .debug_abbrev  0x0000072b      0x217 sdcard_fs_driver/mmc.o
 .debug_abbrev  0x00000942      0x136 sdcard_fs_driver/rtc.o
 .debug_abbrev  0x00000a78      0x101 can_std/can_drv.o
 .debug_abbrev  0x00000b79      0x13f can_std/can_lib.o
 .debug_abbrev  0x00000cb8      0x13e can_func.o
 .debug_abbrev  0x00000df6      0x13f isr.o
 .debug_abbrev  0x00000f35       0x51 error.o
 .debug_abbrev  0x00000f86       0xfd comm.o
 .debug_abbrev  0x00001083       0xd0 twi/twi.o
 .debug_abbrev  0x00001153      0x125 log.o
 .debug_abbrev  0x00001278      0x10e ecu.o

.debug_line     0x00000000     0x35b0
 *(.debug_line)
 .debug_line    0x00000000      0x3de main.o
 .debug_line    0x000003de      0x23b uart.o
 .debug_line    0x00000619     0x14cf sdcard_fs_driver/ff.o
 .debug_line    0x00001ae8      0x834 sdcard_fs_driver/mmc.o
 .debug_line    0x0000231c      0x2ab sdcard_fs_driver/rtc.o
 .debug_line    0x000025c7      0x325 can_std/can_drv.o
 .debug_line    0x000028ec      0x3c8 can_std/can_lib.o
 .debug_line    0x00002cb4      0x181 can_func.o
 .debug_line    0x00002e35      0x1d8 isr.o
 .debug_line    0x0000300d       0x57 error.o
 .debug_line    0x00003064      0x207 comm.o
 .debug_line    0x0000326b      0x162 twi/twi.o
 .debug_line    0x000033cd       0xbc log.o
 .debug_line    0x00003489      0x127 ecu.o

.debug_frame    0x00000000      0x5c0
 *(.debug_frame)
 .debug_frame   0x00000000       0x50 main.o
 .debug_frame   0x00000050       0xb0 uart.o
 .debug_frame   0x00000100      0x170 sdcard_fs_driver/ff.o
 .debug_frame   0x00000270       0xc0 sdcard_fs_driver/mmc.o
 .debug_frame   0x00000330       0x70 sdcard_fs_driver/rtc.o
 .debug_frame   0x000003a0       0x70 can_std/can_drv.o
 .debug_frame   0x00000410       0x40 can_std/can_lib.o
 .debug_frame   0x00000450       0x50 can_func.o
 .debug_frame   0x000004a0       0x40 isr.o
 .debug_frame   0x000004e0       0x30 comm.o
 .debug_frame   0x00000510       0x60 twi/twi.o
 .debug_frame   0x00000570       0x20 log.o
 .debug_frame   0x00000590       0x30 ecu.o

.debug_str      0x00000000      0xe6f
 *(.debug_str)
 .debug_str     0x00000000      0x604 main.o
                                0x69e (size before relaxing)
 .debug_str     0x00000604       0xb8 uart.o
                                0x19a (size before relaxing)
 .debug_str     0x000006bc      0x2d6 sdcard_fs_driver/ff.o
                                0x4f4 (size before relaxing)
 .debug_str     0x00000992       0xf2 sdcard_fs_driver/mmc.o
                                0x242 (size before relaxing)
 .debug_str     0x00000a84       0x5c sdcard_fs_driver/rtc.o
                                0x187 (size before relaxing)
 .debug_str     0x00000ae0      0x18b can_std/can_drv.o
                                0x269 (size before relaxing)
 .debug_str     0x00000c6b       0x57 can_std/can_lib.o
                                0x21c (size before relaxing)
 .debug_str     0x00000cc2       0x7a can_func.o
                                0x269 (size before relaxing)
 .debug_str     0x00000d3c       0x89 isr.o
                                0x389 (size before relaxing)
 .debug_str     0x00000dc5        0x8 error.o
                                 0xef (size before relaxing)
 .debug_str     0x00000dcd       0x25 comm.o
                                0x356 (size before relaxing)
 .debug_str     0x00000df2       0x38 twi/twi.o
                                0x123 (size before relaxing)
 .debug_str     0x00000e2a       0x22 log.o
                                0x2ac (size before relaxing)
 .debug_str     0x00000e4c       0x23 ecu.o
                                0x32b (size before relaxing)

.debug_loc      0x00000000     0x3be4
 *(.debug_loc)
 .debug_loc     0x00000000       0xf0 main.o
 .debug_loc     0x000000f0      0x16c uart.o
 .debug_loc     0x0000025c     0x2902 sdcard_fs_driver/ff.o
 .debug_loc     0x00002b5e      0x5a7 sdcard_fs_driver/mmc.o
 .debug_loc     0x00003105      0x1ed sdcard_fs_driver/rtc.o
 .debug_loc     0x000032f2      0x3f7 can_std/can_drv.o
 .debug_loc     0x000036e9      0x315 can_std/can_lib.o
 .debug_loc     0x000039fe       0xb8 can_func.o
 .debug_loc     0x00003ab6       0x49 isr.o
 .debug_loc     0x00003aff       0x3b twi/twi.o
 .debug_loc     0x00003b3a       0x40 log.o
 .debug_loc     0x00003b7a       0x6a ecu.o

.debug_macinfo
 *(.debug_macinfo)
OUTPUT(node1.elf elf32-avr)
LOAD linker stubs

.debug_ranges   0x00000000      0x198
 .debug_ranges  0x00000000       0x48 main.o
 .debug_ranges  0x00000048       0x30 uart.o
 .debug_ranges  0x00000078       0xf0 sdcard_fs_driver/ff.o
 .debug_ranges  0x00000168       0x30 sdcard_fs_driver/mmc.o
