Archive member included because of file (symbol)

c:/winavr-20081205/bin/../lib/gcc/avr/4.3.2/avr4\libgcc.a(_prologue.o)
                              main.o (__prologue_saves__)
c:/winavr-20081205/bin/../lib/gcc/avr/4.3.2/avr4\libgcc.a(_epilogue.o)
                              main.o (__epilogue_restores__)
c:/winavr-20081205/bin/../lib/gcc/avr/4.3.2/avr4\libgcc.a(_exit.o)
                              c:/winavr-20081205/bin/../lib/gcc/avr/4.3.2/../../../../avr/lib/avr4/crtm88.o (exit)
c:/winavr-20081205/bin/../lib/gcc/avr/4.3.2/avr4\libgcc.a(_copy_data.o)
                              main.o (__do_copy_data)
c:/winavr-20081205/bin/../lib/gcc/avr/4.3.2/avr4\libgcc.a(_clear_bss.o)
                              main.o (__do_clear_bss)
c:/winavr-20081205/bin/../lib/gcc/avr/4.3.2/../../../../avr/lib/avr4\libc.a(strcmp.o)
                              main.o (strcmp)
c:/winavr-20081205/bin/../lib/gcc/avr/4.3.2/../../../../avr/lib/avr4\libc.a(sprintf.o)
                              main.o (sprintf)
c:/winavr-20081205/bin/../lib/gcc/avr/4.3.2/../../../../avr/lib/avr4\libc.a(vfprintf_std.o)
                              c:/winavr-20081205/bin/../lib/gcc/avr/4.3.2/../../../../avr/lib/avr4\libc.a(sprintf.o) (vfprintf)
c:/winavr-20081205/bin/../lib/gcc/avr/4.3.2/../../../../avr/lib/avr4\libc.a(strnlen_P.o)
                              c:/winavr-20081205/bin/../lib/gcc/avr/4.3.2/../../../../avr/lib/avr4\libc.a(vfprintf_std.o) (strnlen_P)
c:/winavr-20081205/bin/../lib/gcc/avr/4.3.2/../../../../avr/lib/avr4\libc.a(strnlen.o)
                              c:/winavr-20081205/bin/../lib/gcc/avr/4.3.2/../../../../avr/lib/avr4\libc.a(vfprintf_std.o) (strnlen)
c:/winavr-20081205/bin/../lib/gcc/avr/4.3.2/../../../../avr/lib/avr4\libc.a(fputc.o)
                              c:/winavr-20081205/bin/../lib/gcc/avr/4.3.2/../../../../avr/lib/avr4\libc.a(vfprintf_std.o) (fputc)
c:/winavr-20081205/bin/../lib/gcc/avr/4.3.2/../../../../avr/lib/avr4\libc.a(ultoa_invert.o)
                              c:/winavr-20081205/bin/../lib/gcc/avr/4.3.2/../../../../avr/lib/avr4\libc.a(vfprintf_std.o) (__ultoa_invert)

Allocating common symbols
Common symbol       size              file

plen                0x2               main.o

Memory Configuration

Name             Origin             Length             Attributes
text             0x00000000         0x00002000         xr
data             0x00800060         0x0000ffa0         rw !x
eeprom           0x00810000         0x00010000         rw !x
fuse             0x00820000         0x00000400         rw !x
lock             0x00830000         0x00000400         rw !x
signature        0x00840000         0x00000400         rw !x
*default*        0x00000000         0xffffffff

Linker script and memory map

Address of section .data set to 0x800100
LOAD c:/winavr-20081205/bin/../lib/gcc/avr/4.3.2/../../../../avr/lib/avr4/crtm88.o
LOAD main.o
LOAD ip_arp_udp.o
LOAD enc28j60.o
LOAD timeout.o
LOAD c:/winavr-20081205/bin/../lib/gcc/avr/4.3.2/avr4\libgcc.a
LOAD c:/winavr-20081205/bin/../lib/gcc/avr/4.3.2/../../../../avr/lib/avr4\libc.a
LOAD c:/winavr-20081205/bin/../lib/gcc/avr/4.3.2/avr4\libgcc.a

.hash
 *(.hash)

.dynsym
 *(.dynsym)

.dynstr
 *(.dynstr)

.gnu.version
 *(.gnu.version)

.gnu.version_d
 *(.gnu.version_d)

.gnu.version_r
 *(.gnu.version_r)

.rel.init
 *(.rel.init)

.rela.init
 *(.rela.init)

.rel.text
 *(.rel.text)
 *(.rel.text.*)
 *(.rel.gnu.linkonce.t*)

.rela.text
 *(.rela.text)
 *(.rela.text.*)
 *(.rela.gnu.linkonce.t*)

.rel.fini
 *(.rel.fini)

.rela.fini
 *(.rela.fini)

.rel.rodata
 *(.rel.rodata)
 *(.rel.rodata.*)
 *(.rel.gnu.linkonce.r*)

.rela.rodata
 *(.rela.rodata)
 *(.rela.rodata.*)
 *(.rela.gnu.linkonce.r*)

.rel.data
 *(.rel.data)
 *(.rel.data.*)
 *(.rel.gnu.linkonce.d*)

.rela.data
 *(.rela.data)
 *(.rela.data.*)
 *(.rela.gnu.linkonce.d*)

.rel.ctors
 *(.rel.ctors)

.rela.ctors
 *(.rela.ctors)

.rel.dtors
 *(.rel.dtors)

.rela.dtors
 *(.rela.dtors)

.rel.got
 *(.rel.got)

.rela.got
 *(.rela.got)

.rel.bss
 *(.rel.bss)

.rela.bss
 *(.rela.bss)

.rel.plt
 *(.rel.plt)

.rela.plt
 *(.rela.plt)

.text           0x00000000     0x10d4
 *(.vectors)
 .vectors       0x00000000       0x34 c:/winavr-20081205/bin/../lib/gcc/avr/4.3.2/../../../../avr/lib/avr4/crtm88.o
                0x00000000                __vectors
                0x00000000                __vector_default
 *(.vectors)
 *(.progmem.gcc*)
 *(.progmem*)
                0x00000034                . = ALIGN (0x2)
                0x00000034                __trampolines_start = .
 *(.trampolines)
 .trampolines   0x00000034        0x0 linker stubs
 *(.trampolines*)
                0x00000034                __trampolines_end = .
 *(.jumptables)
 *(.jumptables*)
 *(.lowtext)
 *(.lowtext*)
                0x00000034                __ctors_start = .
 *(.ctors)
                0x00000034                __ctors_end = .
                0x00000034                __dtors_start = .
 *(.dtors)
                0x00000034                __dtors_end = .
 SORT(*)(.ctors)
 SORT(*)(.dtors)
 *(.init0)
 .init0         0x00000034        0x0 c:/winavr-20081205/bin/../lib/gcc/avr/4.3.2/../../../../avr/lib/avr4/crtm88.o
                0x00000034                __init
 *(.init0)
 *(.init1)
 *(.init1)
 *(.init2)
 .init2         0x00000034        0xc c:/winavr-20081205/bin/../lib/gcc/avr/4.3.2/../../../../avr/lib/avr4/crtm88.o
 *(.init2)
 *(.init3)
 *(.init3)
 *(.init4)
 .init4         0x00000040       0x16 c:/winavr-20081205/bin/../lib/gcc/avr/4.3.2/avr4\libgcc.a(_copy_data.o)
                0x00000040                __do_copy_data
 .init4         0x00000056       0x10 c:/winavr-20081205/bin/../lib/gcc/avr/4.3.2/avr4\libgcc.a(_clear_bss.o)
                0x00000056                __do_clear_bss
 *(.init4)
 *(.init5)
 *(.init5)
 *(.init6)
 *(.init6)
 *(.init7)
 *(.init7)
 *(.init8)
 *(.init8)
 *(.init9)
 .init9         0x00000066        0x4 c:/winavr-20081205/bin/../lib/gcc/avr/4.3.2/../../../../avr/lib/avr4/crtm88.o
 *(.init9)
 *(.text)
 .text          0x0000006a        0x2 c:/winavr-20081205/bin/../lib/gcc/avr/4.3.2/../../../../avr/lib/avr4/crtm88.o
                0x0000006a                __vector_22
                0x0000006a                __vector_1
                0x0000006a                __vector_24
                0x0000006a                __vector_12
                0x0000006a                __bad_interrupt
                0x0000006a                __vector_6
                0x0000006a                __vector_3
                0x0000006a                __vector_23
                0x0000006a                __vector_25
                0x0000006a                __vector_11
                0x0000006a                __vector_13
                0x0000006a                __vector_17
                0x0000006a                __vector_19
                0x0000006a                __vector_7
                0x0000006a                __vector_5
                0x0000006a                __vector_4
                0x0000006a                __vector_9
                0x0000006a                __vector_2
                0x0000006a                __vector_21
                0x0000006a                __vector_15
                0x0000006a                __vector_8
                0x0000006a                __vector_14
                0x0000006a                __vector_10
                0x0000006a                __vector_16
                0x0000006a                __vector_18
                0x0000006a                __vector_20
 .text          0x0000006c      0x286 main.o
                0x000001a4                goADC
                0x0000006c                adc
                0x000000b4                init_adc
                0x00000236                main
                0x000000cc                parsecom
                0x0000017a                putmsg
 .text          0x000002f2      0x3da ip_arp_udp.o
                0x00000588                make_udp_reply_from_request
                0x000003ac                init_ip_arp_udp
                0x00000422                eth_type_is_ip_and_my_ip
                0x000003ec                eth_type_is_arp_and_my_ip
                0x000004b4                send_udp
                0x00000474                make_ip
                0x0000061c                make_echo_reply_from_request
                0x0000045a                make_eth
                0x00000666                make_arp_answer_from_request
                0x000002f2                checksum
 .text          0x000006cc      0x436 enc28j60.o
                0x00000710                enc28j60ReadBuffer
                0x00000772                enc28j60SetBank
                0x000009b8                enc28j60Init
                0x000006f6                enc28j60WriteOp
                0x000007c8                enc28j60Read
                0x00000746                enc28j60WriteBuffer
                0x00000800                enc28j60PhyWrite
                0x00000834                enc28j60getrev
                0x000008e6                enc28j60PacketReceive
                0x000006cc                enc28j60ReadOp
                0x000007d8                enc28j60Write
                0x0000083a                enc28j60PacketSend
 .text          0x00000b02       0x30 timeout.o
                0x00000b2e                wd_kick
                0x00000b16                wd_init
                0x00000b02                delay_ms
 .text          0x00000b32        0x0 c:/winavr-20081205/bin/../lib/gcc/avr/4.3.2/avr4\libgcc.a(_prologue.o)
 .text          0x00000b32        0x0 c:/winavr-20081205/bin/../lib/gcc/avr/4.3.2/avr4\libgcc.a(_epilogue.o)
 .text          0x00000b32        0x0 c:/winavr-20081205/bin/../lib/gcc/avr/4.3.2/avr4\libgcc.a(_exit.o)
 .text          0x00000b32        0x0 c:/winavr-20081205/bin/../lib/gcc/avr/4.3.2/avr4\libgcc.a(_copy_data.o)
 .text          0x00000b32        0x0 c:/winavr-20081205/bin/../lib/gcc/avr/4.3.2/avr4\libgcc.a(_clear_bss.o)
 .text          0x00000b32       0x12 c:/winavr-20081205/bin/../lib/gcc/avr/4.3.2/../../../../avr/lib/avr4\libc.a(strcmp.o)
                0x00000b32                strcmp
 .text          0x00000b44       0x42 c:/winavr-20081205/bin/../lib/gcc/avr/4.3.2/../../../../avr/lib/avr4\libc.a(sprintf.o)
                0x00000b44                sprintf
 .text          0x00000b86      0x39c c:/winavr-20081205/bin/../lib/gcc/avr/4.3.2/../../../../avr/lib/avr4\libc.a(vfprintf_std.o)
                0x00000b86                vfprintf
 .text          0x00000f22       0x16 c:/winavr-20081205/bin/../lib/gcc/avr/4.3.2/../../../../avr/lib/avr4\libc.a(strnlen_P.o)
                0x00000f22                strnlen_P
 .text          0x00000f38       0x16 c:/winavr-20081205/bin/../lib/gcc/avr/4.3.2/../../../../avr/lib/avr4\libc.a(strnlen.o)
                0x00000f38                strnlen
 .text          0x00000f4e       0x58 c:/winavr-20081205/bin/../lib/gcc/avr/4.3.2/../../../../avr/lib/avr4\libc.a(fputc.o)
                0x00000f4e                fputc
 .text          0x00000fa6       0xbc c:/winavr-20081205/bin/../lib/gcc/avr/4.3.2/../../../../avr/lib/avr4\libc.a(ultoa_invert.o)
                0x00000fa6                __ultoa_invert
                0x00001062                . = ALIGN (0x2)
 *(.text.*)
 .text.libgcc   0x00001062       0x38 c:/winavr-20081205/bin/../lib/gcc/avr/4.3.2/avr4\libgcc.a(_prologue.o)
                0x00001062                __prologue_saves__
 .text.libgcc   0x0000109a       0x36 c:/winavr-20081205/bin/../lib/gcc/avr/4.3.2/avr4\libgcc.a(_epilogue.o)
                0x0000109a                __epilogue_restores__
 .text.libgcc   0x000010d0        0x0 c:/winavr-20081205/bin/../lib/gcc/avr/4.3.2/avr4\libgcc.a(_exit.o)
 .text.libgcc   0x000010d0        0x0 c:/winavr-20081205/bin/../lib/gcc/avr/4.3.2/avr4\libgcc.a(_copy_data.o)
 .text.libgcc   0x000010d0        0x0 c:/winavr-20081205/bin/../lib/gcc/avr/4.3.2/avr4\libgcc.a(_clear_bss.o)
                0x000010d0                . = ALIGN (0x2)
 *(.fini9)
 .fini9         0x000010d0        0x0 c:/winavr-20081205/bin/../lib/gcc/avr/4.3.2/avr4\libgcc.a(_exit.o)
                0x000010d0                exit
                0x000010d0                _exit
 *(.fini9)
 *(.fini8)
 *(.fini8)
 *(.fini7)
 *(.fini7)
 *(.fini6)
 *(.fini6)
 *(.fini5)
 *(.fini5)
 *(.fini4)
 *(.fini4)
 *(.fini3)
 *(.fini3)
 *(.fini2)
 *(.fini2)
 *(.fini1)
 *(.fini1)
 *(.fini0)
 .fini0         0x000010d0        0x4 c:/winavr-20081205/bin/../lib/gcc/avr/4.3.2/avr4\libgcc.a(_exit.o)
 *(.fini0)
                0x000010d4                _etext = .

.data           0x00800100       0x34 load address 0x000010d4
                0x00800100                PROVIDE (__data_start, .)
 *(.data)
 .data          0x00800100        0x0 c:/winavr-20081205/bin/../lib/gcc/avr/4.3.2/../../../../avr/lib/avr4/crtm88.o
 .data          0x00800100       0x33 main.o
                0x00800125                myip
                0x00800129                dstip
 .data          0x00800133        0x0 ip_arp_udp.o
 .data          0x00800133        0x0 enc28j60.o
 .data          0x00800133        0x0 timeout.o
 .data          0x00800133        0x0 c:/winavr-20081205/bin/../lib/gcc/avr/4.3.2/avr4\libgcc.a(_prologue.o)
 .data          0x00800133        0x0 c:/winavr-20081205/bin/../lib/gcc/avr/4.3.2/avr4\libgcc.a(_epilogue.o)
 .data          0x00800133        0x0 c:/winavr-20081205/bin/../lib/gcc/avr/4.3.2/avr4\libgcc.a(_exit.o)
 .data          0x00800133        0x0 c:/winavr-20081205/bin/../lib/gcc/avr/4.3.2/avr4\libgcc.a(_copy_data.o)
 .data          0x00800133        0x0 c:/winavr-20081205/bin/../lib/gcc/avr/4.3.2/avr4\libgcc.a(_clear_bss.o)
 .data          0x00800133        0x0 c:/winavr-20081205/bin/../lib/gcc/avr/4.3.2/../../../../avr/lib/avr4\libc.a(strcmp.o)
 .data          0x00800133        0x0 c:/winavr-20081205/bin/../lib/gcc/avr/4.3.2/../../../../avr/lib/avr4\libc.a(sprintf.o)
 .data          0x00800133        0x0 c:/winavr-20081205/bin/../lib/gcc/avr/4.3.2/../../../../avr/lib/avr4\libc.a(vfprintf_std.o)
 .data          0x00800133        0x0 c:/winavr-20081205/bin/../lib/gcc/avr/4.3.2/../../../../avr/lib/avr4\libc.a(strnlen_P.o)
 .data          0x00800133        0x0 c:/winavr-20081205/bin/../lib/gcc/avr/4.3.2/../../../../avr/lib/avr4\libc.a(strnlen.o)
 .data          0x00800133        0x0 c:/winavr-20081205/bin/../lib/gcc/avr/4.3.2/../../../../avr/lib/avr4\libc.a(fputc.o)
 .data          0x00800133        0x0 c:/winavr-20081205/bin/../lib/gcc/avr/4.3.2/../../../../avr/lib/avr4\libc.a(ultoa_invert.o)
 *(.data*)
 *(.rodata)
 *(.rodata*)
 *(.gnu.linkonce.d*)
                0x00800134                . = ALIGN (0x2)
 *fill*         0x00800133        0x1 00
                0x00800134                _edata = .
                0x00800134                PROVIDE (__data_end, .)

.bss            0x00800134      0x10b
                0x00800134                PROVIDE (__bss_start, .)
 *(.bss)
 .bss           0x00800134        0x0 c:/winavr-20081205/bin/../lib/gcc/avr/4.3.2/../../../../avr/lib/avr4/crtm88.o
 .bss           0x00800134       0xfc main.o
                0x00800134                ledstatus
 .bss           0x00800230        0xa ip_arp_udp.o
 .bss           0x0080023a        0x3 enc28j60.o
 .bss           0x0080023d        0x0 timeout.o
 .bss           0x0080023d        0x0 c:/winavr-20081205/bin/../lib/gcc/avr/4.3.2/avr4\libgcc.a(_prologue.o)
 .bss           0x0080023d        0x0 c:/winavr-20081205/bin/../lib/gcc/avr/4.3.2/avr4\libgcc.a(_epilogue.o)
 .bss           0x0080023d        0x0 c:/winavr-20081205/bin/../lib/gcc/avr/4.3.2/avr4\libgcc.a(_exit.o)
 .bss           0x0080023d        0x0 c:/winavr-20081205/bin/../lib/gcc/avr/4.3.2/avr4\libgcc.a(_copy_data.o)
 .bss           0x0080023d        0x0 c:/winavr-20081205/bin/../lib/gcc/avr/4.3.2/avr4\libgcc.a(_clear_bss.o)
 .bss           0x0080023d        0x0 c:/winavr-20081205/bin/../lib/gcc/avr/4.3.2/../../../../avr/lib/avr4\libc.a(strcmp.o)
 .bss           0x0080023d        0x0 c:/winavr-20081205/bin/../lib/gcc/avr/4.3.2/../../../../avr/lib/avr4\libc.a(sprintf.o)
 .bss           0x0080023d        0x0 c:/winavr-20081205/bin/../lib/gcc/avr/4.3.2/../../../../avr/lib/avr4\libc.a(vfprintf_std.o)
 .bss           0x0080023d        0x0 c:/winavr-20081205/bin/../lib/gcc/avr/4.3.2/../../../../avr/lib/avr4\libc.a(strnlen_P.o)
 .bss           0x0080023d        0x0 c:/winavr-20081205/bin/../lib/gcc/avr/4.3.2/../../../../avr/lib/avr4\libc.a(strnlen.o)
 .bss           0x0080023d        0x0 c:/winavr-20081205/bin/../lib/gcc/avr/4.3.2/../../../../avr/lib/avr4\libc.a(fputc.o)
 .bss           0x0080023d        0x0 c:/winavr-20081205/bin/../lib/gcc/avr/4.3.2/../../../../avr/lib/avr4\libc.a(ultoa_invert.o)
 *(.bss*)
 *(COMMON)
 COMMON         0x0080023d        0x2 main.o
                0x0080023d                plen
                0x0080023f                PROVIDE (__bss_end, .)
                0x000010d4                __data_load_start = LOADADDR (.data)
                0x00001108                __data_load_end = (__data_load_start + SIZEOF (.data))

.noinit         0x0080023f        0x0
                0x0080023f                PROVIDE (__noinit_start, .)
 *(.noinit*)
                0x0080023f                PROVIDE (__noinit_end, .)
                0x0080023f                _end = .
                0x0080023f                PROVIDE (__heap_start, .)

.eeprom         0x00810000        0x0
 *(.eeprom*)
                0x00810000                __eeprom_end = .

.fuse
 *(.fuse)
 *(.lfuse)
 *(.hfuse)
 *(.efuse)

.lock
 *(.lock*)

.signature
 *(.signature*)

.stab
 *(.stab)

.stabstr
 *(.stabstr)

.stab.excl
 *(.stab.excl)

.stab.exclstr
 *(.stab.exclstr)

.stab.index
 *(.stab.index)

.stab.indexstr
 *(.stab.indexstr)

.comment
 *(.comment)

.debug
 *(.debug)

.line
 *(.line)

.debug_srcinfo
 *(.debug_srcinfo)

.debug_sfnames
 *(.debug_sfnames)

.debug_aranges  0x00000000       0x80
 *(.debug_aranges)
 .debug_aranges
                0x00000000       0x20 main.o
 .debug_aranges
                0x00000020       0x20 ip_arp_udp.o
 .debug_aranges
                0x00000040       0x20 enc28j60.o
 .debug_aranges
                0x00000060       0x20 timeout.o

.debug_pubnames
                0x00000000      0x2b2
 *(.debug_pubnames)
 .debug_pubnames
                0x00000000       0x7c main.o
 .debug_pubnames
                0x0000007c       0xf6 ip_arp_udp.o
 .debug_pubnames
                0x00000172      0x109 enc28j60.o
 .debug_pubnames
                0x0000027b       0x37 timeout.o

.debug_info     0x00000000      0xe50
 *(.debug_info)
 .debug_info    0x00000000      0x2e2 main.o
 .debug_info    0x000002e2      0x46d ip_arp_udp.o
 .debug_info    0x0000074f      0x5b9 enc28j60.o
 .debug_info    0x00000d08      0x148 timeout.o
 *(.gnu.linkonce.wi.*)

.debug_abbrev   0x00000000      0x5aa
 *(.debug_abbrev)
 .debug_abbrev  0x00000000      0x1a4 main.o
 .debug_abbrev  0x000001a4      0x150 ip_arp_udp.o
 .debug_abbrev  0x000002f4      0x1ea enc28j60.o
 .debug_abbrev  0x000004de       0xcc timeout.o

.debug_line     0x00000000     0x1084
 *(.debug_line)
 .debug_line    0x00000000      0x2f2 main.o
 .debug_line    0x000002f2      0x4d3 ip_arp_udp.o
 .debug_line    0x000007c5      0x781 enc28j60.o
 .debug_line    0x00000f46      0x13e timeout.o

.debug_frame    0x00000000      0x230
 *(.debug_frame)
 .debug_frame   0x00000000       0x70 main.o
 .debug_frame   0x00000070       0xb0 ip_arp_udp.o
 .debug_frame   0x00000120       0xd0 enc28j60.o
 .debug_frame   0x000001f0       0x40 timeout.o

.debug_str      0x00000000      0x3ae
 *(.debug_str)
 .debug_str     0x00000000      0x112 main.o
                                0x152 (size before relaxing)
 .debug_str     0x00000112       0xfa ip_arp_udp.o
                                0x1ba (size before relaxing)
 .debug_str     0x0000020c      0x188 enc28j60.o
                                0x219 (size before relaxing)
 .debug_str     0x00000394       0x1a timeout.o
                                0x100 (size before relaxing)

.debug_loc      0x00000000      0x788
 *(.debug_loc)
 .debug_loc     0x00000000       0xd4 main.o
 .debug_loc     0x000000d4      0x3c8 ip_arp_udp.o
 .debug_loc     0x0000049c      0x2ec enc28j60.o

.debug_macinfo
 *(.debug_macinfo)
OUTPUT(eth_rem_dev.out elf32-avr)
LOAD linker stubs

.debug_ranges   0x00000000       0x18
 .debug_ranges  0x00000000       0x18 enc28j60.o
