Archive member included because of file (symbol)

c:/winavr-20081205/bin/../lib/gcc/avr/4.3.2/avr4\libgcc.a(_prologue.o)
                              enc28j60.o (__prologue_saves__)
c:/winavr-20081205/bin/../lib/gcc/avr/4.3.2/avr4\libgcc.a(_epilogue.o)
                              enc28j60.o (__epilogue_restores__)
c:/winavr-20081205/bin/../lib/gcc/avr/4.3.2/avr4\libgcc.a(_exit.o)
                              c:/winavr-20081205/bin/../lib/gcc/avr/4.3.2/../../../../avr/lib/avr4/crtm88.o (exit)
c:/winavr-20081205/bin/../lib/gcc/avr/4.3.2/avr4\libgcc.a(_copy_data.o)
                              test1.o (__do_copy_data)
c:/winavr-20081205/bin/../lib/gcc/avr/4.3.2/avr4\libgcc.a(_clear_bss.o)
                              test1.o (__do_clear_bss)

Memory Configuration

Name             Origin             Length             Attributes
text             0x00000000         0x00002000         xr
data             0x00800060         0x0000ffa0         rw !x
eeprom           0x00810000         0x00010000         rw !x
fuse             0x00820000         0x00000400         rw !x
lock             0x00830000         0x00000400         rw !x
signature        0x00840000         0x00000400         rw !x
*default*        0x00000000         0xffffffff

Linker script and memory map

Address of section .data set to 0x800100
LOAD c:/winavr-20081205/bin/../lib/gcc/avr/4.3.2/../../../../avr/lib/avr4/crtm88.o
LOAD test1.o
LOAD enc28j60.o
LOAD timeout.o
LOAD ip_arp_udp.o
LOAD c:/winavr-20081205/bin/../lib/gcc/avr/4.3.2/avr4\libgcc.a
LOAD c:/winavr-20081205/bin/../lib/gcc/avr/4.3.2/../../../../avr/lib/avr4\libc.a
LOAD c:/winavr-20081205/bin/../lib/gcc/avr/4.3.2/avr4\libgcc.a

.hash
 *(.hash)

.dynsym
 *(.dynsym)

.dynstr
 *(.dynstr)

.gnu.version
 *(.gnu.version)

.gnu.version_d
 *(.gnu.version_d)

.gnu.version_r
 *(.gnu.version_r)

.rel.init
 *(.rel.init)

.rela.init
 *(.rela.init)

.rel.text
 *(.rel.text)
 *(.rel.text.*)
 *(.rel.gnu.linkonce.t*)

.rela.text
 *(.rela.text)
 *(.rela.text.*)
 *(.rela.gnu.linkonce.t*)

.rel.fini
 *(.rel.fini)

.rela.fini
 *(.rela.fini)

.rel.rodata
 *(.rel.rodata)
 *(.rel.rodata.*)
 *(.rel.gnu.linkonce.r*)

.rela.rodata
 *(.rela.rodata)
 *(.rela.rodata.*)
 *(.rela.gnu.linkonce.r*)

.rel.data
 *(.rel.data)
 *(.rel.data.*)
 *(.rel.gnu.linkonce.d*)

.rela.data
 *(.rela.data)
 *(.rela.data.*)
 *(.rela.gnu.linkonce.d*)

.rel.ctors
 *(.rel.ctors)

.rela.ctors
 *(.rela.ctors)

.rel.dtors
 *(.rel.dtors)

.rela.dtors
 *(.rela.dtors)

.rel.got
 *(.rel.got)

.rela.got
 *(.rela.got)

.rel.bss
 *(.rel.bss)

.rela.bss
 *(.rela.bss)

.rel.plt
 *(.rel.plt)

.rela.plt
 *(.rela.plt)

.text           0x00000000      0x94a
 *(.vectors)
 .vectors       0x00000000       0x34 c:/winavr-20081205/bin/../lib/gcc/avr/4.3.2/../../../../avr/lib/avr4/crtm88.o
                0x00000000                __vectors
                0x00000000                __vector_default
 *(.vectors)
 *(.progmem.gcc*)
 *(.progmem*)
                0x00000034                . = ALIGN (0x2)
                0x00000034                __trampolines_start = .
 *(.trampolines)
 .trampolines   0x00000034        0x0 linker stubs
 *(.trampolines*)
                0x00000034                __trampolines_end = .
 *(.jumptables)
 *(.jumptables*)
 *(.lowtext)
 *(.lowtext*)
                0x00000034                __ctors_start = .
 *(.ctors)
                0x00000034                __ctors_end = .
                0x00000034                __dtors_start = .
 *(.dtors)
                0x00000034                __dtors_end = .
 SORT(*)(.ctors)
 SORT(*)(.dtors)
 *(.init0)
 .init0         0x00000034        0x0 c:/winavr-20081205/bin/../lib/gcc/avr/4.3.2/../../../../avr/lib/avr4/crtm88.o
                0x00000034                __init
 *(.init0)
 *(.init1)
 *(.init1)
 *(.init2)
 .init2         0x00000034        0xc c:/winavr-20081205/bin/../lib/gcc/avr/4.3.2/../../../../avr/lib/avr4/crtm88.o
 *(.init2)
 *(.init3)
 *(.init3)
 *(.init4)
 .init4         0x00000040       0x16 c:/winavr-20081205/bin/../lib/gcc/avr/4.3.2/avr4\libgcc.a(_copy_data.o)
                0x00000040                __do_copy_data
 .init4         0x00000056       0x10 c:/winavr-20081205/bin/../lib/gcc/avr/4.3.2/avr4\libgcc.a(_clear_bss.o)
                0x00000056                __do_clear_bss
 *(.init4)
 *(.init5)
 *(.init5)
 *(.init6)
 *(.init6)
 *(.init7)
 *(.init7)
 *(.init8)
 *(.init8)
 *(.init9)
 .init9         0x00000066        0x4 c:/winavr-20081205/bin/../lib/gcc/avr/4.3.2/../../../../avr/lib/avr4/crtm88.o
 *(.init9)
 *(.text)
 .text          0x0000006a        0x2 c:/winavr-20081205/bin/../lib/gcc/avr/4.3.2/../../../../avr/lib/avr4/crtm88.o
                0x0000006a                __vector_22
                0x0000006a                __vector_1
                0x0000006a                __vector_24
                0x0000006a                __vector_12
                0x0000006a                __bad_interrupt
                0x0000006a                __vector_6
                0x0000006a                __vector_3
                0x0000006a                __vector_23
                0x0000006a                __vector_25
                0x0000006a                __vector_11
                0x0000006a                __vector_13
                0x0000006a                __vector_17
                0x0000006a                __vector_19
                0x0000006a                __vector_7
                0x0000006a                __vector_5
                0x0000006a                __vector_4
                0x0000006a                __vector_9
                0x0000006a                __vector_2
                0x0000006a                __vector_21
                0x0000006a                __vector_15
                0x0000006a                __vector_8
                0x0000006a                __vector_14
                0x0000006a                __vector_10
                0x0000006a                __vector_16
                0x0000006a                __vector_18
                0x0000006a                __vector_20
 .text          0x0000006c       0xdc test1.o
                0x0000006c                main
 .text          0x00000148      0x436 enc28j60.o
                0x0000018c                enc28j60ReadBuffer
                0x000001ee                enc28j60SetBank
                0x00000434                enc28j60Init
                0x00000172                enc28j60WriteOp
                0x00000244                enc28j60Read
                0x000001c2                enc28j60WriteBuffer
                0x0000027c                enc28j60PhyWrite
                0x000002b0                enc28j60getrev
                0x00000362                enc28j60PacketReceive
                0x00000148                enc28j60ReadOp
                0x00000254                enc28j60Write
                0x000002b6                enc28j60PacketSend
 .text          0x0000057e       0x30 timeout.o
                0x000005aa                wd_kick
                0x00000592                wd_init
                0x0000057e                delay_ms
 .text          0x000005ae      0x32a ip_arp_udp.o
                0x00000770                make_udp_reply_from_request
                0x00000668                init_ip_arp_udp
                0x000006de                eth_type_is_ip_and_my_ip
                0x000006a8                eth_type_is_arp_and_my_ip
                0x00000730                make_ip
                0x00000828                make_echo_reply_from_request
                0x00000716                make_eth
                0x00000872                make_arp_answer_from_request
                0x000005ae                checksum
 .text          0x000008d8        0x0 c:/winavr-20081205/bin/../lib/gcc/avr/4.3.2/avr4\libgcc.a(_prologue.o)
 .text          0x000008d8        0x0 c:/winavr-20081205/bin/../lib/gcc/avr/4.3.2/avr4\libgcc.a(_epilogue.o)
 .text          0x000008d8        0x0 c:/winavr-20081205/bin/../lib/gcc/avr/4.3.2/avr4\libgcc.a(_exit.o)
 .text          0x000008d8        0x0 c:/winavr-20081205/bin/../lib/gcc/avr/4.3.2/avr4\libgcc.a(_copy_data.o)
 .text          0x000008d8        0x0 c:/winavr-20081205/bin/../lib/gcc/avr/4.3.2/avr4\libgcc.a(_clear_bss.o)
                0x000008d8                . = ALIGN (0x2)
 *(.text.*)
 .text.libgcc   0x000008d8       0x38 c:/winavr-20081205/bin/../lib/gcc/avr/4.3.2/avr4\libgcc.a(_prologue.o)
                0x000008d8                __prologue_saves__
 .text.libgcc   0x00000910       0x36 c:/winavr-20081205/bin/../lib/gcc/avr/4.3.2/avr4\libgcc.a(_epilogue.o)
                0x00000910                __epilogue_restores__
 .text.libgcc   0x00000946        0x0 c:/winavr-20081205/bin/../lib/gcc/avr/4.3.2/avr4\libgcc.a(_exit.o)
 .text.libgcc   0x00000946        0x0 c:/winavr-20081205/bin/../lib/gcc/avr/4.3.2/avr4\libgcc.a(_copy_data.o)
 .text.libgcc   0x00000946        0x0 c:/winavr-20081205/bin/../lib/gcc/avr/4.3.2/avr4\libgcc.a(_clear_bss.o)
                0x00000946                . = ALIGN (0x2)
 *(.fini9)
 .fini9         0x00000946        0x0 c:/winavr-20081205/bin/../lib/gcc/avr/4.3.2/avr4\libgcc.a(_exit.o)
                0x00000946                exit
                0x00000946                _exit
 *(.fini9)
 *(.fini8)
 *(.fini8)
 *(.fini7)
 *(.fini7)
 *(.fini6)
 *(.fini6)
 *(.fini5)
 *(.fini5)
 *(.fini4)
 *(.fini4)
 *(.fini3)
 *(.fini3)
 *(.fini2)
 *(.fini2)
 *(.fini1)
 *(.fini1)
 *(.fini0)
 .fini0         0x00000946        0x4 c:/winavr-20081205/bin/../lib/gcc/avr/4.3.2/avr4\libgcc.a(_exit.o)
 *(.fini0)
                0x0000094a                _etext = .

.data           0x00800100        0xa load address 0x0000094a
                0x00800100                PROVIDE (__data_start, .)
 *(.data)
 .data          0x00800100        0x0 c:/winavr-20081205/bin/../lib/gcc/avr/4.3.2/../../../../avr/lib/avr4/crtm88.o
 .data          0x00800100        0xa test1.o
 .data          0x0080010a        0x0 enc28j60.o
 .data          0x0080010a        0x0 timeout.o
 .data          0x0080010a        0x0 ip_arp_udp.o
 .data          0x0080010a        0x0 c:/winavr-20081205/bin/../lib/gcc/avr/4.3.2/avr4\libgcc.a(_prologue.o)
 .data          0x0080010a        0x0 c:/winavr-20081205/bin/../lib/gcc/avr/4.3.2/avr4\libgcc.a(_epilogue.o)
 .data          0x0080010a        0x0 c:/winavr-20081205/bin/../lib/gcc/avr/4.3.2/avr4\libgcc.a(_exit.o)
 .data          0x0080010a        0x0 c:/winavr-20081205/bin/../lib/gcc/avr/4.3.2/avr4\libgcc.a(_copy_data.o)
 .data          0x0080010a        0x0 c:/winavr-20081205/bin/../lib/gcc/avr/4.3.2/avr4\libgcc.a(_clear_bss.o)
 *(.data*)
 *(.rodata)
 *(.rodata*)
 *(.gnu.linkonce.d*)
                0x0080010a                . = ALIGN (0x2)
                0x0080010a                _edata = .
                0x0080010a                PROVIDE (__data_end, .)

.bss            0x0080010a      0x108
                0x0080010a                PROVIDE (__bss_start, .)
 *(.bss)
 .bss           0x0080010a        0x0 c:/winavr-20081205/bin/../lib/gcc/avr/4.3.2/../../../../avr/lib/avr4/crtm88.o
 .bss           0x0080010a       0xfb test1.o
 .bss           0x00800205        0x3 enc28j60.o
 .bss           0x00800208        0x0 timeout.o
 .bss           0x00800208        0xa ip_arp_udp.o
 .bss           0x00800212        0x0 c:/winavr-20081205/bin/../lib/gcc/avr/4.3.2/avr4\libgcc.a(_prologue.o)
 .bss           0x00800212        0x0 c:/winavr-20081205/bin/../lib/gcc/avr/4.3.2/avr4\libgcc.a(_epilogue.o)
 .bss           0x00800212        0x0 c:/winavr-20081205/bin/../lib/gcc/avr/4.3.2/avr4\libgcc.a(_exit.o)
 .bss           0x00800212        0x0 c:/winavr-20081205/bin/../lib/gcc/avr/4.3.2/avr4\libgcc.a(_copy_data.o)
 .bss           0x00800212        0x0 c:/winavr-20081205/bin/../lib/gcc/avr/4.3.2/avr4\libgcc.a(_clear_bss.o)
 *(.bss*)
 *(COMMON)
                0x00800212                PROVIDE (__bss_end, .)
                0x0000094a                __data_load_start = LOADADDR (.data)
                0x00000954                __data_load_end = (__data_load_start + SIZEOF (.data))

.noinit         0x00800212        0x0
                0x00800212                PROVIDE (__noinit_start, .)
 *(.noinit*)
                0x00800212                PROVIDE (__noinit_end, .)
                0x00800212                _end = .
                0x00800212                PROVIDE (__heap_start, .)

.eeprom         0x00810000        0x0
 *(.eeprom*)
                0x00810000                __eeprom_end = .

.fuse
 *(.fuse)
 *(.lfuse)
 *(.hfuse)
 *(.efuse)

.lock
 *(.lock*)

.signature
 *(.signature*)

.stab
 *(.stab)

.stabstr
 *(.stabstr)

.stab.excl
 *(.stab.excl)

.stab.exclstr
 *(.stab.exclstr)

.stab.index
 *(.stab.index)

.stab.indexstr
 *(.stab.indexstr)

.comment
 *(.comment)

.debug
 *(.debug)

.line
 *(.line)

.debug_srcinfo
 *(.debug_srcinfo)

.debug_sfnames
 *(.debug_sfnames)

.debug_aranges  0x00000000       0x80
 *(.debug_aranges)
 .debug_aranges
                0x00000000       0x20 test1.o
 .debug_aranges
                0x00000020       0x20 enc28j60.o
 .debug_aranges
                0x00000040       0x20 timeout.o
 .debug_aranges
                0x00000060       0x20 ip_arp_udp.o

.debug_pubnames
                0x00000000      0x244
 *(.debug_pubnames)
 .debug_pubnames
                0x00000000       0x1b test1.o
 .debug_pubnames
                0x0000001b      0x109 enc28j60.o
 .debug_pubnames
                0x00000124       0x37 timeout.o
 .debug_pubnames
                0x0000015b       0xe9 ip_arp_udp.o

.debug_info     0x00000000      0xbe4
 *(.debug_info)
 .debug_info    0x00000000      0x111 test1.o
 .debug_info    0x00000111      0x5b9 enc28j60.o
 .debug_info    0x000006ca      0x148 timeout.o
 .debug_info    0x00000812      0x3d2 ip_arp_udp.o
 *(.gnu.linkonce.wi.*)

.debug_abbrev   0x00000000      0x49e
 *(.debug_abbrev)
 .debug_abbrev  0x00000000       0x98 test1.o
 .debug_abbrev  0x00000098      0x1ea enc28j60.o
 .debug_abbrev  0x00000282       0xcc timeout.o
 .debug_abbrev  0x0000034e      0x150 ip_arp_udp.o

.debug_line     0x00000000      0xe21
 *(.debug_line)
 .debug_line    0x00000000      0x185 test1.o
 .debug_line    0x00000185      0x781 enc28j60.o
 .debug_line    0x00000906      0x13e timeout.o
 .debug_line    0x00000a44      0x3dd ip_arp_udp.o

.debug_frame    0x00000000      0x1d0
 *(.debug_frame)
 .debug_frame   0x00000000       0x20 test1.o
 .debug_frame   0x00000020       0xd0 enc28j60.o
 .debug_frame   0x000000f0       0x40 timeout.o
 .debug_frame   0x00000130       0xa0 ip_arp_udp.o

.debug_str      0x00000000      0x305
 *(.debug_str)
 .debug_str     0x00000000       0x94 test1.o
                                 0xc8 (size before relaxing)
 .debug_str     0x00000094      0x16e enc28j60.o
                                0x219 (size before relaxing)
 .debug_str     0x00000202       0x1a timeout.o
                                0x100 (size before relaxing)
 .debug_str     0x0000021c       0xe9 ip_arp_udp.o
                                0x1b1 (size before relaxing)

.debug_loc      0x00000000      0x62e
 *(.debug_loc)
 .debug_loc     0x00000000       0x38 test1.o
 .debug_loc     0x00000038      0x2ec enc28j60.o
 .debug_loc     0x00000324      0x30a ip_arp_udp.o

.debug_macinfo
 *(.debug_macinfo)
OUTPUT(test1.out elf32-avr)
LOAD linker stubs

.debug_ranges   0x00000000       0x18
 .debug_ranges  0x00000000       0x18 enc28j60.o
