Archive member included because of file (symbol)

/usr/lib/gcc/avr/4.3.5/avr51/libgcc.a(_mulsi3.o)
                              sdcard_fs_driver/ff.o (__mulsi3)
/usr/lib/gcc/avr/4.3.5/avr51/libgcc.a(_udivmodqi4.o)
                              sdcard_fs_driver/rtc.o (__udivmodqi4)
/usr/lib/gcc/avr/4.3.5/avr51/libgcc.a(_udivmodhi4.o)
                              sdcard_fs_driver/rtc.o (__udivmodhi4)
/usr/lib/gcc/avr/4.3.5/avr51/libgcc.a(_divmodhi4.o)
                              isr.o (__divmodhi4)
/usr/lib/gcc/avr/4.3.5/avr51/libgcc.a(_udivmodsi4.o)
                              sdcard_fs_driver/ff.o (__udivmodsi4)
/usr/lib/gcc/avr/4.3.5/avr51/libgcc.a(_prologue.o)
                              main.o (__prologue_saves__)
/usr/lib/gcc/avr/4.3.5/avr51/libgcc.a(_epilogue.o)
                              main.o (__epilogue_restores__)
/usr/lib/gcc/avr/4.3.5/avr51/libgcc.a(_exit.o)
                              /usr/lib/gcc/avr/4.3.5/../../../avr/lib/avr51/crtcan128.o (exit)
/usr/lib/gcc/avr/4.3.5/avr51/libgcc.a(_tablejump.o)
                              sdcard_fs_driver/mmc.o (__tablejump2__)
/usr/lib/gcc/avr/4.3.5/avr51/libgcc.a(_clear_bss.o)
                              main.o (__do_clear_bss)
/usr/lib/gcc/avr/4.3.5/avr51/libgcc.a(_addsub_sf.o)
                              uart.o (__subsf3)
/usr/lib/gcc/avr/4.3.5/avr51/libgcc.a(_mul_sf.o)
                              uart.o (__mulsf3)
/usr/lib/gcc/avr/4.3.5/avr51/libgcc.a(_div_sf.o)
                              uart.o (__divsf3)
/usr/lib/gcc/avr/4.3.5/avr51/libgcc.a(_sf_to_si.o)
                              uart.o (__fixsfsi)
/usr/lib/gcc/avr/4.3.5/avr51/libgcc.a(_thenan_sf.o)
                              /usr/lib/gcc/avr/4.3.5/avr51/libgcc.a(_addsub_sf.o) (__thenan_sf)
/usr/lib/gcc/avr/4.3.5/avr51/libgcc.a(_pack_sf.o)
                              /usr/lib/gcc/avr/4.3.5/avr51/libgcc.a(_addsub_sf.o) (__pack_f)
/usr/lib/gcc/avr/4.3.5/avr51/libgcc.a(_unpack_sf.o)
                              /usr/lib/gcc/avr/4.3.5/avr51/libgcc.a(_addsub_sf.o) (__unpack_f)
/usr/lib/gcc/avr/4.3.5/../../../avr/lib/avr51/libc.a(atoi.o)
                              log.o (atoi)
/usr/lib/gcc/avr/4.3.5/../../../avr/lib/avr51/libc.a(itoa.o)
                              main.o (itoa)
/usr/lib/gcc/avr/4.3.5/../../../avr/lib/avr51/libc.a(mul10.o)
                              /usr/lib/gcc/avr/4.3.5/../../../avr/lib/avr51/libc.a(atoi.o) (__mulhi_const_10)
/usr/lib/gcc/avr/4.3.5/../../../avr/lib/avr51/libc.a(strrev.o)
                              /usr/lib/gcc/avr/4.3.5/../../../avr/lib/avr51/libc.a(itoa.o) (strrev)

Allocating common symbols
Common symbol       size              file

Fatfs               0x232             main.o
tx_remote_buffer    0x8               can_func.o
Finfo               0x16              main.o
response_buffer     0x10              can_func.o
acc_dirs            0x2               main.o
acc_files           0x2               main.o
Timer               0x2               main.o
Buff                0x400             main.o
tx_remote_msg       0xe               can_func.o
acc_size            0x4               main.o
databuffer          0x10              can_func.o
xbee_q              0x80              main.o
response_msg        0x1c              can_func.o

Memory Configuration

Name             Origin             Length             Attributes
text             0x00000000         0x00020000         xr
data             0x00800060         0x0000ffa0         rw !x
eeprom           0x00810000         0x00010000         rw !x
fuse             0x00820000         0x00000400         rw !x
lock             0x00830000         0x00000400         rw !x
signature        0x00840000         0x00000400         rw !x
*default*        0x00000000         0xffffffff

Linker script and memory map

Address of section .data set to 0x800100
LOAD /usr/lib/gcc/avr/4.3.5/../../../avr/lib/avr51/crtcan128.o
LOAD main.o
LOAD uart.o
LOAD sdcard_fs_driver/ff.o
LOAD sdcard_fs_driver/mmc.o
LOAD sdcard_fs_driver/rtc.o
LOAD can_std/can_drv.o
LOAD can_std/can_lib.o
LOAD can_func.o
LOAD isr.o
LOAD error.o
LOAD comm.o
LOAD twi/twi.o
LOAD log.o
LOAD ecu.o
LOAD can_new.o
LOAD test_vars.o
LOAD xitoa.o
LOAD /usr/lib/gcc/avr/4.3.5/avr51/libgcc.a
LOAD /usr/lib/gcc/avr/4.3.5/../../../avr/lib/avr51/libc.a
LOAD /usr/lib/gcc/avr/4.3.5/avr51/libgcc.a

.hash
 *(.hash)

.dynsym
 *(.dynsym)

.dynstr
 *(.dynstr)

.gnu.version
 *(.gnu.version)

.gnu.version_d
 *(.gnu.version_d)

.gnu.version_r
 *(.gnu.version_r)

.rel.init
 *(.rel.init)

.rela.init
 *(.rela.init)

.rel.text
 *(.rel.text)
 *(.rel.text.*)
 *(.rel.gnu.linkonce.t*)

.rela.text
 *(.rela.text)
 *(.rela.text.*)
 *(.rela.gnu.linkonce.t*)

.rel.fini
 *(.rel.fini)

.rela.fini
 *(.rela.fini)

.rel.rodata
 *(.rel.rodata)
 *(.rel.rodata.*)
 *(.rel.gnu.linkonce.r*)

.rela.rodata
 *(.rela.rodata)
 *(.rela.rodata.*)
 *(.rela.gnu.linkonce.r*)

.rel.data
 *(.rel.data)
 *(.rel.data.*)
 *(.rel.gnu.linkonce.d*)

.rela.data
 *(.rela.data)
 *(.rela.data.*)
 *(.rela.gnu.linkonce.d*)

.rel.ctors
 *(.rel.ctors)

.rela.ctors
 *(.rela.ctors)

.rel.dtors
 *(.rel.dtors)

.rela.dtors
 *(.rela.dtors)

.rel.got
 *(.rel.got)

.rela.got
 *(.rela.got)

.rel.bss
 *(.rel.bss)

.rela.bss
 *(.rela.bss)

.rel.plt
 *(.rel.plt)

.rela.plt
 *(.rela.plt)

.text           0x00000000     0x5eb8
 *(.vectors)
 .vectors       0x00000000       0x94 /usr/lib/gcc/avr/4.3.5/../../../avr/lib/avr51/crtcan128.o
                0x00000000                __vectors
                0x00000000                __vector_default
 *(.vectors)
 *(.progmem.gcc*)
 .progmem.gcc_sw_table
                0x00000094       0x1e sdcard_fs_driver/mmc.o
 .progmem.gcc_sw_table
                0x000000b2       0x16 can_std/can_lib.o
 *(.progmem*)
 .progmem.data  0x000000c8       0xbf main.o
                0x00000188                . = ALIGN (0x2)
 *fill*         0x00000187        0x1 00
                0x00000188                __trampolines_start = .
 *(.trampolines)
 .trampolines   0x00000188        0x0 linker stubs
 *(.trampolines*)
                0x00000188                __trampolines_end = .
 *(.jumptables)
 *(.jumptables*)
 *(.lowtext)
 *(.lowtext*)
                0x00000188                __ctors_start = .
 *(.ctors)
                0x00000188                __ctors_end = .
                0x00000188                __dtors_start = .
 *(.dtors)
                0x00000188                __dtors_end = .
 SORT(*)(.ctors)
 SORT(*)(.dtors)
 *(.init0)
 .init0         0x00000188        0x0 /usr/lib/gcc/avr/4.3.5/../../../avr/lib/avr51/crtcan128.o
                0x00000188                __init
 *(.init0)
 *(.init1)
 *(.init1)
 *(.init2)
 .init2         0x00000188        0xc /usr/lib/gcc/avr/4.3.5/../../../avr/lib/avr51/crtcan128.o
 *(.init2)
 *(.init3)
 *(.init3)
 *(.init4)
 .init4         0x00000194       0x1a /usr/lib/gcc/avr/4.3.5/../../../avr/lib/avr51/crtcan128.o
                0x00000194                __do_copy_data
 .init4         0x000001ae       0x10 /usr/lib/gcc/avr/4.3.5/avr51/libgcc.a(_clear_bss.o)
                0x000001ae                __do_clear_bss
 *(.init4)
 *(.init5)
 *(.init5)
 *(.init6)
 *(.init6)
 *(.init7)
 *(.init7)
 *(.init8)
 *(.init8)
 *(.init9)
 .init9         0x000001be        0x8 /usr/lib/gcc/avr/4.3.5/../../../avr/lib/avr51/crtcan128.o
 *(.init9)
 *(.text)
 .text          0x000001c6        0x4 /usr/lib/gcc/avr/4.3.5/../../../avr/lib/avr51/crtcan128.o
                0x000001c6                __vector_22
                0x000001c6                __vector_28
                0x000001c6                __vector_1
                0x000001c6                __vector_32
                0x000001c6                __vector_34
                0x000001c6                __vector_24
                0x000001c6                __vector_12
                0x000001c6                __bad_interrupt
                0x000001c6                __vector_6
                0x000001c6                __vector_31
                0x000001c6                __vector_35
                0x000001c6                __vector_3
                0x000001c6                __vector_23
                0x000001c6                __vector_30
                0x000001c6                __vector_25
                0x000001c6                __vector_11
                0x000001c6                __vector_13
                0x000001c6                __vector_17
                0x000001c6                __vector_19
                0x000001c6                __vector_7
                0x000001c6                __vector_27
                0x000001c6                __vector_5
                0x000001c6                __vector_4
                0x000001c6                __vector_2
                0x000001c6                __vector_15
                0x000001c6                __vector_36
                0x000001c6                __vector_29
                0x000001c6                __vector_8
                0x000001c6                __vector_26
                0x000001c6                __vector_14
                0x000001c6                __vector_10
                0x000001c6                __vector_20
 .text          0x000001ca      0x440 main.o
                0x000001ca                get_fattime
                0x00000286                main
                0x000005a8                __vector_9
 .text          0x0000060a      0x1c0 uart.o
                0x0000060a                USART0_Transmit
                0x0000061a                USART1_Transmit
                0x0000062a                USART_set_baud_rate
                0x00000718                uart_init
                0x00000744                uart_get
                0x00000752                uart_put_test
                0x00000776                uart_put
                0x00000786                uart_puts
                0x000007a0                uart1_put
                0x000007b0                uart1_puts
 .text          0x000007ca     0x25d2 sdcard_fs_driver/ff.o
                0x000007ca                clust2sect
                0x00000840                f_mount
                0x00000870                f_chdrive
                0x0000098e                put_fat
                0x00000b22                get_fat
                0x00001012                f_lseek
                0x000016ae                f_readdir
                0x00001b40                f_write
                0x00001f92                f_read
                0x00002364                f_sync
                0x000024da                f_close
                0x000024f6                chk_mounted
                0x0000286a                f_opendir
                0x0000291e                f_chdir
                0x000029ca                f_open
 .text          0x00002d9c      0x8ca sdcard_fs_driver/mmc.o
                0x00002fd2                disk_initialize
                0x00003158                disk_status
                0x00003166                disk_read
                0x00003222                disk_write
                0x00003310                disk_ioctl
                0x00003648                disk_timerproc
 .text          0x00003666      0x366 sdcard_fs_driver/rtc.o
                0x00003666                RTC_read
                0x0000371c                rtc_gettime
                0x0000381c                RTC_write
                0x00003894                rtc_settime
                0x0000399a                rtc_clearHaltBit
                0x000039c2                rtc_init
 .text          0x000039cc      0x39a can_std/can_drv.o
                0x000039cc                can_clear_all_mob
                0x000039ec                can_get_mob_free
                0x00003a1a                can_get_mob_status
                0x00003a40                can_get_data
                0x00003a68                can_auto_baudrate
                0x00003d4c                can_fixed_baudrate
 .text          0x00003d66      0xbb4 can_std/can_lib.o
                0x00003d66                can_get_status
                0x00003e8c                can_cmd
                0x00004900                can_init
 .text          0x0000491a      0x170 can_func.o
                0x0000491a                init_can_data_mobs
                0x0000495e                can_update_rx_msg
                0x00004986                can_data_mob_setup
                0x00004a4a                can_send
 .text          0x00004a8a      0x206 isr.o
                0x00004a8a                __vector_21
                0x00004ae0                __vector_33
                0x00004bbe                __vector_16
 .text          0x00004c90        0x0 error.o
 .text          0x00004c90       0x3e comm.o
                0x00004c90                xbee_send_trigger
 .text          0x00004cce       0x82 twi/twi.o
                0x00004cce                TWI_init
                0x00004ce0                TWI_start
                0x00004d18                TWI_send
                0x00004d2c                TWI_rcvr
                0x00004d48                TWI_stop
 .text          0x00004d50       0x50 log.o
                0x00004d50                get_free_log_number
 .text          0x00004da0      0x194 ecu.o
                0x00004da0                ecu_val_to_xbee
                0x00004e70                ecu_data_handler
 .text          0x00004f34      0x17a can_new.o
                0x00004f34                __vector_18
                0x0000506c                can_send_non_blocking
 .text          0x000050ae        0x0 test_vars.o
 .text          0x000050ae      0x214 xitoa.o
                0x000050ae                xputc
                0x000050cc                xputs
                0x000050da                xitoa
                0x00005150                xprintf
                0x0000520c                xatoi
 .text          0x000052c2        0x0 /usr/lib/gcc/avr/4.3.5/avr51/libgcc.a(_mulsi3.o)
 .text          0x000052c2        0x0 /usr/lib/gcc/avr/4.3.5/avr51/libgcc.a(_udivmodqi4.o)
 .text          0x000052c2        0x0 /usr/lib/gcc/avr/4.3.5/avr51/libgcc.a(_udivmodhi4.o)
 .text          0x000052c2        0x0 /usr/lib/gcc/avr/4.3.5/avr51/libgcc.a(_divmodhi4.o)
 .text          0x000052c2        0x0 /usr/lib/gcc/avr/4.3.5/avr51/libgcc.a(_udivmodsi4.o)
 .text          0x000052c2        0x0 /usr/lib/gcc/avr/4.3.5/avr51/libgcc.a(_prologue.o)
 .text          0x000052c2        0x0 /usr/lib/gcc/avr/4.3.5/avr51/libgcc.a(_epilogue.o)
 .text          0x000052c2        0x0 /usr/lib/gcc/avr/4.3.5/avr51/libgcc.a(_exit.o)
 .text          0x000052c2        0x0 /usr/lib/gcc/avr/4.3.5/avr51/libgcc.a(_tablejump.o)
 .text          0x000052c2        0x0 /usr/lib/gcc/avr/4.3.5/avr51/libgcc.a(_clear_bss.o)
 .text          0x000052c2      0x354 /usr/lib/gcc/avr/4.3.5/avr51/libgcc.a(_addsub_sf.o)
                0x0000555a                __subsf3
                0x000055bc                __addsf3
 .text          0x00005616      0x1f4 /usr/lib/gcc/avr/4.3.5/avr51/libgcc.a(_mul_sf.o)
                0x00005616                __mulsf3
 .text          0x0000580a      0x158 /usr/lib/gcc/avr/4.3.5/avr51/libgcc.a(_div_sf.o)
                0x0000580a                __divsf3
 .text          0x00005962       0xa8 /usr/lib/gcc/avr/4.3.5/avr51/libgcc.a(_sf_to_si.o)
                0x00005962                __fixsfsi
 .text          0x00005a0a        0x0 /usr/lib/gcc/avr/4.3.5/avr51/libgcc.a(_thenan_sf.o)
 .text          0x00005a0a      0x1aa /usr/lib/gcc/avr/4.3.5/avr51/libgcc.a(_pack_sf.o)
                0x00005a0a                __pack_f
 .text          0x00005bb4       0xf0 /usr/lib/gcc/avr/4.3.5/avr51/libgcc.a(_unpack_sf.o)
                0x00005bb4                __unpack_f
 .text          0x00005ca4        0x0 /usr/lib/gcc/avr/4.3.5/../../../avr/lib/avr51/libc.a(atoi.o)
 .text          0x00005ca4        0x0 /usr/lib/gcc/avr/4.3.5/../../../avr/lib/avr51/libc.a(itoa.o)
 .text          0x00005ca4        0x0 /usr/lib/gcc/avr/4.3.5/../../../avr/lib/avr51/libc.a(mul10.o)
 .text          0x00005ca4        0x0 /usr/lib/gcc/avr/4.3.5/../../../avr/lib/avr51/libc.a(strrev.o)
                0x00005ca4                . = ALIGN (0x2)
 *(.text.*)
 .text.libgcc   0x00005ca4       0x3e /usr/lib/gcc/avr/4.3.5/avr51/libgcc.a(_mulsi3.o)
                0x00005ca4                __mulsi3
 .text.libgcc   0x00005ce2       0x18 /usr/lib/gcc/avr/4.3.5/avr51/libgcc.a(_udivmodqi4.o)
                0x00005ce2                __udivmodqi4
 .text.libgcc   0x00005cfa       0x28 /usr/lib/gcc/avr/4.3.5/avr51/libgcc.a(_udivmodhi4.o)
                0x00005cfa                __udivmodhi4
 .text.libgcc   0x00005d22       0x26 /usr/lib/gcc/avr/4.3.5/avr51/libgcc.a(_divmodhi4.o)
                0x00005d22                __divmodhi4
                0x00005d22                _div
 .text.libgcc   0x00005d48       0x44 /usr/lib/gcc/avr/4.3.5/avr51/libgcc.a(_udivmodsi4.o)
                0x00005d48                __udivmodsi4
 .text.libgcc   0x00005d8c       0x38 /usr/lib/gcc/avr/4.3.5/avr51/libgcc.a(_prologue.o)
                0x00005d8c                __prologue_saves__
 .text.libgcc   0x00005dc4       0x36 /usr/lib/gcc/avr/4.3.5/avr51/libgcc.a(_epilogue.o)
                0x00005dc4                __epilogue_restores__
 .text.libgcc   0x00005dfa        0x0 /usr/lib/gcc/avr/4.3.5/avr51/libgcc.a(_exit.o)
 .text.libgcc   0x00005dfa        0xc /usr/lib/gcc/avr/4.3.5/avr51/libgcc.a(_tablejump.o)
                0x00005dfa                __tablejump2__
                0x00005dfe                __tablejump__
 .text.libgcc   0x00005e06        0x0 /usr/lib/gcc/avr/4.3.5/avr51/libgcc.a(_clear_bss.o)
 .text.avr-libc
                0x00005e06       0x3c /usr/lib/gcc/avr/4.3.5/../../../avr/lib/avr51/libc.a(atoi.o)
                0x00005e06                atoi
 .text.avr-libc
                0x00005e42       0x42 /usr/lib/gcc/avr/4.3.5/../../../avr/lib/avr51/libc.a(itoa.o)
                0x00005e42                itoa
 .text.avr-libc
                0x00005e84       0x10 /usr/lib/gcc/avr/4.3.5/../../../avr/lib/avr51/libc.a(mul10.o)
                0x00005e84                __mulhi_const_10
 .text.avr-libc
                0x00005e94       0x20 /usr/lib/gcc/avr/4.3.5/../../../avr/lib/avr51/libc.a(strrev.o)
                0x00005e94                strrev
                0x00005eb4                . = ALIGN (0x2)
 *(.fini9)
 .fini9         0x00005eb4        0x0 /usr/lib/gcc/avr/4.3.5/avr51/libgcc.a(_exit.o)
                0x00005eb4                exit
                0x00005eb4                _exit
 *(.fini9)
 *(.fini8)
 *(.fini8)
 *(.fini7)
 *(.fini7)
 *(.fini6)
 *(.fini6)
 *(.fini5)
 *(.fini5)
 *(.fini4)
 *(.fini4)
 *(.fini3)
 *(.fini3)
 *(.fini2)
 *(.fini2)
 *(.fini1)
 *(.fini1)
 *(.fini0)
 .fini0         0x00005eb4        0x4 /usr/lib/gcc/avr/4.3.5/avr51/libgcc.a(_exit.o)
 *(.fini0)
                0x00005eb8                _etext = .

.data           0x00800100      0x1ba load address 0x00005eb8
                0x00800100                PROVIDE (__data_start, .)
 *(.data)
 .data          0x00800100        0x0 /usr/lib/gcc/avr/4.3.5/../../../avr/lib/avr51/crtcan128.o
 .data          0x00800100        0x3 main.o
 .data          0x00800103        0x0 uart.o
 .data          0x00800103        0xb sdcard_fs_driver/ff.o
 .data          0x0080010e        0x1 sdcard_fs_driver/mmc.o
 .data          0x0080010f        0x0 sdcard_fs_driver/rtc.o
 .data          0x0080010f        0x0 can_std/can_drv.o
 .data          0x0080010f        0x0 can_std/can_lib.o
 .data          0x0080010f        0x0 can_func.o
 .data          0x0080010f       0x59 isr.o
 .data          0x00800168        0x0 error.o
 .data          0x00800168        0x3 comm.o
 .data          0x0080016b        0x0 twi/twi.o
 .data          0x0080016b        0x0 log.o
 .data          0x0080016b      0x146 ecu.o
                0x0080016b                EcuData
 .data          0x008002b1        0x0 can_new.o
 .data          0x008002b1        0x0 test_vars.o
 .data          0x008002b1        0x0 xitoa.o
 .data          0x008002b1        0x0 /usr/lib/gcc/avr/4.3.5/avr51/libgcc.a(_mulsi3.o)
 .data          0x008002b1        0x0 /usr/lib/gcc/avr/4.3.5/avr51/libgcc.a(_udivmodqi4.o)
 .data          0x008002b1        0x0 /usr/lib/gcc/avr/4.3.5/avr51/libgcc.a(_udivmodhi4.o)
 .data          0x008002b1        0x0 /usr/lib/gcc/avr/4.3.5/avr51/libgcc.a(_divmodhi4.o)
 .data          0x008002b1        0x0 /usr/lib/gcc/avr/4.3.5/avr51/libgcc.a(_udivmodsi4.o)
 .data          0x008002b1        0x0 /usr/lib/gcc/avr/4.3.5/avr51/libgcc.a(_prologue.o)
 .data          0x008002b1        0x0 /usr/lib/gcc/avr/4.3.5/avr51/libgcc.a(_epilogue.o)
 .data          0x008002b1        0x0 /usr/lib/gcc/avr/4.3.5/avr51/libgcc.a(_exit.o)
 .data          0x008002b1        0x0 /usr/lib/gcc/avr/4.3.5/avr51/libgcc.a(_tablejump.o)
 .data          0x008002b1        0x0 /usr/lib/gcc/avr/4.3.5/avr51/libgcc.a(_clear_bss.o)
 .data          0x008002b1        0x0 /usr/lib/gcc/avr/4.3.5/avr51/libgcc.a(_addsub_sf.o)
 .data          0x008002b1        0x0 /usr/lib/gcc/avr/4.3.5/avr51/libgcc.a(_mul_sf.o)
 .data          0x008002b1        0x0 /usr/lib/gcc/avr/4.3.5/avr51/libgcc.a(_div_sf.o)
 .data          0x008002b1        0x0 /usr/lib/gcc/avr/4.3.5/avr51/libgcc.a(_sf_to_si.o)
 .data          0x008002b1        0x8 /usr/lib/gcc/avr/4.3.5/avr51/libgcc.a(_thenan_sf.o)
                0x008002b1                __thenan_sf
 .data          0x008002b9        0x0 /usr/lib/gcc/avr/4.3.5/avr51/libgcc.a(_pack_sf.o)
 .data          0x008002b9        0x0 /usr/lib/gcc/avr/4.3.5/avr51/libgcc.a(_unpack_sf.o)
 .data          0x008002b9        0x0 /usr/lib/gcc/avr/4.3.5/../../../avr/lib/avr51/libc.a(atoi.o)
 .data          0x008002b9        0x0 /usr/lib/gcc/avr/4.3.5/../../../avr/lib/avr51/libc.a(itoa.o)
 .data          0x008002b9        0x0 /usr/lib/gcc/avr/4.3.5/../../../avr/lib/avr51/libc.a(mul10.o)
 .data          0x008002b9        0x0 /usr/lib/gcc/avr/4.3.5/../../../avr/lib/avr51/libc.a(strrev.o)
 *(.data*)
 *(.rodata)
 *(.rodata*)
 *(.gnu.linkonce.d*)
                0x008002ba                . = ALIGN (0x2)
 *fill*         0x008002b9        0x1 00
                0x008002ba                _edata = .
                0x008002ba                PROVIDE (__data_end, .)

.bss            0x008002ba      0x73a
                0x008002ba                PROVIDE (__bss_start, .)
 *(.bss)
 .bss           0x008002ba        0x0 /usr/lib/gcc/avr/4.3.5/../../../avr/lib/avr51/crtcan128.o
 .bss           0x008002ba        0x0 main.o
 .bss           0x008002ba        0x0 uart.o
 .bss           0x008002ba        0x5 sdcard_fs_driver/ff.o
 .bss           0x008002bf        0x3 sdcard_fs_driver/mmc.o
 .bss           0x008002c2        0x0 sdcard_fs_driver/rtc.o
 .bss           0x008002c2        0x0 can_std/can_drv.o
 .bss           0x008002c2        0x0 can_std/can_lib.o
 .bss           0x008002c2        0x1 can_func.o
                0x008002c2                bufferindex
 .bss           0x008002c3        0x6 isr.o
                0x008002c3                RecIndex
                0x008002c5                testvar
                0x008002c7                xbee_sending
                0x008002c8                nextId
 .bss           0x008002c9        0x2 error.o
                0x008002c9                EcuCommError
                0x008002ca                EcuErrorTmp
 .bss           0x008002cb        0x1 comm.o
                0x008002cb                xbee_seq_index
 .bss           0x008002cc        0x0 twi/twi.o
 .bss           0x008002cc        0x0 log.o
 .bss           0x008002cc        0x0 ecu.o
 .bss           0x008002cc        0x0 can_new.o
 .bss           0x008002cc        0x2 test_vars.o
                0x008002cc                tIntReg
 .bss           0x008002ce        0x2 xitoa.o
                0x008002ce                xfunc_out
 .bss           0x008002d0        0x0 /usr/lib/gcc/avr/4.3.5/avr51/libgcc.a(_mulsi3.o)
 .bss           0x008002d0        0x0 /usr/lib/gcc/avr/4.3.5/avr51/libgcc.a(_udivmodqi4.o)
 .bss           0x008002d0        0x0 /usr/lib/gcc/avr/4.3.5/avr51/libgcc.a(_udivmodhi4.o)
 .bss           0x008002d0        0x0 /usr/lib/gcc/avr/4.3.5/avr51/libgcc.a(_divmodhi4.o)
 .bss           0x008002d0        0x0 /usr/lib/gcc/avr/4.3.5/avr51/libgcc.a(_udivmodsi4.o)
 .bss           0x008002d0        0x0 /usr/lib/gcc/avr/4.3.5/avr51/libgcc.a(_prologue.o)
 .bss           0x008002d0        0x0 /usr/lib/gcc/avr/4.3.5/avr51/libgcc.a(_epilogue.o)
 .bss           0x008002d0        0x0 /usr/lib/gcc/avr/4.3.5/avr51/libgcc.a(_exit.o)
 .bss           0x008002d0        0x0 /usr/lib/gcc/avr/4.3.5/avr51/libgcc.a(_tablejump.o)
 .bss           0x008002d0        0x0 /usr/lib/gcc/avr/4.3.5/avr51/libgcc.a(_clear_bss.o)
 .bss           0x008002d0        0x0 /usr/lib/gcc/avr/4.3.5/avr51/libgcc.a(_addsub_sf.o)
 .bss           0x008002d0        0x0 /usr/lib/gcc/avr/4.3.5/avr51/libgcc.a(_mul_sf.o)
 .bss           0x008002d0        0x0 /usr/lib/gcc/avr/4.3.5/avr51/libgcc.a(_div_sf.o)
 .bss           0x008002d0        0x0 /usr/lib/gcc/avr/4.3.5/avr51/libgcc.a(_sf_to_si.o)
 .bss           0x008002d0        0x0 /usr/lib/gcc/avr/4.3.5/avr51/libgcc.a(_thenan_sf.o)
 .bss           0x008002d0        0x0 /usr/lib/gcc/avr/4.3.5/avr51/libgcc.a(_pack_sf.o)
 .bss           0x008002d0        0x0 /usr/lib/gcc/avr/4.3.5/avr51/libgcc.a(_unpack_sf.o)
 .bss           0x008002d0        0x0 /usr/lib/gcc/avr/4.3.5/../../../avr/lib/avr51/libc.a(atoi.o)
 .bss           0x008002d0        0x0 /usr/lib/gcc/avr/4.3.5/../../../avr/lib/avr51/libc.a(itoa.o)
 .bss           0x008002d0        0x0 /usr/lib/gcc/avr/4.3.5/../../../avr/lib/avr51/libc.a(mul10.o)
 .bss           0x008002d0        0x0 /usr/lib/gcc/avr/4.3.5/../../../avr/lib/avr51/libc.a(strrev.o)
 *(.bss*)
 *(COMMON)
 COMMON         0x008002d0      0x6d2 main.o
                0x008002d0                Fatfs
                0x00800502                Finfo
                0x00800518                acc_dirs
                0x0080051a                acc_files
                0x0080051c                Timer
                0x0080051e                Buff
                0x0080091e                acc_size
                0x00800922                xbee_q
 COMMON         0x008009a2       0x52 can_func.o
                0x008009a2                tx_remote_buffer
                0x008009aa                response_buffer
                0x008009ba                tx_remote_msg
                0x008009c8                databuffer
                0x008009d8                response_msg
                0x008009f4                PROVIDE (__bss_end, .)
                0x00005eb8                __data_load_start = LOADADDR (.data)
                0x00006072                __data_load_end = (__data_load_start + SIZEOF (.data))

.noinit         0x008009f4        0x0
                0x008009f4                PROVIDE (__noinit_start, .)
 *(.noinit*)
                0x008009f4                PROVIDE (__noinit_end, .)
                0x008009f4                _end = .
                0x008009f4                PROVIDE (__heap_start, .)

.eeprom         0x00810000        0x0
 *(.eeprom*)
                0x00810000                __eeprom_end = .

.fuse
 *(.fuse)
 *(.lfuse)
 *(.hfuse)
 *(.efuse)

.lock
 *(.lock*)

.signature
 *(.signature*)

.stab           0x00000000     0x18c0
 *(.stab)
 .stab          0x00000000      0x750 /usr/lib/gcc/avr/4.3.5/../../../avr/lib/avr51/crtcan128.o
 .stab          0x00000750      0xcfc xitoa.o
                                0xd08 (size before relaxing)
 .stab          0x0000144c      0x174 /usr/lib/gcc/avr/4.3.5/../../../avr/lib/avr51/libc.a(atoi.o)
                                0x180 (size before relaxing)
 .stab          0x000015c0      0x1b0 /usr/lib/gcc/avr/4.3.5/../../../avr/lib/avr51/libc.a(itoa.o)
                                0x1bc (size before relaxing)
 .stab          0x00001770       0x78 /usr/lib/gcc/avr/4.3.5/../../../avr/lib/avr51/libc.a(mul10.o)
                                 0x84 (size before relaxing)
 .stab          0x000017e8       0xd8 /usr/lib/gcc/avr/4.3.5/../../../avr/lib/avr51/libc.a(strrev.o)
                                 0xe4 (size before relaxing)

.stabstr        0x00000000      0x152
 *(.stabstr)
 .stabstr       0x00000000      0x152 /usr/lib/gcc/avr/4.3.5/../../../avr/lib/avr51/crtcan128.o

.stab.excl
 *(.stab.excl)

.stab.exclstr
 *(.stab.exclstr)

.stab.index
 *(.stab.index)

.stab.indexstr
 *(.stab.indexstr)

.comment
 *(.comment)

.debug
 *(.debug)

.line
 *(.line)

.debug_srcinfo
 *(.debug_srcinfo)

.debug_sfnames
 *(.debug_sfnames)

.debug_aranges  0x00000000      0x1c0
 *(.debug_aranges)
 .debug_aranges
                0x00000000       0x20 main.o
 .debug_aranges
                0x00000020       0x20 uart.o
 .debug_aranges
                0x00000040       0x20 sdcard_fs_driver/ff.o
 .debug_aranges
                0x00000060       0x20 sdcard_fs_driver/mmc.o
 .debug_aranges
                0x00000080       0x20 sdcard_fs_driver/rtc.o
 .debug_aranges
                0x000000a0       0x20 can_std/can_drv.o
 .debug_aranges
                0x000000c0       0x20 can_std/can_lib.o
 .debug_aranges
                0x000000e0       0x20 can_func.o
 .debug_aranges
                0x00000100       0x20 isr.o
 .debug_aranges
                0x00000120       0x20 comm.o
 .debug_aranges
                0x00000140       0x20 twi/twi.o
 .debug_aranges
                0x00000160       0x20 log.o
 .debug_aranges
                0x00000180       0x20 ecu.o
 .debug_aranges
                0x000001a0       0x20 can_new.o

.debug_pubnames
                0x00000000      0x6de
 *(.debug_pubnames)
 .debug_pubnames
                0x00000000       0x94 main.o
 .debug_pubnames
                0x00000094       0xb7 uart.o
 .debug_pubnames
                0x0000014b       0xd0 sdcard_fs_driver/ff.o
 .debug_pubnames
                0x0000021b       0x75 sdcard_fs_driver/mmc.o
 .debug_pubnames
                0x00000290       0x6f sdcard_fs_driver/rtc.o
 .debug_pubnames
                0x000002ff       0x92 can_std/can_drv.o
 .debug_pubnames
                0x00000391       0x3e can_std/can_lib.o
 .debug_pubnames
                0x000003cf       0xce can_func.o
 .debug_pubnames
                0x0000049d       0x82 isr.o
 .debug_pubnames
                0x0000051f       0x33 error.o
 .debug_pubnames
                0x00000552       0x46 comm.o
 .debug_pubnames
                0x00000598       0x54 twi/twi.o
 .debug_pubnames
                0x000005ec       0x34 log.o
 .debug_pubnames
                0x00000620       0x52 ecu.o
 .debug_pubnames
                0x00000672       0x4e can_new.o
 .debug_pubnames
                0x000006c0       0x1e test_vars.o

.debug_info     0x00000000     0x4f27
 *(.debug_info)
 .debug_info    0x00000000      0xce7 main.o
 .debug_info    0x00000ce7      0x2dd uart.o
 .debug_info    0x00000fc4     0x174a sdcard_fs_driver/ff.o
 .debug_info    0x0000270e      0x715 sdcard_fs_driver/mmc.o
 .debug_info    0x00002e23      0x30e sdcard_fs_driver/rtc.o
 .debug_info    0x00003131      0x325 can_std/can_drv.o
 .debug_info    0x00003456      0x30b can_std/can_lib.o
 .debug_info    0x00003761      0x392 can_func.o
 .debug_info    0x00003af3      0x3f2 isr.o
 .debug_info    0x00003ee5       0x9d error.o
 .debug_info    0x00003f82      0x325 comm.o
 .debug_info    0x000042a7      0x12e twi/twi.o
 .debug_info    0x000043d5      0x3dc log.o
 .debug_info    0x000047b1      0x46f ecu.o
 .debug_info    0x00004c20      0x2c8 can_new.o
 .debug_info    0x00004ee8       0x3f test_vars.o
 *(.gnu.linkonce.wi.*)

.debug_abbrev   0x00000000     0x154f
 *(.debug_abbrev)
 .debug_abbrev  0x00000000      0x29a main.o
 .debug_abbrev  0x0000029a      0x161 uart.o
 .debug_abbrev  0x000003fb      0x2f5 sdcard_fs_driver/ff.o
 .debug_abbrev  0x000006f0      0x217 sdcard_fs_driver/mmc.o
 .debug_abbrev  0x00000907      0x136 sdcard_fs_driver/rtc.o
 .debug_abbrev  0x00000a3d      0x101 can_std/can_drv.o
 .debug_abbrev  0x00000b3e      0x146 can_std/can_lib.o
 .debug_abbrev  0x00000c84      0x13e can_func.o
 .debug_abbrev  0x00000dc2      0x13f isr.o
 .debug_abbrev  0x00000f01       0x51 error.o
 .debug_abbrev  0x00000f52       0xff comm.o
 .debug_abbrev  0x00001051       0xd0 twi/twi.o
 .debug_abbrev  0x00001121      0x125 log.o
 .debug_abbrev  0x00001246      0x185 ecu.o
 .debug_abbrev  0x000013cb      0x154 can_new.o
 .debug_abbrev  0x0000151f       0x30 test_vars.o

.debug_line     0x00000000     0x367a
 *(.debug_line)
 .debug_line    0x00000000      0x324 main.o
 .debug_line    0x00000324      0x23b uart.o
 .debug_line    0x0000055f     0x14cf sdcard_fs_driver/ff.o
 .debug_line    0x00001a2e      0x834 sdcard_fs_driver/mmc.o
 .debug_line    0x00002262      0x2ab sdcard_fs_driver/rtc.o
 .debug_line    0x0000250d      0x325 can_std/can_drv.o
 .debug_line    0x00002832      0x402 can_std/can_lib.o
 .debug_line    0x00002c34      0x181 can_func.o
 .debug_line    0x00002db5      0x1c0 isr.o
 .debug_line    0x00002f75       0x57 error.o
 .debug_line    0x00002fcc       0xd6 comm.o
 .debug_line    0x000030a2      0x162 twi/twi.o
 .debug_line    0x00003204       0xbc log.o
 .debug_line    0x000032c0      0x1f3 ecu.o
 .debug_line    0x000034b3      0x17a can_new.o
 .debug_line    0x0000362d       0x4d test_vars.o

.debug_frame    0x00000000      0x5d0
 *(.debug_frame)
 .debug_frame   0x00000000       0x40 main.o
 .debug_frame   0x00000040       0xb0 uart.o
 .debug_frame   0x000000f0      0x170 sdcard_fs_driver/ff.o
 .debug_frame   0x00000260       0xc0 sdcard_fs_driver/mmc.o
 .debug_frame   0x00000320       0x70 sdcard_fs_driver/rtc.o
 .debug_frame   0x00000390       0x70 can_std/can_drv.o
 .debug_frame   0x00000400       0x40 can_std/can_lib.o
 .debug_frame   0x00000440       0x50 can_func.o
 .debug_frame   0x00000490       0x40 isr.o
 .debug_frame   0x000004d0       0x20 comm.o
 .debug_frame   0x000004f0       0x60 twi/twi.o
 .debug_frame   0x00000550       0x20 log.o
 .debug_frame   0x00000570       0x30 ecu.o
 .debug_frame   0x000005a0       0x30 can_new.o

.debug_str      0x00000000      0xeb9
 *(.debug_str)
 .debug_str     0x00000000      0x5be main.o
                                0x651 (size before relaxing)
 .debug_str     0x000005be       0xb8 uart.o
                                0x198 (size before relaxing)
 .debug_str     0x00000676      0x2d6 sdcard_fs_driver/ff.o
                                0x4f2 (size before relaxing)
 .debug_str     0x0000094c       0xf2 sdcard_fs_driver/mmc.o
                                0x240 (size before relaxing)
 .debug_str     0x00000a3e       0x5c sdcard_fs_driver/rtc.o
                                0x185 (size before relaxing)
 .debug_str     0x00000a9a      0x18b can_std/can_drv.o
                                0x267 (size before relaxing)
 .debug_str     0x00000c25       0x5f can_std/can_lib.o
                                0x22b (size before relaxing)
 .debug_str     0x00000c84       0x9e can_func.o
                                0x270 (size before relaxing)
 .debug_str     0x00000d22       0x7f isr.o
                                0x37f (size before relaxing)
 .debug_str     0x00000da1        0x8 error.o
                                 0xed (size before relaxing)
 .debug_str     0x00000da9       0x19 comm.o
                                0x335 (size before relaxing)
 .debug_str     0x00000dc2       0x38 twi/twi.o
                                0x121 (size before relaxing)
 .debug_str     0x00000dfa       0x22 log.o
                                0x2aa (size before relaxing)
 .debug_str     0x00000e1c       0x51 ecu.o
                                0x35e (size before relaxing)
 .debug_str     0x00000e6d       0x40 can_new.o
                                0x228 (size before relaxing)
 .debug_str     0x00000ead        0xc test_vars.o
                                 0x5c (size before relaxing)

.debug_loc      0x00000000     0x3c0d
 *(.debug_loc)
 .debug_loc     0x00000000       0xc8 main.o
 .debug_loc     0x000000c8      0x16c uart.o
 .debug_loc     0x00000234     0x2902 sdcard_fs_driver/ff.o
 .debug_loc     0x00002b36      0x5a7 sdcard_fs_driver/mmc.o
 .debug_loc     0x000030dd      0x1ed sdcard_fs_driver/rtc.o
 .debug_loc     0x000032ca      0x3f7 can_std/can_drv.o
 .debug_loc     0x000036c1      0x287 can_std/can_lib.o
 .debug_loc     0x00003948       0xb8 can_func.o
 .debug_loc     0x00003a00       0x3e isr.o
 .debug_loc     0x00003a3e       0x3b twi/twi.o
 .debug_loc     0x00003a79       0x40 log.o
 .debug_loc     0x00003ab9       0xc8 ecu.o
 .debug_loc     0x00003b81       0x8c can_new.o

.debug_macinfo
 *(.debug_macinfo)
OUTPUT(node1.elf elf32-avr)
LOAD linker stubs

.debug_ranges   0x00000000      0x198
 .debug_ranges  0x00000000       0x48 main.o
 .debug_ranges  0x00000048       0x30 uart.o
 .debug_ranges  0x00000078       0xf0 sdcard_fs_driver/ff.o
 .debug_ranges  0x00000168       0x30 sdcard_fs_driver/mmc.o
