Archive member included because of file (symbol)

/usr/lib/gcc/avr/4.5.3/avr51/libgcc.a(_mulsi3.o)
                              sdcard_fs_driver/ff.o (__mulsi3)
/usr/lib/gcc/avr/4.5.3/avr51/libgcc.a(_udivmodqi4.o)
                              sdcard_fs_driver/rtc.o (__udivmodqi4)
/usr/lib/gcc/avr/4.5.3/avr51/libgcc.a(_udivmodhi4.o)
                              sdcard_fs_driver/rtc.o (__udivmodhi4)
/usr/lib/gcc/avr/4.5.3/avr51/libgcc.a(_divmodhi4.o)
                              isr.o (__divmodhi4)
/usr/lib/gcc/avr/4.5.3/avr51/libgcc.a(_udivmodsi4.o)
                              sdcard_fs_driver/ff.o (__udivmodsi4)
/usr/lib/gcc/avr/4.5.3/avr51/libgcc.a(_prologue.o)
                              main.o (__prologue_saves__)
/usr/lib/gcc/avr/4.5.3/avr51/libgcc.a(_epilogue.o)
                              main.o (__epilogue_restores__)
/usr/lib/gcc/avr/4.5.3/avr51/libgcc.a(_exit.o)
                              /usr/lib/gcc/avr/4.5.3/../../../avr/lib/avr51/crtcan128.o (exit)
/usr/lib/gcc/avr/4.5.3/avr51/libgcc.a(_tablejump.o)
                              sdcard_fs_driver/mmc.o (__tablejump2__)
/usr/lib/gcc/avr/4.5.3/avr51/libgcc.a(_copy_data.o)
                              main.o (__do_copy_data)
/usr/lib/gcc/avr/4.5.3/avr51/libgcc.a(_clear_bss.o)
                              main.o (__do_clear_bss)
/usr/lib/gcc/avr/4.5.3/avr51/libgcc.a(_addsub_sf.o)
                              uart.o (__addsf3)
/usr/lib/gcc/avr/4.5.3/avr51/libgcc.a(_mul_sf.o)
                              uart.o (__mulsf3)
/usr/lib/gcc/avr/4.5.3/avr51/libgcc.a(_div_sf.o)
                              uart.o (__divsf3)
/usr/lib/gcc/avr/4.5.3/avr51/libgcc.a(_sf_to_si.o)
                              uart.o (__fixsfsi)
/usr/lib/gcc/avr/4.5.3/avr51/libgcc.a(_thenan_sf.o)
                              /usr/lib/gcc/avr/4.5.3/avr51/libgcc.a(_addsub_sf.o) (__thenan_sf)
/usr/lib/gcc/avr/4.5.3/avr51/libgcc.a(_pack_sf.o)
                              /usr/lib/gcc/avr/4.5.3/avr51/libgcc.a(_addsub_sf.o) (__pack_f)
/usr/lib/gcc/avr/4.5.3/avr51/libgcc.a(_unpack_sf.o)
                              /usr/lib/gcc/avr/4.5.3/avr51/libgcc.a(_addsub_sf.o) (__unpack_f)
/usr/lib/gcc/avr/4.5.3/../../../avr/lib/avr51/libc.a(atoi.o)
                              log.o (atoi)
/usr/lib/gcc/avr/4.5.3/../../../avr/lib/avr51/libc.a(itoa.o)
                              main.o (itoa)
/usr/lib/gcc/avr/4.5.3/../../../avr/lib/avr51/libc.a(mul10.o)
                              /usr/lib/gcc/avr/4.5.3/../../../avr/lib/avr51/libc.a(atoi.o) (__mulhi_const_10)
/usr/lib/gcc/avr/4.5.3/../../../avr/lib/avr51/libc.a(strrev.o)
                              /usr/lib/gcc/avr/4.5.3/../../../avr/lib/avr51/libc.a(itoa.o) (strrev)

Allocating common symbols
Common symbol       size              file

Fatfs               0x232             main.o
CanSendData         0x8               isr.o
Finfo               0x16              main.o
acc_dirs            0x2               main.o
acc_files           0x2               main.o
Timer               0x2               main.o
Buff                0x400             main.o
tx_remote_msg       0xe               can.o
acc_size            0x4               main.o
xbee_q              0x80              main.o

Memory Configuration

Name             Origin             Length             Attributes
text             0x00000000         0x00020000         xr
data             0x00800100         0x0000ff00         rw !x
eeprom           0x00810000         0x00010000         rw !x
fuse             0x00820000         0x00000400         rw !x
lock             0x00830000         0x00000400         rw !x
signature        0x00840000         0x00000400         rw !x
*default*        0x00000000         0xffffffff

Linker script and memory map

Address of section .data set to 0x800100
LOAD /usr/lib/gcc/avr/4.5.3/../../../avr/lib/avr51/crtcan128.o
LOAD main.o
LOAD uart.o
LOAD sdcard_fs_driver/ff.o
LOAD sdcard_fs_driver/mmc.o
LOAD sdcard_fs_driver/rtc.o
LOAD can_std/can_drv.o
LOAD can_std/can_lib.o
LOAD isr.o
LOAD error.o
LOAD comm.o
LOAD twi/twi.o
LOAD log.o
LOAD ecu.o
LOAD can.o
LOAD xitoa.o
LOAD /usr/lib/gcc/avr/4.5.3/avr51/libgcc.a
LOAD /usr/lib/gcc/avr/4.5.3/../../../avr/lib/avr51/libc.a
LOAD /usr/lib/gcc/avr/4.5.3/avr51/libgcc.a

.hash
 *(.hash)

.dynsym
 *(.dynsym)

.dynstr
 *(.dynstr)

.gnu.version
 *(.gnu.version)

.gnu.version_d
 *(.gnu.version_d)

.gnu.version_r
 *(.gnu.version_r)

.rel.init
 *(.rel.init)

.rela.init
 *(.rela.init)

.rel.text
 *(.rel.text)
 *(.rel.text.*)
 *(.rel.gnu.linkonce.t*)

.rela.text
 *(.rela.text)
 *(.rela.text.*)
 *(.rela.gnu.linkonce.t*)

.rel.fini
 *(.rel.fini)

.rela.fini
 *(.rela.fini)

.rel.rodata
 *(.rel.rodata)
 *(.rel.rodata.*)
 *(.rel.gnu.linkonce.r*)

.rela.rodata
 *(.rela.rodata)
 *(.rela.rodata.*)
 *(.rela.gnu.linkonce.r*)

.rel.data
 *(.rel.data)
 *(.rel.data.*)
 *(.rel.gnu.linkonce.d*)

.rela.data
 *(.rela.data)
 *(.rela.data.*)
 *(.rela.gnu.linkonce.d*)

.rel.ctors
 *(.rel.ctors)

.rela.ctors
 *(.rela.ctors)

.rel.dtors
 *(.rel.dtors)

.rela.dtors
 *(.rela.dtors)

.rel.got
 *(.rel.got)

.rela.got
 *(.rela.got)

.rel.bss
 *(.rel.bss)

.rela.bss
 *(.rela.bss)

.rel.plt
 *(.rel.plt)

.rela.plt
 *(.rela.plt)

.text           0x00000000     0x5b34
 *(.vectors)
 .vectors       0x00000000       0x94 /usr/lib/gcc/avr/4.5.3/../../../avr/lib/avr51/crtcan128.o
                0x00000000                __vectors
                0x00000000                __vector_default
 *(.vectors)
 *(.progmem.gcc*)
 .progmem.gcc_sw_table
                0x00000094       0x1e sdcard_fs_driver/mmc.o
 .progmem.gcc_sw_table
                0x000000b2       0x16 can_std/can_lib.o
 *(.progmem*)
 .progmem.data  0x000000c8       0xbf main.o
                0x00000188                . = ALIGN (0x2)
 *fill*         0x00000187        0x1 00
                0x00000188                __trampolines_start = .
 *(.trampolines)
 .trampolines   0x00000188        0x0 linker stubs
 *(.trampolines*)
                0x00000188                __trampolines_end = .
 *(.jumptables)
 *(.jumptables*)
 *(.lowtext)
 *(.lowtext*)
                0x00000188                __ctors_start = .
 *(.ctors)
                0x00000188                __ctors_end = .
                0x00000188                __dtors_start = .
 *(.dtors)
                0x00000188                __dtors_end = .
 SORT(*)(.ctors)
 SORT(*)(.dtors)
 *(.init0)
 .init0         0x00000188        0x0 /usr/lib/gcc/avr/4.5.3/../../../avr/lib/avr51/crtcan128.o
                0x00000188                __init
 *(.init0)
 *(.init1)
 *(.init1)
 *(.init2)
 .init2         0x00000188        0xc /usr/lib/gcc/avr/4.5.3/../../../avr/lib/avr51/crtcan128.o
 *(.init2)
 *(.init3)
 *(.init3)
 *(.init4)
 .init4         0x00000194       0x1a /usr/lib/gcc/avr/4.5.3/avr51/libgcc.a(_copy_data.o)
                0x00000194                __do_copy_data
 .init4         0x000001ae       0x10 /usr/lib/gcc/avr/4.5.3/avr51/libgcc.a(_clear_bss.o)
                0x000001ae                __do_clear_bss
 *(.init4)
 *(.init5)
 *(.init5)
 *(.init6)
 *(.init6)
 *(.init7)
 *(.init7)
 *(.init8)
 *(.init8)
 *(.init9)
 .init9         0x000001be        0x8 /usr/lib/gcc/avr/4.5.3/../../../avr/lib/avr51/crtcan128.o
 *(.init9)
 *(.text)
 .text          0x000001c6        0x4 /usr/lib/gcc/avr/4.5.3/../../../avr/lib/avr51/crtcan128.o
                0x000001c6                __vector_22
                0x000001c6                __vector_28
                0x000001c6                __vector_1
                0x000001c6                __vector_32
                0x000001c6                __vector_34
                0x000001c6                __vector_24
                0x000001c6                __vector_12
                0x000001c6                __bad_interrupt
                0x000001c6                __vector_6
                0x000001c6                __vector_31
                0x000001c6                __vector_35
                0x000001c6                __vector_3
                0x000001c6                __vector_23
                0x000001c6                __vector_30
                0x000001c6                __vector_25
                0x000001c6                __vector_11
                0x000001c6                __vector_13
                0x000001c6                __vector_17
                0x000001c6                __vector_19
                0x000001c6                __vector_7
                0x000001c6                __vector_27
                0x000001c6                __vector_5
                0x000001c6                __vector_4
                0x000001c6                __vector_2
                0x000001c6                __vector_15
                0x000001c6                __vector_36
                0x000001c6                __vector_29
                0x000001c6                __vector_8
                0x000001c6                __vector_26
                0x000001c6                __vector_14
                0x000001c6                __vector_10
                0x000001c6                __vector_20
 .text          0x000001ca      0x466 main.o
                0x000001ca                __vector_9
                0x0000022c                get_fattime
                0x000002e8                main
 .text          0x00000630      0x1b6 uart.o
                0x00000630                USART0_Transmit
                0x0000063e                USART1_Transmit
                0x0000064c                USART_set_baud_rate
                0x00000738                uart_init
                0x00000764                uart_get
                0x00000772                uart_put_test
                0x0000078a                uart_put
                0x00000790                uart_puts
                0x000007b8                uart1_put
                0x000007be                uart1_puts
 .text          0x000007e6     0x21ac sdcard_fs_driver/ff.o
                0x0000099a                get_fat
                0x00000b04                put_fat
                0x00000e34                clust2sect
                0x00001470                chk_mounted
                0x0000184a                f_mount
                0x0000187c                f_open
                0x00001c2e                f_read
                0x00001e8a                f_write
                0x000021a8                f_sync
                0x00002312                f_close
                0x0000232e                f_chdrive
                0x00002344                f_chdir
                0x000023f0                f_lseek
                0x00002752                f_opendir
                0x00002802                f_readdir
 .text          0x00002992      0x80a sdcard_fs_driver/mmc.o
                0x00002bba                disk_initialize
                0x00002d0c                disk_status
                0x00002d1a                disk_read
                0x00002dc6                disk_write
                0x00002eb2                disk_ioctl
                0x0000317e                disk_timerproc
 .text          0x0000319c      0x2de sdcard_fs_driver/rtc.o
                0x0000319c                RTC_write
                0x00003218                rtc_clearHaltBit
                0x00003240                RTC_read
                0x000032f8                rtc_gettime
                0x000033d8                rtc_settime
                0x00003470                rtc_init
 .text          0x0000347a      0x368 can_std/can_drv.o
                0x0000347a                can_clear_all_mob
                0x0000349a                can_get_mob_free
                0x000034c6                can_get_mob_status
                0x000034ec                can_get_data
                0x00003514                can_auto_baudrate
                0x000037c8                can_fixed_baudrate
 .text          0x000037e2      0xc18 can_std/can_lib.o
                0x000037e2                can_init
                0x00003800                can_cmd
                0x000042d8                can_get_status
 .text          0x000043fa      0x3ce isr.o
                0x000043fa                __vector_16
                0x000044da                __vector_21
                0x000046ea                __vector_33
 .text          0x000047c8        0x0 error.o
 .text          0x000047c8       0x3e comm.o
                0x000047c8                xbee_send_trigger
 .text          0x00004806       0x7e twi/twi.o
                0x00004806                TWI_init
                0x00004818                TWI_start
                0x0000484c                TWI_send
                0x00004860                TWI_rcvr
                0x0000487c                TWI_stop
 .text          0x00004884       0x4a log.o
                0x00004884                get_free_log_number
 .text          0x000048ce      0x174 ecu.o
                0x000048ce                ecu_val_to_xbee
                0x00004986                ecu_data_handler
 .text          0x00004a42      0x318 can.o
                0x00004a42                __vector_18
                0x00004ca4                can_send_non_blocking
                0x00004ce6                can_update_rx_msg
                0x00004d0e                can_config_rx_mailbox
 .text          0x00004d5a      0x214 xitoa.o
                0x00004d5a                xputc
                0x00004d78                xputs
                0x00004d86                xitoa
                0x00004dfc                xprintf
                0x00004eb8                xatoi
 .text          0x00004f6e        0x0 /usr/lib/gcc/avr/4.5.3/avr51/libgcc.a(_mulsi3.o)
 .text          0x00004f6e        0x0 /usr/lib/gcc/avr/4.5.3/avr51/libgcc.a(_udivmodqi4.o)
 .text          0x00004f6e        0x0 /usr/lib/gcc/avr/4.5.3/avr51/libgcc.a(_udivmodhi4.o)
 .text          0x00004f6e        0x0 /usr/lib/gcc/avr/4.5.3/avr51/libgcc.a(_divmodhi4.o)
 .text          0x00004f6e        0x0 /usr/lib/gcc/avr/4.5.3/avr51/libgcc.a(_udivmodsi4.o)
 .text          0x00004f6e        0x0 /usr/lib/gcc/avr/4.5.3/avr51/libgcc.a(_prologue.o)
 .text          0x00004f6e        0x0 /usr/lib/gcc/avr/4.5.3/avr51/libgcc.a(_epilogue.o)
 .text          0x00004f6e        0x0 /usr/lib/gcc/avr/4.5.3/avr51/libgcc.a(_exit.o)
 .text          0x00004f6e        0x0 /usr/lib/gcc/avr/4.5.3/avr51/libgcc.a(_tablejump.o)
 .text          0x00004f6e        0x0 /usr/lib/gcc/avr/4.5.3/avr51/libgcc.a(_copy_data.o)
 .text          0x00004f6e        0x0 /usr/lib/gcc/avr/4.5.3/avr51/libgcc.a(_clear_bss.o)
 .text          0x00004f6e      0x350 /usr/lib/gcc/avr/4.5.3/avr51/libgcc.a(_addsub_sf.o)
                0x00005202                __addsf3
                0x0000525c                __subsf3
 .text          0x000052be      0x1f4 /usr/lib/gcc/avr/4.5.3/avr51/libgcc.a(_mul_sf.o)
                0x000052be                __mulsf3
 .text          0x000054b2      0x15c /usr/lib/gcc/avr/4.5.3/avr51/libgcc.a(_div_sf.o)
                0x000054b2                __divsf3
 .text          0x0000560e       0xa4 /usr/lib/gcc/avr/4.5.3/avr51/libgcc.a(_sf_to_si.o)
                0x0000560e                __fixsfsi
 .text          0x000056b2        0x0 /usr/lib/gcc/avr/4.5.3/avr51/libgcc.a(_thenan_sf.o)
 .text          0x000056b2      0x19c /usr/lib/gcc/avr/4.5.3/avr51/libgcc.a(_pack_sf.o)
                0x000056b2                __pack_f
 .text          0x0000584e       0xd2 /usr/lib/gcc/avr/4.5.3/avr51/libgcc.a(_unpack_sf.o)
                0x0000584e                __unpack_f
 .text          0x00005920        0x0 /usr/lib/gcc/avr/4.5.3/../../../avr/lib/avr51/libc.a(atoi.o)
 .text          0x00005920        0x0 /usr/lib/gcc/avr/4.5.3/../../../avr/lib/avr51/libc.a(itoa.o)
 .text          0x00005920        0x0 /usr/lib/gcc/avr/4.5.3/../../../avr/lib/avr51/libc.a(mul10.o)
 .text          0x00005920        0x0 /usr/lib/gcc/avr/4.5.3/../../../avr/lib/avr51/libc.a(strrev.o)
                0x00005920                . = ALIGN (0x2)
 *(.text.*)
 .text.libgcc   0x00005920       0x3e /usr/lib/gcc/avr/4.5.3/avr51/libgcc.a(_mulsi3.o)
                0x00005920                __mulsi3
 .text.libgcc   0x0000595e       0x18 /usr/lib/gcc/avr/4.5.3/avr51/libgcc.a(_udivmodqi4.o)
                0x0000595e                __udivmodqi4
 .text.libgcc   0x00005976       0x28 /usr/lib/gcc/avr/4.5.3/avr51/libgcc.a(_udivmodhi4.o)
                0x00005976                __udivmodhi4
 .text.libgcc   0x0000599e       0x26 /usr/lib/gcc/avr/4.5.3/avr51/libgcc.a(_divmodhi4.o)
                0x0000599e                __divmodhi4
                0x0000599e                _div
 .text.libgcc   0x000059c4       0x44 /usr/lib/gcc/avr/4.5.3/avr51/libgcc.a(_udivmodsi4.o)
                0x000059c4                __udivmodsi4
 .text.libgcc   0x00005a08       0x38 /usr/lib/gcc/avr/4.5.3/avr51/libgcc.a(_prologue.o)
                0x00005a08                __prologue_saves__
 .text.libgcc   0x00005a40       0x36 /usr/lib/gcc/avr/4.5.3/avr51/libgcc.a(_epilogue.o)
                0x00005a40                __epilogue_restores__
 .text.libgcc   0x00005a76        0x0 /usr/lib/gcc/avr/4.5.3/avr51/libgcc.a(_exit.o)
 .text.libgcc   0x00005a76        0xc /usr/lib/gcc/avr/4.5.3/avr51/libgcc.a(_tablejump.o)
                0x00005a76                __tablejump2__
                0x00005a7a                __tablejump__
 .text.libgcc   0x00005a82        0x0 /usr/lib/gcc/avr/4.5.3/avr51/libgcc.a(_copy_data.o)
 .text.libgcc   0x00005a82        0x0 /usr/lib/gcc/avr/4.5.3/avr51/libgcc.a(_clear_bss.o)
 .text.avr-libc
                0x00005a82       0x3c /usr/lib/gcc/avr/4.5.3/../../../avr/lib/avr51/libc.a(atoi.o)
                0x00005a82                atoi
 .text.avr-libc
                0x00005abe       0x42 /usr/lib/gcc/avr/4.5.3/../../../avr/lib/avr51/libc.a(itoa.o)
                0x00005abe                itoa
 .text.avr-libc
                0x00005b00       0x10 /usr/lib/gcc/avr/4.5.3/../../../avr/lib/avr51/libc.a(mul10.o)
                0x00005b00                __mulhi_const_10
 .text.avr-libc
                0x00005b10       0x20 /usr/lib/gcc/avr/4.5.3/../../../avr/lib/avr51/libc.a(strrev.o)
                0x00005b10                strrev
                0x00005b30                . = ALIGN (0x2)
 *(.fini9)
 .fini9         0x00005b30        0x0 /usr/lib/gcc/avr/4.5.3/avr51/libgcc.a(_exit.o)
                0x00005b30                exit
                0x00005b30                _exit
 *(.fini9)
 *(.fini8)
 *(.fini8)
 *(.fini7)
 *(.fini7)
 *(.fini6)
 *(.fini6)
 *(.fini5)
 *(.fini5)
 *(.fini4)
 *(.fini4)
 *(.fini3)
 *(.fini3)
 *(.fini2)
 *(.fini2)
 *(.fini1)
 *(.fini1)
 *(.fini0)
 .fini0         0x00005b30        0x4 /usr/lib/gcc/avr/4.5.3/avr51/libgcc.a(_exit.o)
 *(.fini0)
                0x00005b34                _etext = .

.data           0x00800100      0x2ac load address 0x00005b34
                0x00800100                PROVIDE (__data_start, .)
 *(.data)
 .data          0x00800100        0x0 /usr/lib/gcc/avr/4.5.3/../../../avr/lib/avr51/crtcan128.o
 .data          0x00800100        0x3 main.o
 .data          0x00800103        0x0 uart.o
 .data          0x00800103        0xb sdcard_fs_driver/ff.o
 .data          0x0080010e        0x1 sdcard_fs_driver/mmc.o
 .data          0x0080010f        0x0 sdcard_fs_driver/rtc.o
 .data          0x0080010f        0x0 can_std/can_drv.o
 .data          0x0080010f        0x0 can_std/can_lib.o
 .data          0x0080010f       0xeb isr.o
                0x0080010f                RecCount
 .data          0x008001fa        0x0 error.o
 .data          0x008001fa        0x3 comm.o
 .data          0x008001fd        0x0 twi/twi.o
 .data          0x008001fd        0x0 log.o
 .data          0x008001fd      0x150 ecu.o
                0x008001fd                EcuData
 .data          0x0080034d       0x56 can.o
 .data          0x008003a3        0x0 xitoa.o
 .data          0x008003a3        0x0 /usr/lib/gcc/avr/4.5.3/avr51/libgcc.a(_mulsi3.o)
 .data          0x008003a3        0x0 /usr/lib/gcc/avr/4.5.3/avr51/libgcc.a(_udivmodqi4.o)
 .data          0x008003a3        0x0 /usr/lib/gcc/avr/4.5.3/avr51/libgcc.a(_udivmodhi4.o)
 .data          0x008003a3        0x0 /usr/lib/gcc/avr/4.5.3/avr51/libgcc.a(_divmodhi4.o)
 .data          0x008003a3        0x0 /usr/lib/gcc/avr/4.5.3/avr51/libgcc.a(_udivmodsi4.o)
 .data          0x008003a3        0x0 /usr/lib/gcc/avr/4.5.3/avr51/libgcc.a(_prologue.o)
 .data          0x008003a3        0x0 /usr/lib/gcc/avr/4.5.3/avr51/libgcc.a(_epilogue.o)
 .data          0x008003a3        0x0 /usr/lib/gcc/avr/4.5.3/avr51/libgcc.a(_exit.o)
 .data          0x008003a3        0x0 /usr/lib/gcc/avr/4.5.3/avr51/libgcc.a(_tablejump.o)
 .data          0x008003a3        0x0 /usr/lib/gcc/avr/4.5.3/avr51/libgcc.a(_copy_data.o)
 .data          0x008003a3        0x0 /usr/lib/gcc/avr/4.5.3/avr51/libgcc.a(_clear_bss.o)
 .data          0x008003a3        0x0 /usr/lib/gcc/avr/4.5.3/avr51/libgcc.a(_addsub_sf.o)
 .data          0x008003a3        0x0 /usr/lib/gcc/avr/4.5.3/avr51/libgcc.a(_mul_sf.o)
 .data          0x008003a3        0x0 /usr/lib/gcc/avr/4.5.3/avr51/libgcc.a(_div_sf.o)
 .data          0x008003a3        0x0 /usr/lib/gcc/avr/4.5.3/avr51/libgcc.a(_sf_to_si.o)
 .data          0x008003a3        0x8 /usr/lib/gcc/avr/4.5.3/avr51/libgcc.a(_thenan_sf.o)
                0x008003a3                __thenan_sf
 .data          0x008003ab        0x0 /usr/lib/gcc/avr/4.5.3/avr51/libgcc.a(_pack_sf.o)
 .data          0x008003ab        0x0 /usr/lib/gcc/avr/4.5.3/avr51/libgcc.a(_unpack_sf.o)
 .data          0x008003ab        0x0 /usr/lib/gcc/avr/4.5.3/../../../avr/lib/avr51/libc.a(atoi.o)
 .data          0x008003ab        0x0 /usr/lib/gcc/avr/4.5.3/../../../avr/lib/avr51/libc.a(itoa.o)
 .data          0x008003ab        0x0 /usr/lib/gcc/avr/4.5.3/../../../avr/lib/avr51/libc.a(mul10.o)
 .data          0x008003ab        0x0 /usr/lib/gcc/avr/4.5.3/../../../avr/lib/avr51/libc.a(strrev.o)
 *(.data*)
 *(.rodata)
 *(.rodata*)
 *(.gnu.linkonce.d*)
                0x008003ac                . = ALIGN (0x2)
 *fill*         0x008003ab        0x1 00
                0x008003ac                _edata = .
                0x008003ac                PROVIDE (__data_end, .)

.bss            0x008003ac      0x6ff
                0x008003ac                PROVIDE (__bss_start, .)
 *(.bss)
 .bss           0x008003ac        0x0 /usr/lib/gcc/avr/4.5.3/../../../avr/lib/avr51/crtcan128.o
 .bss           0x008003ac        0x0 main.o
 .bss           0x008003ac        0x0 uart.o
 .bss           0x008003ac        0x5 sdcard_fs_driver/ff.o
 .bss           0x008003b1        0x3 sdcard_fs_driver/mmc.o
 .bss           0x008003b4        0x0 sdcard_fs_driver/rtc.o
 .bss           0x008003b4        0x0 can_std/can_drv.o
 .bss           0x008003b4        0x0 can_std/can_lib.o
 .bss           0x008003b4        0xa isr.o
                0x008003b4                RecIndex
                0x008003b6                RecJ
                0x008003b7                RecXbeeSend
                0x008003b8                RecCanSend
                0x008003b9                CanDataIndex
                0x008003ba                testvar
                0x008003bc                xbee_sending
                0x008003bd                nextId
 .bss           0x008003be        0x2 error.o
                0x008003be                EcuCommError
                0x008003bf                EcuErrorTmp
 .bss           0x008003c0        0x1 comm.o
                0x008003c0                xbee_seq_index
 .bss           0x008003c1        0x0 twi/twi.o
 .bss           0x008003c1        0x0 log.o
 .bss           0x008003c1        0x0 ecu.o
 .bss           0x008003c1        0x0 can.o
 .bss           0x008003c1        0x2 xitoa.o
                0x008003c1                xfunc_out
 .bss           0x008003c3        0x0 /usr/lib/gcc/avr/4.5.3/avr51/libgcc.a(_mulsi3.o)
 .bss           0x008003c3        0x0 /usr/lib/gcc/avr/4.5.3/avr51/libgcc.a(_udivmodqi4.o)
 .bss           0x008003c3        0x0 /usr/lib/gcc/avr/4.5.3/avr51/libgcc.a(_udivmodhi4.o)
 .bss           0x008003c3        0x0 /usr/lib/gcc/avr/4.5.3/avr51/libgcc.a(_divmodhi4.o)
 .bss           0x008003c3        0x0 /usr/lib/gcc/avr/4.5.3/avr51/libgcc.a(_udivmodsi4.o)
 .bss           0x008003c3        0x0 /usr/lib/gcc/avr/4.5.3/avr51/libgcc.a(_prologue.o)
 .bss           0x008003c3        0x0 /usr/lib/gcc/avr/4.5.3/avr51/libgcc.a(_epilogue.o)
 .bss           0x008003c3        0x0 /usr/lib/gcc/avr/4.5.3/avr51/libgcc.a(_exit.o)
 .bss           0x008003c3        0x0 /usr/lib/gcc/avr/4.5.3/avr51/libgcc.a(_tablejump.o)
 .bss           0x008003c3        0x0 /usr/lib/gcc/avr/4.5.3/avr51/libgcc.a(_copy_data.o)
 .bss           0x008003c3        0x0 /usr/lib/gcc/avr/4.5.3/avr51/libgcc.a(_clear_bss.o)
 .bss           0x008003c3        0x0 /usr/lib/gcc/avr/4.5.3/avr51/libgcc.a(_addsub_sf.o)
 .bss           0x008003c3        0x0 /usr/lib/gcc/avr/4.5.3/avr51/libgcc.a(_mul_sf.o)
 .bss           0x008003c3        0x0 /usr/lib/gcc/avr/4.5.3/avr51/libgcc.a(_div_sf.o)
 .bss           0x008003c3        0x0 /usr/lib/gcc/avr/4.5.3/avr51/libgcc.a(_sf_to_si.o)
 .bss           0x008003c3        0x0 /usr/lib/gcc/avr/4.5.3/avr51/libgcc.a(_thenan_sf.o)
 .bss           0x008003c3        0x0 /usr/lib/gcc/avr/4.5.3/avr51/libgcc.a(_pack_sf.o)
 .bss           0x008003c3        0x0 /usr/lib/gcc/avr/4.5.3/avr51/libgcc.a(_unpack_sf.o)
 .bss           0x008003c3        0x0 /usr/lib/gcc/avr/4.5.3/../../../avr/lib/avr51/libc.a(atoi.o)
 .bss           0x008003c3        0x0 /usr/lib/gcc/avr/4.5.3/../../../avr/lib/avr51/libc.a(itoa.o)
 .bss           0x008003c3        0x0 /usr/lib/gcc/avr/4.5.3/../../../avr/lib/avr51/libc.a(mul10.o)
 .bss           0x008003c3        0x0 /usr/lib/gcc/avr/4.5.3/../../../avr/lib/avr51/libc.a(strrev.o)
 *(.bss*)
 *(COMMON)
 COMMON         0x008003c3      0x6d2 main.o
                0x008003c3                Fatfs
                0x008005f5                Finfo
                0x0080060b                acc_dirs
                0x0080060d                acc_files
                0x0080060f                Timer
                0x00800611                Buff
                0x00800a11                acc_size
                0x00800a15                xbee_q
 COMMON         0x00800a95        0x8 isr.o
                0x00800a95                CanSendData
 COMMON         0x00800a9d        0xe can.o
                0x00800a9d                tx_remote_msg
                0x00800aab                PROVIDE (__bss_end, .)
                0x00005b34                __data_load_start = LOADADDR (.data)
                0x00005de0                __data_load_end = (__data_load_start + SIZEOF (.data))

.noinit         0x00800aab        0x0
                0x00800aab                PROVIDE (__noinit_start, .)
 *(.noinit*)
                0x00800aab                PROVIDE (__noinit_end, .)
                0x00800aab                _end = .
                0x00800aab                PROVIDE (__heap_start, .)

.eeprom         0x00810000        0x0
 *(.eeprom*)
                0x00810000                __eeprom_end = .

.fuse
 *(.fuse)
 *(.lfuse)
 *(.hfuse)
 *(.efuse)

.lock
 *(.lock*)

.signature
 *(.signature*)

.stab           0x00000000     0x183c
 *(.stab)
 .stab          0x00000000      0x6cc /usr/lib/gcc/avr/4.5.3/../../../avr/lib/avr51/crtcan128.o
 .stab          0x000006cc      0xcfc xitoa.o
                                0xd08 (size before relaxing)
 .stab          0x000013c8      0x174 /usr/lib/gcc/avr/4.5.3/../../../avr/lib/avr51/libc.a(atoi.o)
                                0x180 (size before relaxing)
 .stab          0x0000153c      0x1b0 /usr/lib/gcc/avr/4.5.3/../../../avr/lib/avr51/libc.a(itoa.o)
                                0x1bc (size before relaxing)
 .stab          0x000016ec       0x78 /usr/lib/gcc/avr/4.5.3/../../../avr/lib/avr51/libc.a(mul10.o)
                                 0x84 (size before relaxing)
 .stab          0x00001764       0xd8 /usr/lib/gcc/avr/4.5.3/../../../avr/lib/avr51/libc.a(strrev.o)
                                 0xe4 (size before relaxing)

.stabstr        0x00000000      0x152
 *(.stabstr)
 .stabstr       0x00000000      0x152 /usr/lib/gcc/avr/4.5.3/../../../avr/lib/avr51/crtcan128.o

.stab.excl
 *(.stab.excl)

.stab.exclstr
 *(.stab.exclstr)

.stab.index
 *(.stab.index)

.stab.indexstr
 *(.stab.indexstr)

.comment
 *(.comment)

.debug
 *(.debug)

.line
 *(.line)

.debug_srcinfo
 *(.debug_srcinfo)

.debug_sfnames
 *(.debug_sfnames)

.debug_aranges  0x00000000      0x1a0
 *(.debug_aranges)
 .debug_aranges
                0x00000000       0x20 main.o
 .debug_aranges
                0x00000020       0x20 uart.o
 .debug_aranges
                0x00000040       0x20 sdcard_fs_driver/ff.o
 .debug_aranges
                0x00000060       0x20 sdcard_fs_driver/mmc.o
 .debug_aranges
                0x00000080       0x20 sdcard_fs_driver/rtc.o
 .debug_aranges
                0x000000a0       0x20 can_std/can_drv.o
 .debug_aranges
                0x000000c0       0x20 can_std/can_lib.o
 .debug_aranges
                0x000000e0       0x20 isr.o
 .debug_aranges
                0x00000100       0x20 comm.o
 .debug_aranges
                0x00000120       0x20 twi/twi.o
 .debug_aranges
                0x00000140       0x20 log.o
 .debug_aranges
                0x00000160       0x20 ecu.o
 .debug_aranges
                0x00000180       0x20 can.o

.debug_pubnames
                0x00000000      0x683
 *(.debug_pubnames)
 .debug_pubnames
                0x00000000       0x94 main.o
 .debug_pubnames
                0x00000094       0xb7 uart.o
 .debug_pubnames
                0x0000014b       0xd0 sdcard_fs_driver/ff.o
 .debug_pubnames
                0x0000021b       0x75 sdcard_fs_driver/mmc.o
 .debug_pubnames
                0x00000290       0x6f sdcard_fs_driver/rtc.o
 .debug_pubnames
                0x000002ff       0x92 can_std/can_drv.o
 .debug_pubnames
                0x00000391       0x3e can_std/can_lib.o
 .debug_pubnames
                0x000003cf       0xd8 isr.o
 .debug_pubnames
                0x000004a7       0x33 error.o
 .debug_pubnames
                0x000004da       0x46 comm.o
 .debug_pubnames
                0x00000520       0x54 twi/twi.o
 .debug_pubnames
                0x00000574       0x34 log.o
 .debug_pubnames
                0x000005a8       0x52 ecu.o
 .debug_pubnames
                0x000005fa       0x89 can.o

.debug_info     0x00000000     0x4cb8
 *(.debug_info)
 .debug_info    0x00000000      0xbb1 main.o
 .debug_info    0x00000bb1      0x240 uart.o
 .debug_info    0x00000df1     0x1564 sdcard_fs_driver/ff.o
 .debug_info    0x00002355      0x541 sdcard_fs_driver/mmc.o
 .debug_info    0x00002896      0x312 sdcard_fs_driver/rtc.o
 .debug_info    0x00002ba8      0x336 can_std/can_drv.o
 .debug_info    0x00002ede      0x305 can_std/can_lib.o
 .debug_info    0x000031e3      0x63c isr.o
 .debug_info    0x0000381f       0x9a error.o
 .debug_info    0x000038b9      0x368 comm.o
 .debug_info    0x00003c21      0x130 twi/twi.o
 .debug_info    0x00003d51      0x3eb log.o
 .debug_info    0x0000413c      0x4d8 ecu.o
 .debug_info    0x00004614      0x6a4 can.o
 *(.gnu.linkonce.wi.*)

.debug_abbrev   0x00000000     0x140f
 *(.debug_abbrev)
 .debug_abbrev  0x00000000      0x27c main.o
 .debug_abbrev  0x0000027c       0xec uart.o
 .debug_abbrev  0x00000368      0x30e sdcard_fs_driver/ff.o
 .debug_abbrev  0x00000676      0x1ad sdcard_fs_driver/mmc.o
 .debug_abbrev  0x00000823      0x12f sdcard_fs_driver/rtc.o
 .debug_abbrev  0x00000952      0x114 can_std/can_drv.o
 .debug_abbrev  0x00000a66      0x143 can_std/can_lib.o
 .debug_abbrev  0x00000ba9      0x187 isr.o
 .debug_abbrev  0x00000d30       0x48 error.o
 .debug_abbrev  0x00000d78       0xf6 comm.o
 .debug_abbrev  0x00000e6e       0xc7 twi/twi.o
 .debug_abbrev  0x00000f35      0x13c log.o
 .debug_abbrev  0x00001071      0x1a9 ecu.o
 .debug_abbrev  0x0000121a      0x1f5 can.o

.debug_line     0x00000000     0x3f1a
 *(.debug_line)
 .debug_line    0x00000000      0x34a main.o
 .debug_line    0x0000034a      0x210 uart.o
 .debug_line    0x0000055a     0x1818 sdcard_fs_driver/ff.o
 .debug_line    0x00001d72      0x8cb sdcard_fs_driver/mmc.o
 .debug_line    0x0000263d      0x2c7 sdcard_fs_driver/rtc.o
 .debug_line    0x00002904      0x500 can_std/can_drv.o
 .debug_line    0x00002e04      0x4d3 can_std/can_lib.o
 .debug_line    0x000032d7      0x32d isr.o
 .debug_line    0x00003604       0x57 error.o
 .debug_line    0x0000365b       0xeb comm.o
 .debug_line    0x00003746      0x17a twi/twi.o
 .debug_line    0x000038c0       0xc4 log.o
 .debug_line    0x00003984      0x262 ecu.o
 .debug_line    0x00003be6      0x334 can.o

.debug_frame    0x00000000      0x5f0
 *(.debug_frame)
 .debug_frame   0x00000000       0x40 main.o
 .debug_frame   0x00000040       0xb0 uart.o
 .debug_frame   0x000000f0      0x180 sdcard_fs_driver/ff.o
 .debug_frame   0x00000270      0x100 sdcard_fs_driver/mmc.o
 .debug_frame   0x00000370       0x70 sdcard_fs_driver/rtc.o
 .debug_frame   0x000003e0       0x70 can_std/can_drv.o
 .debug_frame   0x00000450       0x40 can_std/can_lib.o
 .debug_frame   0x00000490       0x40 isr.o
 .debug_frame   0x000004d0       0x20 comm.o
 .debug_frame   0x000004f0       0x60 twi/twi.o
 .debug_frame   0x00000550       0x20 log.o
 .debug_frame   0x00000570       0x30 ecu.o
 .debug_frame   0x000005a0       0x50 can.o

.debug_str      0x00000000      0xeda
 *(.debug_str)
 .debug_str     0x00000000      0x603 main.o
                                0x69b (size before relaxing)
 .debug_str     0x00000603       0xb8 uart.o
                                0x198 (size before relaxing)
 .debug_str     0x000006bb      0x2d6 sdcard_fs_driver/ff.o
                                0x4f2 (size before relaxing)
 .debug_str     0x00000991       0xf8 sdcard_fs_driver/mmc.o
                                0x251 (size before relaxing)
 .debug_str     0x00000a89       0x5c sdcard_fs_driver/rtc.o
                                0x185 (size before relaxing)
 .debug_str     0x00000ae5      0x18b can_std/can_drv.o
                                0x26f (size before relaxing)
 .debug_str     0x00000c70       0x57 can_std/can_lib.o
                                0x238 (size before relaxing)
 .debug_str     0x00000cc7       0xfd isr.o
                                0x422 (size before relaxing)
 .debug_str     0x00000dc4        0x8 error.o
                                 0xed (size before relaxing)
 .debug_str     0x00000dcc       0x19 comm.o
                                0x35a (size before relaxing)
 .debug_str     0x00000de5       0x38 twi/twi.o
                                0x121 (size before relaxing)
 .debug_str     0x00000e1d       0x22 log.o
                                0x2aa (size before relaxing)
 .debug_str     0x00000e3f       0x27 ecu.o
                                0x38f (size before relaxing)
 .debug_str     0x00000e66       0x74 can.o
                                0x4d4 (size before relaxing)

.debug_loc      0x00000000     0x3e11
 *(.debug_loc)
 .debug_loc     0x00000000       0x28 main.o
 .debug_loc     0x00000028      0x145 uart.o
 .debug_loc     0x0000016d     0x272b sdcard_fs_driver/ff.o
 .debug_loc     0x00002898      0x7a0 sdcard_fs_driver/mmc.o
 .debug_loc     0x00003038      0x1ea sdcard_fs_driver/rtc.o
 .debug_loc     0x00003222      0x556 can_std/can_drv.o
 .debug_loc     0x00003778      0x1db can_std/can_lib.o
 .debug_loc     0x00003953       0x9b isr.o
 .debug_loc     0x000039ee       0x47 twi/twi.o
 .debug_loc     0x00003a35       0x89 log.o
 .debug_loc     0x00003abe      0x110 ecu.o
 .debug_loc     0x00003bce      0x243 can.o

.debug_macinfo
 *(.debug_macinfo)
OUTPUT(node1.elf elf32-avr)
LOAD linker stubs

.debug_pubtypes
                0x00000000      0x5f3
 .debug_pubtypes
                0x00000000      0x136 main.o
 .debug_pubtypes
                0x00000136       0x1e uart.o
 .debug_pubtypes
                0x00000154       0xb6 sdcard_fs_driver/ff.o
 .debug_pubtypes
                0x0000020a       0x71 sdcard_fs_driver/mmc.o
 .debug_pubtypes
                0x0000027b       0x41 sdcard_fs_driver/rtc.o
 .debug_pubtypes
                0x000002bc       0x2d can_std/can_drv.o
 .debug_pubtypes
                0x000002e9       0x7e can_std/can_lib.o
 .debug_pubtypes
                0x00000367       0x64 isr.o
 .debug_pubtypes
                0x000003cb       0x19 error.o
 .debug_pubtypes
                0x000003e4       0x5d comm.o
 .debug_pubtypes
                0x00000441       0x27 twi/twi.o
 .debug_pubtypes
                0x00000468       0x79 log.o
 .debug_pubtypes
                0x000004e1       0x64 ecu.o
 .debug_pubtypes
                0x00000545       0xae can.o

.debug_ranges   0x00000000      0x1a0
 .debug_ranges  0x00000000      0x158 sdcard_fs_driver/ff.o
 .debug_ranges  0x00000158       0x18 ecu.o
 .debug_ranges  0x00000170       0x30 can.o
