Archive member included because of file (symbol)

/usr/lib/gcc/avr/4.3.4/../../../avr/lib/avr5/libprintf_flt.a(vfprintf_flt.o)
                              (vfprintf)
/usr/lib/gcc/avr/4.3.4/avr5/libgcc.a(_prologue.o)
                              /usr/lib/gcc/avr/4.3.4/../../../avr/lib/avr5/libprintf_flt.a(vfprintf_flt.o) (__prologue_saves__)
/usr/lib/gcc/avr/4.3.4/avr5/libgcc.a(_epilogue.o)
                              /usr/lib/gcc/avr/4.3.4/../../../avr/lib/avr5/libprintf_flt.a(vfprintf_flt.o) (__epilogue_restores__)
/usr/lib/gcc/avr/4.3.4/avr5/libgcc.a(_exit.o)
                              /usr/lib/gcc/avr/4.3.4/../../../avr/lib/avr5/crtm644p.o (exit)
/usr/lib/gcc/avr/4.3.4/avr5/libgcc.a(_copy_data.o)
                              /usr/lib/gcc/avr/4.3.4/../../../avr/lib/avr5/libprintf_flt.a(vfprintf_flt.o) (__do_copy_data)
/usr/lib/gcc/avr/4.3.4/avr5/libgcc.a(_clear_bss.o)
                              /usr/lib/gcc/avr/4.3.4/../../../avr/lib/avr5/libprintf_flt.a(vfprintf_flt.o) (__do_clear_bss)
/usr/lib/gcc/avr/4.3.4/avr5/libgcc.a(_addsub_sf.o)
                              isr.o (__subsf3)
/usr/lib/gcc/avr/4.3.4/avr5/libgcc.a(_mul_sf.o)
                              isr.o (__mulsf3)
/usr/lib/gcc/avr/4.3.4/avr5/libgcc.a(_gt_sf.o)
                              pressController.o (__gtsf2)
/usr/lib/gcc/avr/4.3.4/avr5/libgcc.a(_lt_sf.o)
                              pressController.o (__ltsf2)
/usr/lib/gcc/avr/4.3.4/avr5/libgcc.a(_si_to_sf.o)
                              pressController.o (__floatsisf)
/usr/lib/gcc/avr/4.3.4/avr5/libgcc.a(_sf_to_si.o)
                              isr.o (__fixsfsi)
/usr/lib/gcc/avr/4.3.4/avr5/libgcc.a(_thenan_sf.o)
                              /usr/lib/gcc/avr/4.3.4/avr5/libgcc.a(_addsub_sf.o) (__thenan_sf)
/usr/lib/gcc/avr/4.3.4/avr5/libgcc.a(_usi_to_sf.o)
                              isr.o (__floatunsisf)
/usr/lib/gcc/avr/4.3.4/avr5/libgcc.a(_clzsi2.o)
                              /usr/lib/gcc/avr/4.3.4/avr5/libgcc.a(_si_to_sf.o) (__clzsi2)
/usr/lib/gcc/avr/4.3.4/avr5/libgcc.a(_pack_sf.o)
                              /usr/lib/gcc/avr/4.3.4/avr5/libgcc.a(_addsub_sf.o) (__pack_f)
/usr/lib/gcc/avr/4.3.4/avr5/libgcc.a(_unpack_sf.o)
                              /usr/lib/gcc/avr/4.3.4/avr5/libgcc.a(_addsub_sf.o) (__unpack_f)
/usr/lib/gcc/avr/4.3.4/avr5/libgcc.a(_fpcmp_parts_sf.o)
                              /usr/lib/gcc/avr/4.3.4/avr5/libgcc.a(_gt_sf.o) (__fpcmp_parts_f)
/usr/lib/gcc/avr/4.3.4/avr5/libgcc.a(_clz.o)
                              /usr/lib/gcc/avr/4.3.4/avr5/libgcc.a(_clzsi2.o) (__clz_tab)
/usr/lib/gcc/avr/4.3.4/../../../avr/lib/avr5/libc.a(ftoa_engine.o)
                              /usr/lib/gcc/avr/4.3.4/../../../avr/lib/avr5/libprintf_flt.a(vfprintf_flt.o) (__ftoa_engine)
/usr/lib/gcc/avr/4.3.4/../../../avr/lib/avr5/libc.a(strnlen_P.o)
                              /usr/lib/gcc/avr/4.3.4/../../../avr/lib/avr5/libprintf_flt.a(vfprintf_flt.o) (strnlen_P)
/usr/lib/gcc/avr/4.3.4/../../../avr/lib/avr5/libc.a(strnlen.o)
                              /usr/lib/gcc/avr/4.3.4/../../../avr/lib/avr5/libprintf_flt.a(vfprintf_flt.o) (strnlen)
/usr/lib/gcc/avr/4.3.4/../../../avr/lib/avr5/libc.a(itoa.o)
                              isr.o (itoa)
/usr/lib/gcc/avr/4.3.4/../../../avr/lib/avr5/libc.a(fputc.o)
                              /usr/lib/gcc/avr/4.3.4/../../../avr/lib/avr5/libprintf_flt.a(vfprintf_flt.o) (fputc)
/usr/lib/gcc/avr/4.3.4/../../../avr/lib/avr5/libc.a(ultoa_invert.o)
                              /usr/lib/gcc/avr/4.3.4/../../../avr/lib/avr5/libprintf_flt.a(vfprintf_flt.o) (__ultoa_invert)
/usr/lib/gcc/avr/4.3.4/../../../avr/lib/avr5/libc.a(strrev.o)
                              /usr/lib/gcc/avr/4.3.4/../../../avr/lib/avr5/libc.a(itoa.o) (strrev)
/usr/lib/gcc/avr/4.3.4/avr5/libgcc.a(_udivmodhi4.o)
                              /usr/lib/gcc/avr/4.3.4/../../../avr/lib/avr5/libc.a(itoa.o) (__udivmodhi4)

Allocating common symbols
Common symbol       size              file

tempchar            0x5               isr.o

Memory Configuration

Name             Origin             Length             Attributes
text             0x0000000000000000 0x0000000000020000 xr
data             0x0000000000800060 0x000000000000ffa0 rw !x
eeprom           0x0000000000810000 0x0000000000010000 rw !x
fuse             0x0000000000820000 0x0000000000000400 rw !x
lock             0x0000000000830000 0x0000000000000400 rw !x
signature        0x0000000000840000 0x0000000000000400 rw !x
*default*        0x0000000000000000 0xffffffffffffffff

Linker script and memory map

Address of section .data set to 0x800100
LOAD /usr/lib/gcc/avr/4.3.4/../../../avr/lib/avr5/crtm644p.o
LOAD /usr/lib/gcc/avr/4.3.4/../../../avr/lib/avr5/libprintf_flt.a
LOAD /usr/lib/gcc/avr/4.3.4/../../../avr/lib/avr5/libm.a
LOAD /usr/lib/gcc/avr/4.3.4/../../../avr/lib/avr5/libm.a
LOAD main.o
LOAD isr.o
LOAD functions.o
LOAD init.o
LOAD pressController.o
LOAD koblingController.o
LOAD /usr/lib/gcc/avr/4.3.4/avr5/libgcc.a
LOAD /usr/lib/gcc/avr/4.3.4/../../../avr/lib/avr5/libc.a
LOAD /usr/lib/gcc/avr/4.3.4/avr5/libgcc.a

.hash
 *(.hash)

.dynsym
 *(.dynsym)

.dynstr
 *(.dynstr)

.gnu.version
 *(.gnu.version)

.gnu.version_d
 *(.gnu.version_d)

.gnu.version_r
 *(.gnu.version_r)

.rel.init
 *(.rel.init)

.rela.init
 *(.rela.init)

.rel.text
 *(.rel.text)
 *(.rel.text.*)
 *(.rel.gnu.linkonce.t*)

.rela.text
 *(.rela.text)
 *(.rela.text.*)
 *(.rela.gnu.linkonce.t*)

.rel.fini
 *(.rel.fini)

.rela.fini
 *(.rela.fini)

.rel.rodata
 *(.rel.rodata)
 *(.rel.rodata.*)
 *(.rel.gnu.linkonce.r*)

.rela.rodata
 *(.rela.rodata)
 *(.rela.rodata.*)
 *(.rela.gnu.linkonce.r*)

.rel.data
 *(.rel.data)
 *(.rel.data.*)
 *(.rel.gnu.linkonce.d*)

.rela.data
 *(.rela.data)
 *(.rela.data.*)
 *(.rela.gnu.linkonce.d*)

.rel.ctors
 *(.rel.ctors)

.rela.ctors
 *(.rela.ctors)

.rel.dtors
 *(.rel.dtors)

.rela.dtors
 *(.rela.dtors)

.rel.got
 *(.rel.got)

.rela.got
 *(.rela.got)

.rel.bss
 *(.rel.bss)

.rela.bss
 *(.rela.bss)

.rel.plt
 *(.rel.plt)

.rela.plt
 *(.rela.plt)

.text           0x0000000000000000     0x2060
 *(.vectors)
 .vectors       0x0000000000000000       0x7c /usr/lib/gcc/avr/4.3.4/../../../avr/lib/avr5/crtm644p.o
                0x0000000000000000                __vectors
                0x0000000000000000                __vector_default
 *(.vectors)
 *(.progmem.gcc*)
 *(.progmem*)
 .progmem.data  0x000000000000007c        0x8 /usr/lib/gcc/avr/4.3.4/../../../avr/lib/avr5/libprintf_flt.a(vfprintf_flt.o)
 .progmem.data  0x0000000000000084       0xfa /usr/lib/gcc/avr/4.3.4/../../../avr/lib/avr5/libc.a(ftoa_engine.o)
                0x000000000000017e                . = ALIGN (0x2)
                0x000000000000017e                __trampolines_start = .
 *(.trampolines)
 .trampolines   0x000000000000017e        0x0 linker stubs
 *(.trampolines*)
                0x000000000000017e                __trampolines_end = .
 *(.jumptables)
 *(.jumptables*)
 *(.lowtext)
 *(.lowtext*)
                0x000000000000017e                __ctors_start = .
 *(.ctors)
                0x000000000000017e                __ctors_end = .
                0x000000000000017e                __dtors_start = .
 *(.dtors)
                0x000000000000017e                __dtors_end = .
 SORT(*)(.ctors)
 SORT(*)(.dtors)
 *(.init0)
 .init0         0x000000000000017e        0x0 /usr/lib/gcc/avr/4.3.4/../../../avr/lib/avr5/crtm644p.o
                0x000000000000017e                __init
 *(.init0)
 *(.init1)
 *(.init1)
 *(.init2)
 .init2         0x000000000000017e        0xc /usr/lib/gcc/avr/4.3.4/../../../avr/lib/avr5/crtm644p.o
 *(.init2)
 *(.init3)
 *(.init3)
 *(.init4)
 .init4         0x000000000000018a       0x16 /usr/lib/gcc/avr/4.3.4/avr5/libgcc.a(_copy_data.o)
                0x000000000000018a                __do_copy_data
 .init4         0x00000000000001a0       0x10 /usr/lib/gcc/avr/4.3.4/avr5/libgcc.a(_clear_bss.o)
                0x00000000000001a0                __do_clear_bss
 *(.init4)
 *(.init5)
 *(.init5)
 *(.init6)
 *(.init6)
 *(.init7)
 *(.init7)
 *(.init8)
 *(.init8)
 *(.init9)
 .init9         0x00000000000001b0        0x8 /usr/lib/gcc/avr/4.3.4/../../../avr/lib/avr5/crtm644p.o
 *(.init9)
 *(.text)
 .text          0x00000000000001b8        0x4 /usr/lib/gcc/avr/4.3.4/../../../avr/lib/avr5/crtm644p.o
                0x00000000000001b8                __vector_22
                0x00000000000001b8                __vector_28
                0x00000000000001b8                __vector_1
                0x00000000000001b8                __vector_12
                0x00000000000001b8                __bad_interrupt
                0x00000000000001b8                __vector_6
                0x00000000000001b8                __vector_3
                0x00000000000001b8                __vector_23
                0x00000000000001b8                __vector_30
                0x00000000000001b8                __vector_25
                0x00000000000001b8                __vector_11
                0x00000000000001b8                __vector_13
                0x00000000000001b8                __vector_17
                0x00000000000001b8                __vector_19
                0x00000000000001b8                __vector_7
                0x00000000000001b8                __vector_27
                0x00000000000001b8                __vector_5
                0x00000000000001b8                __vector_4
                0x00000000000001b8                __vector_9
                0x00000000000001b8                __vector_2
                0x00000000000001b8                __vector_21
                0x00000000000001b8                __vector_15
                0x00000000000001b8                __vector_29
                0x00000000000001b8                __vector_8
                0x00000000000001b8                __vector_26
                0x00000000000001b8                __vector_14
                0x00000000000001b8                __vector_10
                0x00000000000001b8                __vector_16
 .text          0x00000000000001bc        0x0 /usr/lib/gcc/avr/4.3.4/../../../avr/lib/avr5/libprintf_flt.a(vfprintf_flt.o)
 .text          0x00000000000001bc       0x1c main.o
                0x00000000000001bc                main
 .text          0x00000000000001d8      0x420 isr.o
                0x00000000000001d8                __vector_18
                0x0000000000000224                debugging
                0x000000000000033a                __vector_20
                0x0000000000000576                __vector_24
 .text          0x00000000000005f8       0x40 functions.o
                0x00000000000005f8                PWM_duty_cycle_A_set
                0x00000000000005fe                PWM_duty_cycle_B_set
                0x0000000000000604                PWM_duty_cycle_A16_set
                0x000000000000060e                adcStop
                0x000000000000061a                sendtekst
 .text          0x0000000000000638      0x10a init.o
                0x0000000000000638                uartinit
                0x0000000000000658                counter0Init
                0x000000000000066a                adcInit
                0x00000000000006a2                pwm16Init
                0x00000000000006fa                pwm8Init
 .text          0x0000000000000742      0x168 pressController.o
                0x0000000000000742                presscontroller
 .text          0x00000000000008aa       0x70 koblingController.o
                0x00000000000008aa                KoblingPosController
 .text          0x000000000000091a        0x0 /usr/lib/gcc/avr/4.3.4/avr5/libgcc.a(_prologue.o)
 .text          0x000000000000091a        0x0 /usr/lib/gcc/avr/4.3.4/avr5/libgcc.a(_epilogue.o)
 .text          0x000000000000091a        0x0 /usr/lib/gcc/avr/4.3.4/avr5/libgcc.a(_exit.o)
 .text          0x000000000000091a        0x0 /usr/lib/gcc/avr/4.3.4/avr5/libgcc.a(_copy_data.o)
 .text          0x000000000000091a        0x0 /usr/lib/gcc/avr/4.3.4/avr5/libgcc.a(_clear_bss.o)
 .text          0x000000000000091a      0x354 /usr/lib/gcc/avr/4.3.4/avr5/libgcc.a(_addsub_sf.o)
                0x0000000000000bb2                __subsf3
                0x0000000000000c14                __addsf3
 .text          0x0000000000000c6e      0x1f4 /usr/lib/gcc/avr/4.3.4/avr5/libgcc.a(_mul_sf.o)
                0x0000000000000c6e                __mulsf3
 .text          0x0000000000000e62       0x60 /usr/lib/gcc/avr/4.3.4/avr5/libgcc.a(_gt_sf.o)
                0x0000000000000e62                __gtsf2
 .text          0x0000000000000ec2       0x60 /usr/lib/gcc/avr/4.3.4/avr5/libgcc.a(_lt_sf.o)
                0x0000000000000ec2                __ltsf2
 .text          0x0000000000000f22       0xbc /usr/lib/gcc/avr/4.3.4/avr5/libgcc.a(_si_to_sf.o)
                0x0000000000000f22                __floatsisf
 .text          0x0000000000000fde       0xa8 /usr/lib/gcc/avr/4.3.4/avr5/libgcc.a(_sf_to_si.o)
                0x0000000000000fde                __fixsfsi
 .text          0x0000000000001086        0x0 /usr/lib/gcc/avr/4.3.4/avr5/libgcc.a(_thenan_sf.o)
 .text          0x0000000000001086       0xf2 /usr/lib/gcc/avr/4.3.4/avr5/libgcc.a(_usi_to_sf.o)
                0x0000000000001086                __floatunsisf
 .text          0x0000000000001178       0x9e /usr/lib/gcc/avr/4.3.4/avr5/libgcc.a(_clzsi2.o)
                0x0000000000001178                __clzsi2
 .text          0x0000000000001216      0x1aa /usr/lib/gcc/avr/4.3.4/avr5/libgcc.a(_pack_sf.o)
                0x0000000000001216                __pack_f
 .text          0x00000000000013c0       0xf0 /usr/lib/gcc/avr/4.3.4/avr5/libgcc.a(_unpack_sf.o)
                0x00000000000013c0                __unpack_f
 .text          0x00000000000014b0       0xb2 /usr/lib/gcc/avr/4.3.4/avr5/libgcc.a(_fpcmp_parts_sf.o)
                0x00000000000014b0                __fpcmp_parts_f
 .text          0x0000000000001562        0x0 /usr/lib/gcc/avr/4.3.4/avr5/libgcc.a(_clz.o)
 .text          0x0000000000001562        0x0 /usr/lib/gcc/avr/4.3.4/../../../avr/lib/avr5/libc.a(ftoa_engine.o)
 .text          0x0000000000001562        0x0 /usr/lib/gcc/avr/4.3.4/../../../avr/lib/avr5/libc.a(strnlen_P.o)
 .text          0x0000000000001562        0x0 /usr/lib/gcc/avr/4.3.4/../../../avr/lib/avr5/libc.a(strnlen.o)
 .text          0x0000000000001562        0x0 /usr/lib/gcc/avr/4.3.4/../../../avr/lib/avr5/libc.a(itoa.o)
 .text          0x0000000000001562        0x0 /usr/lib/gcc/avr/4.3.4/../../../avr/lib/avr5/libc.a(fputc.o)
 .text          0x0000000000001562        0x0 /usr/lib/gcc/avr/4.3.4/../../../avr/lib/avr5/libc.a(ultoa_invert.o)
 .text          0x0000000000001562        0x0 /usr/lib/gcc/avr/4.3.4/../../../avr/lib/avr5/libc.a(strrev.o)
 .text          0x0000000000001562        0x0 /usr/lib/gcc/avr/4.3.4/avr5/libgcc.a(_udivmodhi4.o)
                0x0000000000001562                . = ALIGN (0x2)
 *(.text.*)
 .text.avr-libc
                0x0000000000001562      0x712 /usr/lib/gcc/avr/4.3.4/../../../avr/lib/avr5/libprintf_flt.a(vfprintf_flt.o)
                0x0000000000001562                vfprintf
 .text.libgcc   0x0000000000001c74       0x38 /usr/lib/gcc/avr/4.3.4/avr5/libgcc.a(_prologue.o)
                0x0000000000001c74                __prologue_saves__
 .text.libgcc   0x0000000000001cac       0x36 /usr/lib/gcc/avr/4.3.4/avr5/libgcc.a(_epilogue.o)
                0x0000000000001cac                __epilogue_restores__
 .text.libgcc   0x0000000000001ce2        0x0 /usr/lib/gcc/avr/4.3.4/avr5/libgcc.a(_exit.o)
 .text.libgcc   0x0000000000001ce2        0x0 /usr/lib/gcc/avr/4.3.4/avr5/libgcc.a(_copy_data.o)
 .text.libgcc   0x0000000000001ce2        0x0 /usr/lib/gcc/avr/4.3.4/avr5/libgcc.a(_clear_bss.o)
 .text.avr-libc
                0x0000000000001ce2      0x1b0 /usr/lib/gcc/avr/4.3.4/../../../avr/lib/avr5/libc.a(ftoa_engine.o)
                0x0000000000001ce2                __ftoa_engine
 .text.avr-libc
                0x0000000000001e92       0x16 /usr/lib/gcc/avr/4.3.4/../../../avr/lib/avr5/libc.a(strnlen_P.o)
                0x0000000000001e92                strnlen_P
 .text.avr-libc
                0x0000000000001ea8       0x16 /usr/lib/gcc/avr/4.3.4/../../../avr/lib/avr5/libc.a(strnlen.o)
                0x0000000000001ea8                strnlen
 .text.avr-libc
                0x0000000000001ebe       0x42 /usr/lib/gcc/avr/4.3.4/../../../avr/lib/avr5/libc.a(itoa.o)
                0x0000000000001ebe                itoa
 .text.avr-libc
                0x0000000000001f00       0x58 /usr/lib/gcc/avr/4.3.4/../../../avr/lib/avr5/libc.a(fputc.o)
                0x0000000000001f00                fputc
 .text.avr-libc
                0x0000000000001f58       0xbc /usr/lib/gcc/avr/4.3.4/../../../avr/lib/avr5/libc.a(ultoa_invert.o)
                0x0000000000001f58                __ultoa_invert
 .text.avr-libc
                0x0000000000002014       0x20 /usr/lib/gcc/avr/4.3.4/../../../avr/lib/avr5/libc.a(strrev.o)
                0x0000000000002014                strrev
 .text.libgcc   0x0000000000002034       0x28 /usr/lib/gcc/avr/4.3.4/avr5/libgcc.a(_udivmodhi4.o)
                0x0000000000002034                __udivmodhi4
                0x000000000000205c                . = ALIGN (0x2)
 *(.fini9)
 .fini9         0x000000000000205c        0x0 /usr/lib/gcc/avr/4.3.4/avr5/libgcc.a(_exit.o)
                0x000000000000205c                exit
                0x000000000000205c                _exit
 *(.fini9)
 *(.fini8)
 *(.fini8)
 *(.fini7)
 *(.fini7)
 *(.fini6)
 *(.fini6)
 *(.fini5)
 *(.fini5)
 *(.fini4)
 *(.fini4)
 *(.fini3)
 *(.fini3)
 *(.fini2)
 *(.fini2)
 *(.fini1)
 *(.fini1)
 *(.fini0)
 .fini0         0x000000000000205c        0x4 /usr/lib/gcc/avr/4.3.4/avr5/libgcc.a(_exit.o)
 *(.fini0)
                0x0000000000002060                _etext = .

.data           0x0000000000800100      0x112 load address 0x0000000000002060
                0x0000000000800100                PROVIDE (__data_start, .)
 *(.data)
 .data          0x0000000000800100        0x0 /usr/lib/gcc/avr/4.3.4/../../../avr/lib/avr5/crtm644p.o
 .data          0x0000000000800100        0x0 /usr/lib/gcc/avr/4.3.4/../../../avr/lib/avr5/libprintf_flt.a(vfprintf_flt.o)
 .data          0x0000000000800100        0x0 main.o
 .data          0x0000000000800100        0x5 isr.o
 .data          0x0000000000800105        0x0 functions.o
 .data          0x0000000000800105        0x0 init.o
 .data          0x0000000000800105        0x0 pressController.o
 .data          0x0000000000800105        0x4 koblingController.o
                0x0000000000800105                KoblingPosKP
 .data          0x0000000000800109        0x0 /usr/lib/gcc/avr/4.3.4/avr5/libgcc.a(_prologue.o)
 .data          0x0000000000800109        0x0 /usr/lib/gcc/avr/4.3.4/avr5/libgcc.a(_epilogue.o)
 .data          0x0000000000800109        0x0 /usr/lib/gcc/avr/4.3.4/avr5/libgcc.a(_exit.o)
 .data          0x0000000000800109        0x0 /usr/lib/gcc/avr/4.3.4/avr5/libgcc.a(_copy_data.o)
 .data          0x0000000000800109        0x0 /usr/lib/gcc/avr/4.3.4/avr5/libgcc.a(_clear_bss.o)
 .data          0x0000000000800109        0x0 /usr/lib/gcc/avr/4.3.4/avr5/libgcc.a(_addsub_sf.o)
 .data          0x0000000000800109        0x0 /usr/lib/gcc/avr/4.3.4/avr5/libgcc.a(_mul_sf.o)
 .data          0x0000000000800109        0x0 /usr/lib/gcc/avr/4.3.4/avr5/libgcc.a(_gt_sf.o)
 .data          0x0000000000800109        0x0 /usr/lib/gcc/avr/4.3.4/avr5/libgcc.a(_lt_sf.o)
 .data          0x0000000000800109        0x0 /usr/lib/gcc/avr/4.3.4/avr5/libgcc.a(_si_to_sf.o)
 .data          0x0000000000800109        0x0 /usr/lib/gcc/avr/4.3.4/avr5/libgcc.a(_sf_to_si.o)
 .data          0x0000000000800109        0x8 /usr/lib/gcc/avr/4.3.4/avr5/libgcc.a(_thenan_sf.o)
                0x0000000000800109                __thenan_sf
 .data          0x0000000000800111        0x0 /usr/lib/gcc/avr/4.3.4/avr5/libgcc.a(_usi_to_sf.o)
 .data          0x0000000000800111        0x0 /usr/lib/gcc/avr/4.3.4/avr5/libgcc.a(_clzsi2.o)
 .data          0x0000000000800111        0x0 /usr/lib/gcc/avr/4.3.4/avr5/libgcc.a(_pack_sf.o)
 .data          0x0000000000800111        0x0 /usr/lib/gcc/avr/4.3.4/avr5/libgcc.a(_unpack_sf.o)
 .data          0x0000000000800111        0x0 /usr/lib/gcc/avr/4.3.4/avr5/libgcc.a(_fpcmp_parts_sf.o)
 .data          0x0000000000800111      0x100 /usr/lib/gcc/avr/4.3.4/avr5/libgcc.a(_clz.o)
                0x0000000000800111                __clz_tab
 .data          0x0000000000800211        0x0 /usr/lib/gcc/avr/4.3.4/../../../avr/lib/avr5/libc.a(ftoa_engine.o)
 .data          0x0000000000800211        0x0 /usr/lib/gcc/avr/4.3.4/../../../avr/lib/avr5/libc.a(strnlen_P.o)
 .data          0x0000000000800211        0x0 /usr/lib/gcc/avr/4.3.4/../../../avr/lib/avr5/libc.a(strnlen.o)
 .data          0x0000000000800211        0x0 /usr/lib/gcc/avr/4.3.4/../../../avr/lib/avr5/libc.a(itoa.o)
 .data          0x0000000000800211        0x0 /usr/lib/gcc/avr/4.3.4/../../../avr/lib/avr5/libc.a(fputc.o)
 .data          0x0000000000800211        0x0 /usr/lib/gcc/avr/4.3.4/../../../avr/lib/avr5/libc.a(ultoa_invert.o)
 .data          0x0000000000800211        0x0 /usr/lib/gcc/avr/4.3.4/../../../avr/lib/avr5/libc.a(strrev.o)
 .data          0x0000000000800211        0x0 /usr/lib/gcc/avr/4.3.4/avr5/libgcc.a(_udivmodhi4.o)
 *(.data*)
 *(.rodata)
 *(.rodata*)
 *(.gnu.linkonce.d*)
                0x0000000000800212                . = ALIGN (0x2)
 *fill*         0x0000000000800211        0x1 00
                0x0000000000800212                _edata = .
                0x0000000000800212                PROVIDE (__data_end, .)

.bss            0x0000000000800212       0x14
                0x0000000000800212                PROVIDE (__bss_start, .)
 *(.bss)
 .bss           0x0000000000800212        0x0 /usr/lib/gcc/avr/4.3.4/../../../avr/lib/avr5/crtm644p.o
 .bss           0x0000000000800212        0x0 /usr/lib/gcc/avr/4.3.4/../../../avr/lib/avr5/libprintf_flt.a(vfprintf_flt.o)
 .bss           0x0000000000800212        0x0 main.o
 .bss           0x0000000000800212        0x5 isr.o
                0x0000000000800212                ADCconv
                0x0000000000800214                setChannel
                0x0000000000800215                count
                0x0000000000800216                retning
 .bss           0x0000000000800217        0x0 functions.o
 .bss           0x0000000000800217        0x0 init.o
 .bss           0x0000000000800217        0x6 pressController.o
                0x0000000000800217                pressRef
                0x0000000000800219                intpressOld
 .bss           0x000000000080021d        0x4 koblingController.o
                0x000000000080021d                KoblingPos
                0x000000000080021f                KoblingPosRef
 .bss           0x0000000000800221        0x0 /usr/lib/gcc/avr/4.3.4/avr5/libgcc.a(_prologue.o)
 .bss           0x0000000000800221        0x0 /usr/lib/gcc/avr/4.3.4/avr5/libgcc.a(_epilogue.o)
 .bss           0x0000000000800221        0x0 /usr/lib/gcc/avr/4.3.4/avr5/libgcc.a(_exit.o)
 .bss           0x0000000000800221        0x0 /usr/lib/gcc/avr/4.3.4/avr5/libgcc.a(_copy_data.o)
 .bss           0x0000000000800221        0x0 /usr/lib/gcc/avr/4.3.4/avr5/libgcc.a(_clear_bss.o)
 .bss           0x0000000000800221        0x0 /usr/lib/gcc/avr/4.3.4/avr5/libgcc.a(_addsub_sf.o)
 .bss           0x0000000000800221        0x0 /usr/lib/gcc/avr/4.3.4/avr5/libgcc.a(_mul_sf.o)
 .bss           0x0000000000800221        0x0 /usr/lib/gcc/avr/4.3.4/avr5/libgcc.a(_gt_sf.o)
 .bss           0x0000000000800221        0x0 /usr/lib/gcc/avr/4.3.4/avr5/libgcc.a(_lt_sf.o)
 .bss           0x0000000000800221        0x0 /usr/lib/gcc/avr/4.3.4/avr5/libgcc.a(_si_to_sf.o)
 .bss           0x0000000000800221        0x0 /usr/lib/gcc/avr/4.3.4/avr5/libgcc.a(_sf_to_si.o)
 .bss           0x0000000000800221        0x0 /usr/lib/gcc/avr/4.3.4/avr5/libgcc.a(_thenan_sf.o)
 .bss           0x0000000000800221        0x0 /usr/lib/gcc/avr/4.3.4/avr5/libgcc.a(_usi_to_sf.o)
 .bss           0x0000000000800221        0x0 /usr/lib/gcc/avr/4.3.4/avr5/libgcc.a(_clzsi2.o)
 .bss           0x0000000000800221        0x0 /usr/lib/gcc/avr/4.3.4/avr5/libgcc.a(_pack_sf.o)
 .bss           0x0000000000800221        0x0 /usr/lib/gcc/avr/4.3.4/avr5/libgcc.a(_unpack_sf.o)
 .bss           0x0000000000800221        0x0 /usr/lib/gcc/avr/4.3.4/avr5/libgcc.a(_fpcmp_parts_sf.o)
 .bss           0x0000000000800221        0x0 /usr/lib/gcc/avr/4.3.4/avr5/libgcc.a(_clz.o)
 .bss           0x0000000000800221        0x0 /usr/lib/gcc/avr/4.3.4/../../../avr/lib/avr5/libc.a(ftoa_engine.o)
 .bss           0x0000000000800221        0x0 /usr/lib/gcc/avr/4.3.4/../../../avr/lib/avr5/libc.a(strnlen_P.o)
 .bss           0x0000000000800221        0x0 /usr/lib/gcc/avr/4.3.4/../../../avr/lib/avr5/libc.a(strnlen.o)
 .bss           0x0000000000800221        0x0 /usr/lib/gcc/avr/4.3.4/../../../avr/lib/avr5/libc.a(itoa.o)
 .bss           0x0000000000800221        0x0 /usr/lib/gcc/avr/4.3.4/../../../avr/lib/avr5/libc.a(fputc.o)
 .bss           0x0000000000800221        0x0 /usr/lib/gcc/avr/4.3.4/../../../avr/lib/avr5/libc.a(ultoa_invert.o)
 .bss           0x0000000000800221        0x0 /usr/lib/gcc/avr/4.3.4/../../../avr/lib/avr5/libc.a(strrev.o)
 .bss           0x0000000000800221        0x0 /usr/lib/gcc/avr/4.3.4/avr5/libgcc.a(_udivmodhi4.o)
 *(.bss*)
 *(COMMON)
 COMMON         0x0000000000800221        0x5 isr.o
                0x0000000000800221                tempchar
                0x0000000000800226                PROVIDE (__bss_end, .)
                0x0000000000002060                __data_load_start = LOADADDR (.data)
                0x0000000000002172                __data_load_end = (__data_load_start + SIZEOF (.data))

.noinit         0x0000000000800226        0x0
                0x0000000000800226                PROVIDE (__noinit_start, .)
 *(.noinit*)
                0x0000000000800226                PROVIDE (__noinit_end, .)
                0x0000000000800226                _end = .
                0x0000000000800226                PROVIDE (__heap_start, .)

.eeprom         0x0000000000810000        0x0
 *(.eeprom*)
                0x0000000000810000                __eeprom_end = .

.fuse
 *(.fuse)
 *(.lfuse)
 *(.hfuse)
 *(.efuse)

.lock
 *(.lock*)

.signature
 *(.signature*)

.stab           0x0000000000000000     0x41e8
 *(.stab)
 .stab          0x0000000000000000      0x6b4 /usr/lib/gcc/avr/4.3.4/../../../avr/lib/avr5/crtm644p.o
 .stab          0x00000000000006b4     0x1038 /usr/lib/gcc/avr/4.3.4/../../../avr/lib/avr5/libprintf_flt.a(vfprintf_flt.o)
                                       0x1044 (size before relaxing)
 .stab          0x00000000000016ec      0x3c0 main.o
                                        0x3cc (size before relaxing)
 .stab          0x0000000000001aac      0x6d8 isr.o
                                        0x8e8 (size before relaxing)
 .stab          0x0000000000002184      0x30c functions.o
                                        0x51c (size before relaxing)
 .stab          0x0000000000002490      0x468 init.o
                                        0x624 (size before relaxing)
 .stab          0x00000000000028f8      0x264 pressController.o
                                        0x420 (size before relaxing)
 .stab          0x0000000000002b5c      0x240 koblingController.o
                                        0x3fc (size before relaxing)
 .stab          0x0000000000002d9c      0xa38 /usr/lib/gcc/avr/4.3.4/../../../avr/lib/avr5/libc.a(ftoa_engine.o)
                                        0xa44 (size before relaxing)
 .stab          0x00000000000037d4       0x9c /usr/lib/gcc/avr/4.3.4/../../../avr/lib/avr5/libc.a(strnlen_P.o)
                                         0xa8 (size before relaxing)
 .stab          0x0000000000003870       0x9c /usr/lib/gcc/avr/4.3.4/../../../avr/lib/avr5/libc.a(strnlen.o)
                                         0xa8 (size before relaxing)
 .stab          0x000000000000390c      0x1b0 /usr/lib/gcc/avr/4.3.4/../../../avr/lib/avr5/libc.a(itoa.o)
                                        0x1bc (size before relaxing)
 .stab          0x0000000000003abc      0x1d4 /usr/lib/gcc/avr/4.3.4/../../../avr/lib/avr5/libc.a(fputc.o)
                                        0x3b4 (size before relaxing)
 .stab          0x0000000000003c90      0x480 /usr/lib/gcc/avr/4.3.4/../../../avr/lib/avr5/libc.a(ultoa_invert.o)
                                        0x48c (size before relaxing)
 .stab          0x0000000000004110       0xd8 /usr/lib/gcc/avr/4.3.4/../../../avr/lib/avr5/libc.a(strrev.o)
                                         0xe4 (size before relaxing)

.stabstr        0x0000000000000000     0x15dd
 *(.stabstr)
 .stabstr       0x0000000000000000     0x15dd /usr/lib/gcc/avr/4.3.4/../../../avr/lib/avr5/crtm644p.o

.stab.excl
 *(.stab.excl)

.stab.exclstr
 *(.stab.exclstr)

.stab.index
 *(.stab.index)

.stab.indexstr
 *(.stab.indexstr)

.comment
 *(.comment)

.debug
 *(.debug)

.line
 *(.line)

.debug_srcinfo
 *(.debug_srcinfo)

.debug_sfnames
 *(.debug_sfnames)

.debug_aranges
 *(.debug_aranges)

.debug_pubnames
 *(.debug_pubnames)

.debug_info
 *(.debug_info)
 *(.gnu.linkonce.wi.*)

.debug_abbrev
 *(.debug_abbrev)

.debug_line
 *(.debug_line)

.debug_frame
 *(.debug_frame)

.debug_str
 *(.debug_str)

.debug_loc
 *(.debug_loc)

.debug_macinfo
 *(.debug_macinfo)
OUTPUT(hydrtest.out elf32-avr)
LOAD linker stubs
