GAS LISTING /tmp/ccoBKnta.s 			page 1


   1               		.file	"main.c"
   2               	__SREG__ = 0x3f
   3               	__SP_H__ = 0x3e
   4               	__SP_L__ = 0x3d
   5               	__CCP__  = 0x34
   6               	__tmp_reg__ = 0
   7               	__zero_reg__ = 1
   8               		.global __do_copy_data
   9               		.global __do_clear_bss
  10               		.stabs	"/home/css/Documents/unicorn-racing/avr/CAN/pwdtest/",100,0,2,.Ltext0
  11               		.stabs	"main.c",100,0,2,.Ltext0
  12               		.text
  13               	.Ltext0:
  14               		.stabs	"gcc2_compiled.",60,0,0,0
  15               		.stabs	"int:t(0,1)=r(0,1);-32768;32767;",128,0,1,0
  16               		.stabs	"char:t(0,2)=@s8;r(0,2);0;255;",128,0,1,0
  17               		.stabs	"long int:t(0,3)=@s32;r(0,3);020000000000;017777777777;",128,0,1,0
  18               		.stabs	"unsigned int:t(0,4)=r(0,4);0;0177777;",128,0,1,0
  19               		.stabs	"long unsigned int:t(0,5)=@s32;r(0,5);0;037777777777;",128,0,1,0
  20               		.stabs	"long long int:t(0,6)=@s64;r(0,6);01000000000000000000000;0777777777777777777777;",128,0,1,
  21               		.stabs	"long long unsigned int:t(0,7)=@s64;r(0,7);0;01777777777777777777777;",128,0,1,0
  22               		.stabs	"short int:t(0,8)=r(0,8);-32768;32767;",128,0,1,0
  23               		.stabs	"short unsigned int:t(0,9)=r(0,9);0;0177777;",128,0,1,0
  24               		.stabs	"signed char:t(0,10)=@s8;r(0,10);-128;127;",128,0,1,0
  25               		.stabs	"unsigned char:t(0,11)=@s8;r(0,11);0;255;",128,0,1,0
  26               		.stabs	"float:t(0,12)=r(0,1);4;0;",128,0,1,0
  27               		.stabs	"double:t(0,13)=r(0,1);4;0;",128,0,1,0
  28               		.stabs	"long double:t(0,14)=r(0,1);4;0;",128,0,1,0
  29               		.stabs	"void:t(0,15)=(0,15)",128,0,1,0
  30               		.stabs	"/usr/lib/gcc/avr/4.3.4/../../../avr/include/avr/io.h",130,0,0,0
  31               		.stabs	"/usr/lib/gcc/avr/4.3.4/../../../avr/include/avr/sfr_defs.h",130,0,0,0
  32               		.stabs	"/usr/lib/gcc/avr/4.3.4/../../../avr/include/inttypes.h",130,0,0,0
  33               		.stabs	"/usr/lib/gcc/avr/4.3.4/../../../avr/include/stdint.h",130,0,0,0
  34               		.stabs	"int8_t:t(4,1)=(0,10)",128,0,121,0
  35               		.stabs	"uint8_t:t(4,2)=(0,11)",128,0,122,0
  36               		.stabs	"int16_t:t(4,3)=(0,1)",128,0,123,0
  37               		.stabs	"uint16_t:t(4,4)=(0,4)",128,0,124,0
  38               		.stabs	"int32_t:t(4,5)=(0,3)",128,0,125,0
  39               		.stabs	"uint32_t:t(4,6)=(0,5)",128,0,126,0
  40               		.stabs	"int64_t:t(4,7)=(0,6)",128,0,128,0
  41               		.stabs	"uint64_t:t(4,8)=(0,7)",128,0,129,0
  42               		.stabs	"intptr_t:t(4,9)=(4,3)",128,0,142,0
  43               		.stabs	"uintptr_t:t(4,10)=(4,4)",128,0,147,0
  44               		.stabs	"int_least8_t:t(4,11)=(4,1)",128,0,159,0
  45               		.stabs	"uint_least8_t:t(4,12)=(4,2)",128,0,164,0
  46               		.stabs	"int_least16_t:t(4,13)=(4,3)",128,0,169,0
  47               		.stabs	"uint_least16_t:t(4,14)=(4,4)",128,0,174,0
  48               		.stabs	"int_least32_t:t(4,15)=(4,5)",128,0,179,0
  49               		.stabs	"uint_least32_t:t(4,16)=(4,6)",128,0,184,0
  50               		.stabs	"int_least64_t:t(4,17)=(4,7)",128,0,192,0
  51               		.stabs	"uint_least64_t:t(4,18)=(4,8)",128,0,199,0
  52               		.stabs	"int_fast8_t:t(4,19)=(4,1)",128,0,213,0
  53               		.stabs	"uint_fast8_t:t(4,20)=(4,2)",128,0,218,0
  54               		.stabs	"int_fast16_t:t(4,21)=(4,3)",128,0,223,0
  55               		.stabs	"uint_fast16_t:t(4,22)=(4,4)",128,0,228,0
  56               		.stabs	"int_fast32_t:t(4,23)=(4,5)",128,0,233,0
  57               		.stabs	"uint_fast32_t:t(4,24)=(4,6)",128,0,238,0
GAS LISTING /tmp/ccoBKnta.s 			page 2


  58               		.stabs	"int_fast64_t:t(4,25)=(4,7)",128,0,246,0
  59               		.stabs	"uint_fast64_t:t(4,26)=(4,8)",128,0,253,0
  60               		.stabs	"intmax_t:t(4,27)=(4,7)",128,0,273,0
  61               		.stabs	"uintmax_t:t(4,28)=(4,8)",128,0,278,0
  62               		.stabn	162,0,0,0
  63               		.stabs	"int_farptr_t:t(3,1)=(4,5)",128,0,77,0
  64               		.stabs	"uint_farptr_t:t(3,2)=(4,6)",128,0,81,0
  65               		.stabn	162,0,0,0
  66               		.stabn	162,0,0,0
  67               		.stabs	"/usr/lib/gcc/avr/4.3.4/../../../avr/include/avr/fuse.h",130,0,0,0
  68               		.stabs	"__fuse_t:t(5,1)=(5,2)=s3low:(0,11),0,8;high:(0,11),8,8;extended:(0,11),16,8;;",128,0,239,0
  69               		.stabn	162,0,0,0
  70               		.stabn	162,0,0,0
  71               		.stabs	"/usr/lib/gcc/avr/4.3.4/../../../avr/include/stdlib.h",130,0,0,0
  72               		.stabs	"/usr/lib/gcc/avr/4.3.4/include/stddef.h",130,0,0,0
  73               		.stabs	"size_t:t(7,1)=(0,4)",128,0,214,0
  74               		.stabs	"wchar_t:t(7,2)=(0,1)",128,0,326,0
  75               		.stabn	162,0,0,0
  76               		.stabs	"div_t:t(6,1)=(6,2)=s4quot:(0,1),0,16;rem:(0,1),16,16;;",128,0,71,0
  77               		.stabs	"ldiv_t:t(6,3)=(6,4)=s8quot:(0,3),0,32;rem:(0,3),32,32;;",128,0,77,0
  78               		.stabs	"__compar_fn_t:t(6,5)=(6,6)=*(6,7)=f(0,1)",128,0,80,0
  79               		.stabn	162,0,0,0
  80               		.stabs	"main:F(0,1)",36,0,14,main
  81               	.global	main
  82               		.type	main, @function
  83               	main:
  84               		.stabd	46,0,0
   0:main.c        **** /*********************************************
   1:main.c        ****  * Unicorn main
   2:main.c        ****  *********************************************/
   3:main.c        **** 
   4:main.c        **** #include <config.h>
   5:main.c        **** #include <prototyper.h>
   6:main.c        **** #include <extern.h>
   7:main.c        **** #include <avr/io.h>
   8:main.c        **** #include <stdlib.h>
   9:main.c        **** #include <avr/interrupt.h>
  10:main.c        **** #include <util/delay.h>
  11:main.c        **** 
  12:main.c        **** int main(void)
  13:main.c        **** {
  85               		.stabn	68,0,14,.LM0-.LFBB1
  86               	.LM0:
  87               	.LFBB1:
  88               	/* prologue: function */
  89               	/* frame size = 0 */
  14:main.c        **** 	// Init
  15:main.c        ****     uartinit();
  90               		.stabn	68,0,16,.LM1-.LFBB1
  91               	.LM1:
  92 0000 0E94 0000 		call uartinit
  16:main.c        ****     pwm8Init();
  93               		.stabn	68,0,17,.LM2-.LFBB1
  94               	.LM2:
  95 0004 0E94 0000 		call pwm8Init
  17:main.c        ****     pwm16Init();
  96               		.stabn	68,0,18,.LM3-.LFBB1
GAS LISTING /tmp/ccoBKnta.s 			page 3


  97               	.LM3:
  98 0008 0E94 0000 		call pwm16Init
  18:main.c        **** 	adcInit(0);
  99               		.stabn	68,0,19,.LM4-.LFBB1
 100               	.LM4:
 101 000c 80E0      		ldi r24,lo8(0)
 102 000e 90E0      		ldi r25,hi8(0)
 103 0010 0E94 0000 		call adcInit
  19:main.c        **** 	counter0Init();	
 104               		.stabn	68,0,20,.LM5-.LFBB1
 105               	.LM5:
 106 0014 0E94 0000 		call counter0Init
  20:main.c        ****     sei();
 107               		.stabn	68,0,21,.LM6-.LFBB1
 108               	.LM6:
 109               	/* #APP */
 110               	 ;  21 "main.c" 1
 111 0018 7894      		sei
 112               	 ;  0 "" 2
 113               	/* #NOAPP */
 114               	.L2:
 115 001a 00C0      		rjmp .L2
 116               		.size	main, .-main
 117               	.Lscope1:
 118               		.stabs	"",36,0,0,.Lscope1-.LFBB1
 119               		.stabd	78,0,0
 120               		.stabs	"",100,0,0,.Letext0
 121               	.Letext0:
GAS LISTING /tmp/ccoBKnta.s 			page 4


DEFINED SYMBOLS
                            *ABS*:0000000000000000 main.c
     /tmp/ccoBKnta.s:2      *ABS*:000000000000003f __SREG__
     /tmp/ccoBKnta.s:3      *ABS*:000000000000003e __SP_H__
     /tmp/ccoBKnta.s:4      *ABS*:000000000000003d __SP_L__
     /tmp/ccoBKnta.s:5      *ABS*:0000000000000034 __CCP__
     /tmp/ccoBKnta.s:6      *ABS*:0000000000000000 __tmp_reg__
     /tmp/ccoBKnta.s:7      *ABS*:0000000000000001 __zero_reg__
     /tmp/ccoBKnta.s:83     .text:0000000000000000 main

UNDEFINED SYMBOLS
__do_copy_data
__do_clear_bss
uartinit
pwm8Init
pwm16Init
adcInit
counter0Init
