Archive member included because of file (symbol)

/usr/lib/gcc/avr/4.3.0/avr5/libgcc.a(_prologue.o)
                              main.o (__prologue_saves__)
/usr/lib/gcc/avr/4.3.0/avr5/libgcc.a(_epilogue.o)
                              ip_arp_udp.o (__epilogue_restores__)
/usr/lib/gcc/avr/4.3.0/avr5/libgcc.a(_exit.o)
                              /usr/lib/gcc/avr/4.3.0/../../../../avr/lib/avr5/crtm168.o (exit)
/usr/lib/gcc/avr/4.3.0/avr5/libgcc.a(_copy_data.o)
                              main.o (__do_copy_data)
/usr/lib/gcc/avr/4.3.0/avr5/libgcc.a(_clear_bss.o)
                              main.o (__do_clear_bss)
/usr/lib/gcc/avr/4.3.0/../../../../avr/lib/avr5/libc.a(strncmp.o)
                              main.o (strncmp)
/usr/lib/gcc/avr/4.3.0/../../../../avr/lib/avr5/libc.a(sprintf.o)
                              main.o (sprintf)
/usr/lib/gcc/avr/4.3.0/../../../../avr/lib/avr5/libc.a(vfprintf_std.o)
                              /usr/lib/gcc/avr/4.3.0/../../../../avr/lib/avr5/libc.a(sprintf.o) (vfprintf)
/usr/lib/gcc/avr/4.3.0/../../../../avr/lib/avr5/libc.a(strnlen_P.o)
                              /usr/lib/gcc/avr/4.3.0/../../../../avr/lib/avr5/libc.a(vfprintf_std.o) (strnlen_P)
/usr/lib/gcc/avr/4.3.0/../../../../avr/lib/avr5/libc.a(strnlen.o)
                              /usr/lib/gcc/avr/4.3.0/../../../../avr/lib/avr5/libc.a(vfprintf_std.o) (strnlen)
/usr/lib/gcc/avr/4.3.0/../../../../avr/lib/avr5/libc.a(fputc.o)
                              /usr/lib/gcc/avr/4.3.0/../../../../avr/lib/avr5/libc.a(vfprintf_std.o) (fputc)
/usr/lib/gcc/avr/4.3.0/../../../../avr/lib/avr5/libc.a(ultoa_invert.o)
                              /usr/lib/gcc/avr/4.3.0/../../../../avr/lib/avr5/libc.a(vfprintf_std.o) (__ultoa_invert)

Memory Configuration

Name             Origin             Length             Attributes
text             0x0000000000000000 0x0000000000020000 xr
data             0x0000000000800060 0x000000000000ffa0 rw !x
eeprom           0x0000000000810000 0x0000000000010000 rw !x
fuse             0x0000000000820000 0x0000000000000400 rw !x
lock             0x0000000000830000 0x0000000000000400 rw !x
signature        0x0000000000840000 0x0000000000000400 rw !x
*default*        0x0000000000000000 0xffffffffffffffff

Linker script and memory map

Address of section .data set to 0x800100
LOAD /usr/lib/gcc/avr/4.3.0/../../../../avr/lib/avr5/crtm168.o
LOAD main.o
LOAD ip_arp_udp.o
LOAD enc28j60.o
LOAD timeout.o
LOAD /usr/lib/gcc/avr/4.3.0/avr5/libgcc.a
LOAD /usr/lib/gcc/avr/4.3.0/../../../../avr/lib/avr5/libc.a
LOAD /usr/lib/gcc/avr/4.3.0/avr5/libgcc.a

.hash
 *(.hash)

.dynsym
 *(.dynsym)

.dynstr
 *(.dynstr)

.gnu.version
 *(.gnu.version)

.gnu.version_d
 *(.gnu.version_d)

.gnu.version_r
 *(.gnu.version_r)

.rel.init
 *(.rel.init)

.rela.init
 *(.rela.init)

.rel.text
 *(.rel.text)
 *(.rel.text.*)
 *(.rel.gnu.linkonce.t*)

.rela.text
 *(.rela.text)
 *(.rela.text.*)
 *(.rela.gnu.linkonce.t*)

.rel.fini
 *(.rel.fini)

.rela.fini
 *(.rela.fini)

.rel.rodata
 *(.rel.rodata)
 *(.rel.rodata.*)
 *(.rel.gnu.linkonce.r*)

.rela.rodata
 *(.rela.rodata)
 *(.rela.rodata.*)
 *(.rela.gnu.linkonce.r*)

.rel.data
 *(.rel.data)
 *(.rel.data.*)
 *(.rel.gnu.linkonce.d*)

.rela.data
 *(.rela.data)
 *(.rela.data.*)
 *(.rela.gnu.linkonce.d*)

.rel.ctors
 *(.rel.ctors)

.rela.ctors
 *(.rela.ctors)

.rel.dtors
 *(.rel.dtors)

.rela.dtors
 *(.rela.dtors)

.rel.got
 *(.rel.got)

.rela.got
 *(.rela.got)

.rel.bss
 *(.rel.bss)

.rela.bss
 *(.rela.bss)

.rel.plt
 *(.rel.plt)

.rela.plt
 *(.rela.plt)

.text           0x0000000000000000     0x1342
 *(.vectors)
 .vectors       0x0000000000000000       0x68 /usr/lib/gcc/avr/4.3.0/../../../../avr/lib/avr5/crtm168.o
                0x0000000000000000                __vectors
                0x0000000000000000                __vector_default
 *(.vectors)
 *(.progmem.gcc*)
 *(.progmem*)
                0x0000000000000068                . = ALIGN (0x2)
                0x0000000000000068                __trampolines_start = .
 *(.trampolines)
 .trampolines   0x0000000000000068        0x0 linker stubs
 *(.trampolines*)
                0x0000000000000068                __trampolines_end = .
 *(.jumptables)
 *(.jumptables*)
 *(.lowtext)
 *(.lowtext*)
                0x0000000000000068                __ctors_start = .
 *(.ctors)
                0x0000000000000068                __ctors_end = .
                0x0000000000000068                __dtors_start = .
 *(.dtors)
                0x0000000000000068                __dtors_end = .
 SORT(*)(.ctors)
 SORT(*)(.dtors)
 *(.init0)
 .init0         0x0000000000000068        0x0 /usr/lib/gcc/avr/4.3.0/../../../../avr/lib/avr5/crtm168.o
                0x0000000000000068                __init
 *(.init0)
 *(.init1)
 *(.init1)
 *(.init2)
 .init2         0x0000000000000068        0xc /usr/lib/gcc/avr/4.3.0/../../../../avr/lib/avr5/crtm168.o
 *(.init2)
 *(.init3)
 *(.init3)
 *(.init4)
 .init4         0x0000000000000074       0x16 /usr/lib/gcc/avr/4.3.0/avr5/libgcc.a(_copy_data.o)
                0x0000000000000074                __do_copy_data
 .init4         0x000000000000008a       0x10 /usr/lib/gcc/avr/4.3.0/avr5/libgcc.a(_clear_bss.o)
                0x000000000000008a                __do_clear_bss
 *(.init4)
 *(.init5)
 *(.init5)
 *(.init6)
 *(.init6)
 *(.init7)
 *(.init7)
 *(.init8)
 *(.init8)
 *(.init9)
 .init9         0x000000000000009a        0x8 /usr/lib/gcc/avr/4.3.0/../../../../avr/lib/avr5/crtm168.o
 *(.init9)
 *(.text)
 .text          0x00000000000000a2        0x4 /usr/lib/gcc/avr/4.3.0/../../../../avr/lib/avr5/crtm168.o
                0x00000000000000a2                __vector_22
                0x00000000000000a2                __vector_1
                0x00000000000000a2                __vector_24
                0x00000000000000a2                __vector_12
                0x00000000000000a2                __bad_interrupt
                0x00000000000000a2                __vector_6
                0x00000000000000a2                __vector_3
                0x00000000000000a2                __vector_23
                0x00000000000000a2                __vector_25
                0x00000000000000a2                __vector_11
                0x00000000000000a2                __vector_13
                0x00000000000000a2                __vector_17
                0x00000000000000a2                __vector_19
                0x00000000000000a2                __vector_7
                0x00000000000000a2                __vector_5
                0x00000000000000a2                __vector_4
                0x00000000000000a2                __vector_9
                0x00000000000000a2                __vector_2
                0x00000000000000a2                __vector_21
                0x00000000000000a2                __vector_15
                0x00000000000000a2                __vector_8
                0x00000000000000a2                __vector_14
                0x00000000000000a2                __vector_10
                0x00000000000000a2                __vector_16
                0x00000000000000a2                __vector_18
                0x00000000000000a2                __vector_20
 .text          0x00000000000000a6      0x1ec main.o
                0x0000000000000278                verify_password
                0x00000000000000a6                adc
                0x00000000000000fc                init_adc
                0x0000000000000116                main
 .text          0x0000000000000292      0x606 ip_arp_udp.o
                0x000000000000055c                make_udp_reply_from_request
                0x00000000000006b0                udp_test_sender
                0x000000000000045e                send_node02_udp
                0x000000000000034e                init_ip_arp_udp
                0x00000000000003c4                eth_type_is_ip_and_my_ip
                0x000000000000038e                eth_type_is_arp_and_my_ip
                0x000000000000041c                make_ip
                0x00000000000005fa                make_echo_reply_from_request
                0x0000000000000402                make_eth
                0x0000000000000648                make_arp_answer_from_request
                0x0000000000000292                checksum
 .text          0x0000000000000898      0x4a8 enc28j60.o
                0x00000000000008dc                enc28j60ReadBuffer
                0x000000000000093e                enc28j60SetBank
                0x0000000000000bb8                enc28j60Init
                0x00000000000008c2                enc28j60WriteOp
                0x0000000000000994                enc28j60Read
                0x0000000000000912                enc28j60WriteBuffer
                0x00000000000009d2                enc28j60PhyWrite
                0x0000000000000a0c                enc28j60getrev
                0x0000000000000aca                enc28j60PacketReceive
                0x0000000000000898                enc28j60ReadOp
                0x00000000000009a8                enc28j60Write
                0x0000000000000a14                enc28j60PacketSend
 .text          0x0000000000000d40       0x30 timeout.o
                0x0000000000000d6c                wd_kick
                0x0000000000000d54                wd_init
                0x0000000000000d40                delay_ms
 .text          0x0000000000000d70        0x0 /usr/lib/gcc/avr/4.3.0/avr5/libgcc.a(_prologue.o)
 .text          0x0000000000000d70        0x0 /usr/lib/gcc/avr/4.3.0/avr5/libgcc.a(_epilogue.o)
 .text          0x0000000000000d70        0x0 /usr/lib/gcc/avr/4.3.0/avr5/libgcc.a(_exit.o)
 .text          0x0000000000000d70        0x0 /usr/lib/gcc/avr/4.3.0/avr5/libgcc.a(_copy_data.o)
 .text          0x0000000000000d70        0x0 /usr/lib/gcc/avr/4.3.0/avr5/libgcc.a(_clear_bss.o)
 .text          0x0000000000000d70       0x1c /usr/lib/gcc/avr/4.3.0/../../../../avr/lib/avr5/libc.a(strncmp.o)
                0x0000000000000d70                strncmp
 .text          0x0000000000000d8c       0x46 /usr/lib/gcc/avr/4.3.0/../../../../avr/lib/avr5/libc.a(sprintf.o)
                0x0000000000000d8c                sprintf
 .text          0x0000000000000dd2      0x3be /usr/lib/gcc/avr/4.3.0/../../../../avr/lib/avr5/libc.a(vfprintf_std.o)
                0x0000000000000dd2                vfprintf
 .text          0x0000000000001190       0x16 /usr/lib/gcc/avr/4.3.0/../../../../avr/lib/avr5/libc.a(strnlen_P.o)
                0x0000000000001190                strnlen_P
 .text          0x00000000000011a6       0x16 /usr/lib/gcc/avr/4.3.0/../../../../avr/lib/avr5/libc.a(strnlen.o)
                0x00000000000011a6                strnlen
 .text          0x00000000000011bc       0x58 /usr/lib/gcc/avr/4.3.0/../../../../avr/lib/avr5/libc.a(fputc.o)
                0x00000000000011bc                fputc
 .text          0x0000000000001214       0xbc /usr/lib/gcc/avr/4.3.0/../../../../avr/lib/avr5/libc.a(ultoa_invert.o)
                0x0000000000001214                __ultoa_invert
                0x00000000000012d0                . = ALIGN (0x2)
 *(.text.*)
 .text.libgcc   0x00000000000012d0       0x38 /usr/lib/gcc/avr/4.3.0/avr5/libgcc.a(_prologue.o)
                0x00000000000012d0                __prologue_saves__
 .text.libgcc   0x0000000000001308       0x36 /usr/lib/gcc/avr/4.3.0/avr5/libgcc.a(_epilogue.o)
                0x0000000000001308                __epilogue_restores__
 .text.libgcc   0x000000000000133e        0x0 /usr/lib/gcc/avr/4.3.0/avr5/libgcc.a(_exit.o)
 .text.libgcc   0x000000000000133e        0x0 /usr/lib/gcc/avr/4.3.0/avr5/libgcc.a(_copy_data.o)
 .text.libgcc   0x000000000000133e        0x0 /usr/lib/gcc/avr/4.3.0/avr5/libgcc.a(_clear_bss.o)
                0x000000000000133e                . = ALIGN (0x2)
 *(.fini9)
 .fini9         0x000000000000133e        0x0 /usr/lib/gcc/avr/4.3.0/avr5/libgcc.a(_exit.o)
                0x000000000000133e                exit
                0x000000000000133e                _exit
 *(.fini9)
 *(.fini8)
 *(.fini8)
 *(.fini7)
 *(.fini7)
 *(.fini6)
 *(.fini6)
 *(.fini5)
 *(.fini5)
 *(.fini4)
 *(.fini4)
 *(.fini3)
 *(.fini3)
 *(.fini2)
 *(.fini2)
 *(.fini1)
 *(.fini1)
 *(.fini0)
 .fini0         0x000000000000133e        0x4 /usr/lib/gcc/avr/4.3.0/avr5/libgcc.a(_exit.o)
 *(.fini0)
                0x0000000000001342                _etext = .

.data           0x0000000000800100       0x24 load address 0x0000000000001342
                0x0000000000800100                PROVIDE (__data_start, .)
 *(.data)
 .data          0x0000000000800100        0x0 /usr/lib/gcc/avr/4.3.0/../../../../avr/lib/avr5/crtm168.o
 .data          0x0000000000800100       0x1a main.o
 .data          0x000000000080011a        0xa ip_arp_udp.o
 .data          0x0000000000800124        0x0 enc28j60.o
 .data          0x0000000000800124        0x0 timeout.o
 .data          0x0000000000800124        0x0 /usr/lib/gcc/avr/4.3.0/avr5/libgcc.a(_prologue.o)
 .data          0x0000000000800124        0x0 /usr/lib/gcc/avr/4.3.0/avr5/libgcc.a(_epilogue.o)
 .data          0x0000000000800124        0x0 /usr/lib/gcc/avr/4.3.0/avr5/libgcc.a(_exit.o)
 .data          0x0000000000800124        0x0 /usr/lib/gcc/avr/4.3.0/avr5/libgcc.a(_copy_data.o)
 .data          0x0000000000800124        0x0 /usr/lib/gcc/avr/4.3.0/avr5/libgcc.a(_clear_bss.o)
 .data          0x0000000000800124        0x0 /usr/lib/gcc/avr/4.3.0/../../../../avr/lib/avr5/libc.a(strncmp.o)
 .data          0x0000000000800124        0x0 /usr/lib/gcc/avr/4.3.0/../../../../avr/lib/avr5/libc.a(sprintf.o)
 .data          0x0000000000800124        0x0 /usr/lib/gcc/avr/4.3.0/../../../../avr/lib/avr5/libc.a(vfprintf_std.o)
 .data          0x0000000000800124        0x0 /usr/lib/gcc/avr/4.3.0/../../../../avr/lib/avr5/libc.a(strnlen_P.o)
 .data          0x0000000000800124        0x0 /usr/lib/gcc/avr/4.3.0/../../../../avr/lib/avr5/libc.a(strnlen.o)
 .data          0x0000000000800124        0x0 /usr/lib/gcc/avr/4.3.0/../../../../avr/lib/avr5/libc.a(fputc.o)
 .data          0x0000000000800124        0x0 /usr/lib/gcc/avr/4.3.0/../../../../avr/lib/avr5/libc.a(ultoa_invert.o)
 *(.data*)
 *(.rodata)
 *(.rodata*)
 *(.gnu.linkonce.d*)
                0x0000000000800124                . = ALIGN (0x2)
                0x0000000000800124                _edata = .
                0x0000000000800124                PROVIDE (__data_end, .)

.bss            0x0000000000800124      0x108 load address 0x0000000000001366
                0x0000000000800124                PROVIDE (__bss_start, .)
 *(.bss)
 .bss           0x0000000000800124        0x0 /usr/lib/gcc/avr/4.3.0/../../../../avr/lib/avr5/crtm168.o
 .bss           0x0000000000800124       0xfb main.o
 .bss           0x000000000080021f        0xa ip_arp_udp.o
 .bss           0x0000000000800229        0x3 enc28j60.o
 .bss           0x000000000080022c        0x0 timeout.o
 .bss           0x000000000080022c        0x0 /usr/lib/gcc/avr/4.3.0/avr5/libgcc.a(_prologue.o)
 .bss           0x000000000080022c        0x0 /usr/lib/gcc/avr/4.3.0/avr5/libgcc.a(_epilogue.o)
 .bss           0x000000000080022c        0x0 /usr/lib/gcc/avr/4.3.0/avr5/libgcc.a(_exit.o)
 .bss           0x000000000080022c        0x0 /usr/lib/gcc/avr/4.3.0/avr5/libgcc.a(_copy_data.o)
 .bss           0x000000000080022c        0x0 /usr/lib/gcc/avr/4.3.0/avr5/libgcc.a(_clear_bss.o)
 .bss           0x000000000080022c        0x0 /usr/lib/gcc/avr/4.3.0/../../../../avr/lib/avr5/libc.a(strncmp.o)
 .bss           0x000000000080022c        0x0 /usr/lib/gcc/avr/4.3.0/../../../../avr/lib/avr5/libc.a(sprintf.o)
 .bss           0x000000000080022c        0x0 /usr/lib/gcc/avr/4.3.0/../../../../avr/lib/avr5/libc.a(vfprintf_std.o)
 .bss           0x000000000080022c        0x0 /usr/lib/gcc/avr/4.3.0/../../../../avr/lib/avr5/libc.a(strnlen_P.o)
 .bss           0x000000000080022c        0x0 /usr/lib/gcc/avr/4.3.0/../../../../avr/lib/avr5/libc.a(strnlen.o)
 .bss           0x000000000080022c        0x0 /usr/lib/gcc/avr/4.3.0/../../../../avr/lib/avr5/libc.a(fputc.o)
 .bss           0x000000000080022c        0x0 /usr/lib/gcc/avr/4.3.0/../../../../avr/lib/avr5/libc.a(ultoa_invert.o)
 *(.bss*)
 *(COMMON)
                0x000000000080022c                PROVIDE (__bss_end, .)
                0x0000000000001342                __data_load_start = LOADADDR (.data)
                0x0000000000001366                __data_load_end = (__data_load_start + SIZEOF (.data))

.noinit         0x000000000080022c        0x0
                0x000000000080022c                PROVIDE (__noinit_start, .)
 *(.noinit*)
                0x000000000080022c                PROVIDE (__noinit_end, .)
                0x000000000080022c                _end = .
                0x000000000080022c                PROVIDE (__heap_start, .)

.eeprom         0x0000000000810000        0x0
 *(.eeprom*)
                0x0000000000810000                __eeprom_end = .

.fuse
 *(.fuse)
 *(.lfuse)
 *(.hfuse)
 *(.efuse)

.lock
 *(.lock*)

.signature
 *(.signature*)

.stab           0x0000000000000000     0x4434
 *(.stab)
 .stab          0x0000000000000000      0x6b4 /usr/lib/gcc/avr/4.3.0/../../../../avr/lib/avr5/crtm168.o
 .stab          0x00000000000006b4      0x864 main.o
                                        0x870 (size before relaxing)
 .stab          0x0000000000000f18      0xe34 ip_arp_udp.o
                                        0xff0 (size before relaxing)
 .stab          0x0000000000001d4c      0xe58 enc28j60.o
                                       0x1014 (size before relaxing)
 .stab          0x0000000000002ba4      0x318 timeout.o
                                        0x4ec (size before relaxing)
 .stab          0x0000000000002ebc       0xc0 /usr/lib/gcc/avr/4.3.0/../../../../avr/lib/avr5/libc.a(strncmp.o)
                                         0xcc (size before relaxing)
 .stab          0x0000000000002f7c      0x390 /usr/lib/gcc/avr/4.3.0/../../../../avr/lib/avr5/libc.a(sprintf.o)
                                        0x3d8 (size before relaxing)
 .stab          0x000000000000330c      0x99c /usr/lib/gcc/avr/4.3.0/../../../../avr/lib/avr5/libc.a(vfprintf_std.o)
                                        0xb7c (size before relaxing)
 .stab          0x0000000000003ca8       0x9c /usr/lib/gcc/avr/4.3.0/../../../../avr/lib/avr5/libc.a(strnlen_P.o)
                                         0xa8 (size before relaxing)
 .stab          0x0000000000003d44       0x9c /usr/lib/gcc/avr/4.3.0/../../../../avr/lib/avr5/libc.a(strnlen.o)
                                         0xa8 (size before relaxing)
 .stab          0x0000000000003de0      0x1d4 /usr/lib/gcc/avr/4.3.0/../../../../avr/lib/avr5/libc.a(fputc.o)
                                        0x3b4 (size before relaxing)
 .stab          0x0000000000003fb4      0x480 /usr/lib/gcc/avr/4.3.0/../../../../avr/lib/avr5/libc.a(ultoa_invert.o)
                                        0x48c (size before relaxing)

.stabstr        0x0000000000000000     0x18cc
 *(.stabstr)
 .stabstr       0x0000000000000000     0x18cc /usr/lib/gcc/avr/4.3.0/../../../../avr/lib/avr5/crtm168.o

.stab.excl
 *(.stab.excl)

.stab.exclstr
 *(.stab.exclstr)

.stab.index
 *(.stab.index)

.stab.indexstr
 *(.stab.indexstr)

.comment
 *(.comment)

.debug
 *(.debug)

.line
 *(.line)

.debug_srcinfo
 *(.debug_srcinfo)

.debug_sfnames
 *(.debug_sfnames)

.debug_aranges
 *(.debug_aranges)

.debug_pubnames
 *(.debug_pubnames)

.debug_info
 *(.debug_info)
 *(.gnu.linkonce.wi.*)

.debug_abbrev
 *(.debug_abbrev)

.debug_line
 *(.debug_line)

.debug_frame
 *(.debug_frame)

.debug_str
 *(.debug_str)

.debug_loc
 *(.debug_loc)

.debug_macinfo
 *(.debug_macinfo)
OUTPUT(eth_rem_dev.out elf32-avr)
LOAD linker stubs
